21:24:27 **** Incremental Build of configuration Debug for project Energy_Data_Aquisition_With_Custom_Dsp ****
make -j8 all 
arm-none-eabi-gcc "../Energy_monitor/src/adc_dma_driver.c" -mcpu=cortex-m4 -std=gnu11 -g3 -DDEBUG -DSTM32 -DSTM32F4 -DSTM32F446RETx -DNUCLEO_F446RE -c -I../Inc -I"C:/Users/KICHU/Desktop/EMBEDDED_SYSTEM_D/EMBEDDED_SYSTEM/STM32-M4/Energy_Data_Aquisition_With_Custom_Dsp/Energy_monitor/inc" -O0 -ffunction-sections -fdata-sections -Wall -fstack-usage -fcyclomatic-complexity -MMD -MP -MF"Energy_monitor/src/adc_dma_driver.d" -MT"Energy_monitor/src/adc_dma_driver.o" --specs=nano.specs -mfpu=fpv4-sp-d16 -mfloat-abi=hard -mthumb -o "Energy_monitor/src/adc_dma_driver.o"
arm-none-eabi-gcc "../Energy_monitor/src/energy_meter.c" -mcpu=cortex-m4 -std=gnu11 -g3 -DDEBUG -DSTM32 -DSTM32F4 -DSTM32F446RETx -DNUCLEO_F446RE -c -I../Inc -I"C:/Users/KICHU/Desktop/EMBEDDED_SYSTEM_D/EMBEDDED_SYSTEM/STM32-M4/Energy_Data_Aquisition_With_Custom_Dsp/Energy_monitor/inc" -O0 -ffunction-sections -fdata-sections -Wall -fstack-usage -fcyclomatic-complexity -MMD -MP -MF"Energy_monitor/src/energy_meter.d" -MT"Energy_monitor/src/energy_meter.o" --specs=nano.specs -mfpu=fpv4-sp-d16 -mfloat-abi=hard -mthumb -o "Energy_monitor/src/energy_meter.o"
arm-none-eabi-gcc "../Energy_monitor/src/fonts.c" -mcpu=cortex-m4 -std=gnu11 -g3 -DDEBUG -DSTM32 -DSTM32F4 -DSTM32F446RETx -DNUCLEO_F446RE -c -I../Inc -I"C:/Users/KICHU/Desktop/EMBEDDED_SYSTEM_D/EMBEDDED_SYSTEM/STM32-M4/Energy_Data_Aquisition_With_Custom_Dsp/Energy_monitor/inc" -O0 -ffunction-sections -fdata-sections -Wall -fstack-usage -fcyclomatic-complexity -MMD -MP -MF"Energy_monitor/src/fonts.d" -MT"Energy_monitor/src/fonts.o" --specs=nano.specs -mfpu=fpv4-sp-d16 -mfloat-abi=hard -mthumb -o "Energy_monitor/src/fonts.o"
arm-none-eabi-gcc "../Energy_monitor/src/i2c_driver.c" -mcpu=cortex-m4 -std=gnu11 -g3 -DDEBUG -DSTM32 -DSTM32F4 -DSTM32F446RETx -DNUCLEO_F446RE -c -I../Inc -I"C:/Users/KICHU/Desktop/EMBEDDED_SYSTEM_D/EMBEDDED_SYSTEM/STM32-M4/Energy_Data_Aquisition_With_Custom_Dsp/Energy_monitor/inc" -O0 -ffunction-sections -fdata-sections -Wall -fstack-usage -fcyclomatic-complexity -MMD -MP -MF"Energy_monitor/src/i2c_driver.d" -MT"Energy_monitor/src/i2c_driver.o" --specs=nano.specs -mfpu=fpv4-sp-d16 -mfloat-abi=hard -mthumb -o "Energy_monitor/src/i2c_driver.o"
arm-none-eabi-gcc "../Energy_monitor/src/main.c" -mcpu=cortex-m4 -std=gnu11 -g3 -DDEBUG -DSTM32 -DSTM32F4 -DSTM32F446RETx -DNUCLEO_F446RE -c -I../Inc -I"C:/Users/KICHU/Desktop/EMBEDDED_SYSTEM_D/EMBEDDED_SYSTEM/STM32-M4/Energy_Data_Aquisition_With_Custom_Dsp/Energy_monitor/inc" -O0 -ffunction-sections -fdata-sections -Wall -fstack-usage -fcyclomatic-complexity -MMD -MP -MF"Energy_monitor/src/main.d" -MT"Energy_monitor/src/main.o" --specs=nano.specs -mfpu=fpv4-sp-d16 -mfloat-abi=hard -mthumb -o "Energy_monitor/src/main.o"
arm-none-eabi-gcc "../Energy_monitor/src/ssd1306.c" -mcpu=cortex-m4 -std=gnu11 -g3 -DDEBUG -DSTM32 -DSTM32F4 -DSTM32F446RETx -DNUCLEO_F446RE -c -I../Inc -I"C:/Users/KICHU/Desktop/EMBEDDED_SYSTEM_D/EMBEDDED_SYSTEM/STM32-M4/Energy_Data_Aquisition_With_Custom_Dsp/Energy_monitor/inc" -O0 -ffunction-sections -fdata-sections -Wall -fstack-usage -fcyclomatic-complexity -MMD -MP -MF"Energy_monitor/src/ssd1306.d" -MT"Energy_monitor/src/ssd1306.o" --specs=nano.specs -mfpu=fpv4-sp-d16 -mfloat-abi=hard -mthumb -o "Energy_monitor/src/ssd1306.o"
arm-none-eabi-gcc "../Energy_monitor/src/syscalls.c" -mcpu=cortex-m4 -std=gnu11 -g3 -DDEBUG -DSTM32 -DSTM32F4 -DSTM32F446RETx -DNUCLEO_F446RE -c -I../Inc -I"C:/Users/KICHU/Desktop/EMBEDDED_SYSTEM_D/EMBEDDED_SYSTEM/STM32-M4/Energy_Data_Aquisition_With_Custom_Dsp/Energy_monitor/inc" -O0 -ffunction-sections -fdata-sections -Wall -fstack-usage -fcyclomatic-complexity -MMD -MP -MF"Energy_monitor/src/syscalls.d" -MT"Energy_monitor/src/syscalls.o" --specs=nano.specs -mfpu=fpv4-sp-d16 -mfloat-abi=hard -mthumb -o "Energy_monitor/src/syscalls.o"
arm-none-eabi-gcc "../Energy_monitor/src/sysmem.c" -mcpu=cortex-m4 -std=gnu11 -g3 -DDEBUG -DSTM32 -DSTM32F4 -DSTM32F446RETx -DNUCLEO_F446RE -c -I../Inc -I"C:/Users/KICHU/Desktop/EMBEDDED_SYSTEM_D/EMBEDDED_SYSTEM/STM32-M4/Energy_Data_Aquisition_With_Custom_Dsp/Energy_monitor/inc" -O0 -ffunction-sections -fdata-sections -Wall -fstack-usage -fcyclomatic-complexity -MMD -MP -MF"Energy_monitor/src/sysmem.d" -MT"Energy_monitor/src/sysmem.o" --specs=nano.specs -mfpu=fpv4-sp-d16 -mfloat-abi=hard -mthumb -o "Energy_monitor/src/sysmem.o"
../Energy_monitor/src/fonts.c:74:35: warning: multi-line comment [-Wcomment]
   74 |     0x02, 0x04, 0x08, 0x10, 0x20, // \
      |                                   ^
arm-none-eabi-gcc "../Energy_monitor/src/timer_driver.c" -mcpu=cortex-m4 -std=gnu11 -g3 -DDEBUG -DSTM32 -DSTM32F4 -DSTM32F446RETx -DNUCLEO_F446RE -c -I../Inc -I"C:/Users/KICHU/Desktop/EMBEDDED_SYSTEM_D/EMBEDDED_SYSTEM/STM32-M4/Energy_Data_Aquisition_With_Custom_Dsp/Energy_monitor/inc" -O0 -ffunction-sections -fdata-sections -Wall -fstack-usage -fcyclomatic-complexity -MMD -MP -MF"Energy_monitor/src/timer_driver.d" -MT"Energy_monitor/src/timer_driver.o" --specs=nano.specs -mfpu=fpv4-sp-d16 -mfloat-abi=hard -mthumb -o "Energy_monitor/src/timer_driver.o"
arm-none-eabi-gcc "../Energy_monitor/src/uart_driver.c" -mcpu=cortex-m4 -std=gnu11 -g3 -DDEBUG -DSTM32 -DSTM32F4 -DSTM32F446RETx -DNUCLEO_F446RE -c -I../Inc -I"C:/Users/KICHU/Desktop/EMBEDDED_SYSTEM_D/EMBEDDED_SYSTEM/STM32-M4/Energy_Data_Aquisition_With_Custom_Dsp/Energy_monitor/inc" -O0 -ffunction-sections -fdata-sections -Wall -fstack-usage -fcyclomatic-complexity -MMD -MP -MF"Energy_monitor/src/uart_driver.d" -MT"Energy_monitor/src/uart_driver.o" --specs=nano.specs -mfpu=fpv4-sp-d16 -mfloat-abi=hard -mthumb -o "Energy_monitor/src/uart_driver.o"
arm-none-eabi-gcc -o "Energy_Data_Aquisition_With_Custom_Dsp.elf" @"objects.list"   -mcpu=cortex-m4 -T"C:\Users\KICHU\Desktop\EMBEDDED_SYSTEM_D\EMBEDDED_SYSTEM\STM32-M4\Energy_Data_Aquisition_With_Custom_Dsp\STM32F446RETX_FLASH.ld" --specs=nosys.specs -Wl,-Map="Energy_Data_Aquisition_With_Custom_Dsp.map" -Wl,--gc-sections -static --specs=nano.specs -mfpu=fpv4-sp-d16 -mfloat-abi=hard -mthumb -Wl,--start-group -lc -lm -Wl,--end-group
Finished building target: Energy_Data_Aquisition_With_Custom_Dsp.elf
 
arm-none-eabi-size  Energy_Data_Aquisition_With_Custom_Dsp.elf 
arm-none-eabi-objdump -h -S Energy_Data_Aquisition_With_Custom_Dsp.elf  > "Energy_Data_Aquisition_With_Custom_Dsp.list"
   text	   data	    bss	    dec	    hex	filename
   6464	     80	   3456	  10000	   2710	Energy_Data_Aquisition_With_Custom_Dsp.elf
Finished building: default.size.stdout
 
Finished building: Energy_Data_Aquisition_With_Custom_Dsp.list
 

21:24:32 Build Finished. 0 errors, 1 warnings. (took 5s.166ms)

