01:23:20 **** Incremental Build of configuration Debug for project Energy_aquisition_system ****
make -j8 all 
arm-none-eabi-gcc "../Src/main.c" -mcpu=cortex-m4 -std=gnu11 -g3 -DDEBUG -DSTM32 -DSTM32F4 -DSTM32F446RETx -DNUCLEO_F446RE -c -I../Inc -O0 -ffunction-sections -fdata-sections -Wall -fstack-usage -fcyclomatic-complexity -MMD -MP -MF"Src/main.d" -MT"Src/main.o" --specs=nano.specs -mfpu=fpv4-sp-d16 -mfloat-abi=hard -mthumb -o "Src/main.o"
arm-none-eabi-gcc -o "Energy_aquisition_system.elf" @"objects.list"   -mcpu=cortex-m4 -T"C:\Users\KICHU\Desktop\EMBEDDED_SYSTEM_D\EMBEDDED_SYSTEM\STM32-M4\Energy_aquisition_system\STM32F446RETX_FLASH.ld" --specs=nosys.specs -Wl,-Map="Energy_aquisition_system.map" -Wl,--gc-sections -static --specs=nano.specs -mfpu=fpv4-sp-d16 -mfloat-abi=hard -mthumb -Wl,--start-group -lc -lm -Wl,--end-group
Finished building target: Energy_aquisition_system.elf
 
arm-none-eabi-size  Energy_aquisition_system.elf 
arm-none-eabi-objdump -h -S Energy_aquisition_system.elf  > "Energy_aquisition_system.list"
   text	   data	    bss	    dec	    hex	filename
   5660	     84	   1876	   7620	   1dc4	Energy_aquisition_system.elf
Finished building: default.size.stdout
 
Finished building: Energy_aquisition_system.list
 

01:23:21 Build Finished. 0 errors, 0 warnings. (took 562ms)

