22:25:13 **** Build of configuration Debug for project Energy_Data_Aquisition_With_Custom_Dsp ****
make -j8 all 
arm-none-eabi-gcc -mcpu=cortex-m4 -g3 -DDEBUG -c -x assembler-with-cpp -MMD -MP -MF"Startup/startup_stm32f446retx.d" -MT"Startup/startup_stm32f446retx.o" --specs=nano.specs -mfpu=fpv4-sp-d16 -mfloat-abi=hard -mthumb -o "Startup/startup_stm32f446retx.o" "../Startup/startup_stm32f446retx.s"
arm-none-eabi-gcc "../Energy_monitor/src/adc_dma_driver.c" -mcpu=cortex-m4 -std=gnu11 -g3 -DDEBUG -DSTM32 -DSTM32F4 -DSTM32F446RETx -DNUCLEO_F446RE -c -I../Inc -I"C:/Users/KICHU/Desktop/EMBEDDED_SYSTEM_D/EMBEDDED_SYSTEM/STM32-M4/Energy_Data_Aquisition_With_Custom_Dsp/Energy_monitor/inc" -O0 -ffunction-sections -fdata-sections -Wall -fstack-usage -fcyclomatic-complexity -MMD -MP -MF"Energy_monitor/src/adc_dma_driver.d" -MT"Energy_monitor/src/adc_dma_driver.o" --specs=nano.specs -mfpu=fpv4-sp-d16 -mfloat-abi=hard -mthumb -o "Energy_monitor/src/adc_dma_driver.o"
arm-none-eabi-gcc "../Energy_monitor/src/energy_meter.c" -mcpu=cortex-m4 -std=gnu11 -g3 -DDEBUG -DSTM32 -DSTM32F4 -DSTM32F446RETx -DNUCLEO_F446RE -c -I../Inc -I"C:/Users/KICHU/Desktop/EMBEDDED_SYSTEM_D/EMBEDDED_SYSTEM/STM32-M4/Energy_Data_Aquisition_With_Custom_Dsp/Energy_monitor/inc" -O0 -ffunction-sections -fdata-sections -Wall -fstack-usage -fcyclomatic-complexity -MMD -MP -MF"Energy_monitor/src/energy_meter.d" -MT"Energy_monitor/src/energy_meter.o" --specs=nano.specs -mfpu=fpv4-sp-d16 -mfloat-abi=hard -mthumb -o "Energy_monitor/src/energy_meter.o"
arm-none-eabi-gcc "../Energy_monitor/src/fonts.c" -mcpu=cortex-m4 -std=gnu11 -g3 -DDEBUG -DSTM32 -DSTM32F4 -DSTM32F446RETx -DNUCLEO_F446RE -c -I../Inc -I"C:/Users/KICHU/Desktop/EMBEDDED_SYSTEM_D/EMBEDDED_SYSTEM/STM32-M4/Energy_Data_Aquisition_With_Custom_Dsp/Energy_monitor/inc" -O0 -ffunction-sections -fdata-sections -Wall -fstack-usage -fcyclomatic-complexity -MMD -MP -MF"Energy_monitor/src/fonts.d" -MT"Energy_monitor/src/fonts.o" --specs=nano.specs -mfpu=fpv4-sp-d16 -mfloat-abi=hard -mthumb -o "Energy_monitor/src/fonts.o"
arm-none-eabi-gcc "../Energy_monitor/src/i2c_driver.c" -mcpu=cortex-m4 -std=gnu11 -g3 -DDEBUG -DSTM32 -DSTM32F4 -DSTM32F446RETx -DNUCLEO_F446RE -c -I../Inc -I"C:/Users/KICHU/Desktop/EMBEDDED_SYSTEM_D/EMBEDDED_SYSTEM/STM32-M4/Energy_Data_Aquisition_With_Custom_Dsp/Energy_monitor/inc" -O0 -ffunction-sections -fdata-sections -Wall -fstack-usage -fcyclomatic-complexity -MMD -MP -MF"Energy_monitor/src/i2c_driver.d" -MT"Energy_monitor/src/i2c_driver.o" --specs=nano.specs -mfpu=fpv4-sp-d16 -mfloat-abi=hard -mthumb -o "Energy_monitor/src/i2c_driver.o"
arm-none-eabi-gcc "../Energy_monitor/src/main.c" -mcpu=cortex-m4 -std=gnu11 -g3 -DDEBUG -DSTM32 -DSTM32F4 -DSTM32F446RETx -DNUCLEO_F446RE -c -I../Inc -I"C:/Users/KICHU/Desktop/EMBEDDED_SYSTEM_D/EMBEDDED_SYSTEM/STM32-M4/Energy_Data_Aquisition_With_Custom_Dsp/Energy_monitor/inc" -O0 -ffunction-sections -fdata-sections -Wall -fstack-usage -fcyclomatic-complexity -MMD -MP -MF"Energy_monitor/src/main.d" -MT"Energy_monitor/src/main.o" --specs=nano.specs -mfpu=fpv4-sp-d16 -mfloat-abi=hard -mthumb -o "Energy_monitor/src/main.o"
arm-none-eabi-gcc "../Energy_monitor/src/ssd1306.c" -mcpu=cortex-m4 -std=gnu11 -g3 -DDEBUG -DSTM32 -DSTM32F4 -DSTM32F446RETx -DNUCLEO_F446RE -c -I../Inc -I"C:/Users/KICHU/Desktop/EMBEDDED_SYSTEM_D/EMBEDDED_SYSTEM/STM32-M4/Energy_Data_Aquisition_With_Custom_Dsp/Energy_monitor/inc" -O0 -ffunction-sections -fdata-sections -Wall -fstack-usage -fcyclomatic-complexity -MMD -MP -MF"Energy_monitor/src/ssd1306.d" -MT"Energy_monitor/src/ssd1306.o" --specs=nano.specs -mfpu=fpv4-sp-d16 -mfloat-abi=hard -mthumb -o "Energy_monitor/src/ssd1306.o"
arm-none-eabi-gcc "../Energy_monitor/src/syscalls.c" -mcpu=cortex-m4 -std=gnu11 -g3 -DDEBUG -DSTM32 -DSTM32F4 -DSTM32F446RETx -DNUCLEO_F446RE -c -I../Inc -I"C:/Users/KICHU/Desktop/EMBEDDED_SYSTEM_D/EMBEDDED_SYSTEM/STM32-M4/Energy_Data_Aquisition_With_Custom_Dsp/Energy_monitor/inc" -O0 -ffunction-sections -fdata-sections -Wall -fstack-usage -fcyclomatic-complexity -MMD -MP -MF"Energy_monitor/src/syscalls.d" -MT"Energy_monitor/src/syscalls.o" --specs=nano.specs -mfpu=fpv4-sp-d16 -mfloat-abi=hard -mthumb -o "Energy_monitor/src/syscalls.o"
../Energy_monitor/src/fonts.c:64:35: warning: multi-line comment [-Wcomment]
   64 |     0x02, 0x04, 0x08, 0x10, 0x20, // \
      |                                   ^
../Energy_monitor/src/main.c: In function 'main':
../Energy_monitor/src/main.c:18:5: warning: implicit declaration of function 'I2C1_Init'; did you mean 'I2C_Init'? [-Wimplicit-function-declaration]
   18 |     I2C1_Init();
      |     ^~~~~~~~~
      |     I2C_Init
../Energy_monitor/src/ssd1306.c: In function 'SSD1306_Init':
../Energy_monitor/src/ssd1306.c:23:39: warning: implicit declaration of function 'I2C1_Write'; did you mean 'I2C_Init'? [-Wimplicit-function-declaration]
   23 |     for(int i=0; i<sizeof(cmds); i++) I2C1_Write(SSD1306_ADDR, 0x00, cmds[i]);
      |                                       ^~~~~~~~~~
      |                                       I2C_Init
../Energy_monitor/src/ssd1306.c: In function 'SSD1306_Update':
../Energy_monitor/src/ssd1306.c:35:9: warning: implicit declaration of function 'I2C1_WriteMulti' [-Wimplicit-function-declaration]
   35 |         I2C1_WriteMulti(SSD1306_ADDR, 0x40, &OLED_Buffer[128*i], 128);
      |         ^~~~~~~~~~~~~~~
../Energy_monitor/src/energy_meter.c: In function 'Hardware_Init':
../Energy_monitor/src/energy_meter.c:38:5: warning: implicit declaration of function 'I2C1_Init'; did you mean 'I2C_Init'? [-Wimplicit-function-declaration]
   38 |     I2C1_Init();
      |     ^~~~~~~~~
      |     I2C_Init
../Energy_monitor/src/energy_meter.c: In function 'Accumulate_Data':
../Energy_monitor/src/energy_meter.c:200:9: warning: this 'if' clause does not guard... [-Wmisleading-indentation]
  200 |         if(e_dec<100) UART2_SendString("0"); if(e_dec<10) UART2_SendString("0"); UART2_SendNumber(e_dec);
      |         ^~
../Energy_monitor/src/energy_meter.c:200:46: note: ...this statement, but the latter is misleadingly indented as if it were guarded by the 'if'
  200 |         if(e_dec<100) UART2_SendString("0"); if(e_dec<10) UART2_SendString("0"); UART2_SendNumber(e_dec);
      |                                              ^~
arm-none-eabi-gcc "../Energy_monitor/src/sysmem.c" -mcpu=cortex-m4 -std=gnu11 -g3 -DDEBUG -DSTM32 -DSTM32F4 -DSTM32F446RETx -DNUCLEO_F446RE -c -I../Inc -I"C:/Users/KICHU/Desktop/EMBEDDED_SYSTEM_D/EMBEDDED_SYSTEM/STM32-M4/Energy_Data_Aquisition_With_Custom_Dsp/Energy_monitor/inc" -O0 -ffunction-sections -fdata-sections -Wall -fstack-usage -fcyclomatic-complexity -MMD -MP -MF"Energy_monitor/src/sysmem.d" -MT"Energy_monitor/src/sysmem.o" --specs=nano.specs -mfpu=fpv4-sp-d16 -mfloat-abi=hard -mthumb -o "Energy_monitor/src/sysmem.o"
arm-none-eabi-gcc "../Energy_monitor/src/timer_driver.c" -mcpu=cortex-m4 -std=gnu11 -g3 -DDEBUG -DSTM32 -DSTM32F4 -DSTM32F446RETx -DNUCLEO_F446RE -c -I../Inc -I"C:/Users/KICHU/Desktop/EMBEDDED_SYSTEM_D/EMBEDDED_SYSTEM/STM32-M4/Energy_Data_Aquisition_With_Custom_Dsp/Energy_monitor/inc" -O0 -ffunction-sections -fdata-sections -Wall -fstack-usage -fcyclomatic-complexity -MMD -MP -MF"Energy_monitor/src/timer_driver.d" -MT"Energy_monitor/src/timer_driver.o" --specs=nano.specs -mfpu=fpv4-sp-d16 -mfloat-abi=hard -mthumb -o "Energy_monitor/src/timer_driver.o"
arm-none-eabi-gcc "../Energy_monitor/src/uart_driver.c" -mcpu=cortex-m4 -std=gnu11 -g3 -DDEBUG -DSTM32 -DSTM32F4 -DSTM32F446RETx -DNUCLEO_F446RE -c -I../Inc -I"C:/Users/KICHU/Desktop/EMBEDDED_SYSTEM_D/EMBEDDED_SYSTEM/STM32-M4/Energy_Data_Aquisition_With_Custom_Dsp/Energy_monitor/inc" -O0 -ffunction-sections -fdata-sections -Wall -fstack-usage -fcyclomatic-complexity -MMD -MP -MF"Energy_monitor/src/uart_driver.d" -MT"Energy_monitor/src/uart_driver.o" --specs=nano.specs -mfpu=fpv4-sp-d16 -mfloat-abi=hard -mthumb -o "Energy_monitor/src/uart_driver.o"
arm-none-eabi-gcc -o "Energy_Data_Aquisition_With_Custom_Dsp.elf" @"objects.list"   -mcpu=cortex-m4 -T"C:\Users\KICHU\Desktop\EMBEDDED_SYSTEM_D\EMBEDDED_SYSTEM\STM32-M4\Energy_Data_Aquisition_With_Custom_Dsp\STM32F446RETX_FLASH.ld" --specs=nosys.specs -Wl,-Map="Energy_Data_Aquisition_With_Custom_Dsp.map" -Wl,--gc-sections -static --specs=nano.specs -mfpu=fpv4-sp-d16 -mfloat-abi=hard -mthumb -Wl,--start-group -lc -lm -Wl,--end-group
Finished building target: Energy_Data_Aquisition_With_Custom_Dsp.elf
 
arm-none-eabi-size  Energy_Data_Aquisition_With_Custom_Dsp.elf 
arm-none-eabi-objdump -h -S Energy_Data_Aquisition_With_Custom_Dsp.elf  > "Energy_Data_Aquisition_With_Custom_Dsp.list"
   text	   data	    bss	    dec	    hex	filename
   5584	     88	   3456	   9128	   23a8	Energy_Data_Aquisition_With_Custom_Dsp.elf
Finished building: default.size.stdout
 
Finished building: Energy_Data_Aquisition_With_Custom_Dsp.list
 
22:25:28 **** Incremental Build of configuration Debug for project Energy_Data_Aquisition_With_Custom_Dsp ****
make -j8 all 
arm-none-eabi-size  Energy_Data_Aquisition_With_Custom_Dsp.elf 
   text	   data	    bss	    dec	    hex	filename
   5584	     88	   3456	   9128	   23a8	Energy_Data_Aquisition_With_Custom_Dsp.elf
Finished building: default.size.stdout
 
22:31:15 **** Incremental Build of configuration Debug for project Energy_Data_Aquisition_With_Custom_Dsp ****
make -j8 all 
arm-none-eabi-size  Energy_Data_Aquisition_With_Custom_Dsp.elf 
   text	   data	    bss	    dec	    hex	filename
   5584	     88	   3456	   9128	   23a8	Energy_Data_Aquisition_With_Custom_Dsp.elf
Finished building: default.size.stdout
 
23:08:00 **** Incremental Build of configuration Debug for project Energy_Data_Aquisition_With_Custom_Dsp ****
make -j8 all 
arm-none-eabi-gcc "../Energy_monitor/src/adc_dma_driver.c" -mcpu=cortex-m4 -std=gnu11 -g3 -DDEBUG -DSTM32 -DSTM32F4 -DSTM32F446RETx -DNUCLEO_F446RE -c -I../Inc -I"C:/Users/KICHU/Desktop/EMBEDDED_SYSTEM_D/EMBEDDED_SYSTEM/STM32-M4/Energy_Data_Aquisition_With_Custom_Dsp/Energy_monitor/inc" -O0 -ffunction-sections -fdata-sections -Wall -fstack-usage -fcyclomatic-complexity -MMD -MP -MF"Energy_monitor/src/adc_dma_driver.d" -MT"Energy_monitor/src/adc_dma_driver.o" --specs=nano.specs -mfpu=fpv4-sp-d16 -mfloat-abi=hard -mthumb -o "Energy_monitor/src/adc_dma_driver.o"
arm-none-eabi-gcc "../Energy_monitor/src/energy_meter.c" -mcpu=cortex-m4 -std=gnu11 -g3 -DDEBUG -DSTM32 -DSTM32F4 -DSTM32F446RETx -DNUCLEO_F446RE -c -I../Inc -I"C:/Users/KICHU/Desktop/EMBEDDED_SYSTEM_D/EMBEDDED_SYSTEM/STM32-M4/Energy_Data_Aquisition_With_Custom_Dsp/Energy_monitor/inc" -O0 -ffunction-sections -fdata-sections -Wall -fstack-usage -fcyclomatic-complexity -MMD -MP -MF"Energy_monitor/src/energy_meter.d" -MT"Energy_monitor/src/energy_meter.o" --specs=nano.specs -mfpu=fpv4-sp-d16 -mfloat-abi=hard -mthumb -o "Energy_monitor/src/energy_meter.o"
arm-none-eabi-gcc "../Energy_monitor/src/i2c_driver.c" -mcpu=cortex-m4 -std=gnu11 -g3 -DDEBUG -DSTM32 -DSTM32F4 -DSTM32F446RETx -DNUCLEO_F446RE -c -I../Inc -I"C:/Users/KICHU/Desktop/EMBEDDED_SYSTEM_D/EMBEDDED_SYSTEM/STM32-M4/Energy_Data_Aquisition_With_Custom_Dsp/Energy_monitor/inc" -O0 -ffunction-sections -fdata-sections -Wall -fstack-usage -fcyclomatic-complexity -MMD -MP -MF"Energy_monitor/src/i2c_driver.d" -MT"Energy_monitor/src/i2c_driver.o" --specs=nano.specs -mfpu=fpv4-sp-d16 -mfloat-abi=hard -mthumb -o "Energy_monitor/src/i2c_driver.o"
arm-none-eabi-gcc "../Energy_monitor/src/main.c" -mcpu=cortex-m4 -std=gnu11 -g3 -DDEBUG -DSTM32 -DSTM32F4 -DSTM32F446RETx -DNUCLEO_F446RE -c -I../Inc -I"C:/Users/KICHU/Desktop/EMBEDDED_SYSTEM_D/EMBEDDED_SYSTEM/STM32-M4/Energy_Data_Aquisition_With_Custom_Dsp/Energy_monitor/inc" -O0 -ffunction-sections -fdata-sections -Wall -fstack-usage -fcyclomatic-complexity -MMD -MP -MF"Energy_monitor/src/main.d" -MT"Energy_monitor/src/main.o" --specs=nano.specs -mfpu=fpv4-sp-d16 -mfloat-abi=hard -mthumb -o "Energy_monitor/src/main.o"
arm-none-eabi-gcc "../Energy_monitor/src/ssd1306.c" -mcpu=cortex-m4 -std=gnu11 -g3 -DDEBUG -DSTM32 -DSTM32F4 -DSTM32F446RETx -DNUCLEO_F446RE -c -I../Inc -I"C:/Users/KICHU/Desktop/EMBEDDED_SYSTEM_D/EMBEDDED_SYSTEM/STM32-M4/Energy_Data_Aquisition_With_Custom_Dsp/Energy_monitor/inc" -O0 -ffunction-sections -fdata-sections -Wall -fstack-usage -fcyclomatic-complexity -MMD -MP -MF"Energy_monitor/src/ssd1306.d" -MT"Energy_monitor/src/ssd1306.o" --specs=nano.specs -mfpu=fpv4-sp-d16 -mfloat-abi=hard -mthumb -o "Energy_monitor/src/ssd1306.o"
arm-none-eabi-gcc "../Energy_monitor/src/timer_driver.c" -mcpu=cortex-m4 -std=gnu11 -g3 -DDEBUG -DSTM32 -DSTM32F4 -DSTM32F446RETx -DNUCLEO_F446RE -c -I../Inc -I"C:/Users/KICHU/Desktop/EMBEDDED_SYSTEM_D/EMBEDDED_SYSTEM/STM32-M4/Energy_Data_Aquisition_With_Custom_Dsp/Energy_monitor/inc" -O0 -ffunction-sections -fdata-sections -Wall -fstack-usage -fcyclomatic-complexity -MMD -MP -MF"Energy_monitor/src/timer_driver.d" -MT"Energy_monitor/src/timer_driver.o" --specs=nano.specs -mfpu=fpv4-sp-d16 -mfloat-abi=hard -mthumb -o "Energy_monitor/src/timer_driver.o"
arm-none-eabi-gcc "../Energy_monitor/src/uart_driver.c" -mcpu=cortex-m4 -std=gnu11 -g3 -DDEBUG -DSTM32 -DSTM32F4 -DSTM32F446RETx -DNUCLEO_F446RE -c -I../Inc -I"C:/Users/KICHU/Desktop/EMBEDDED_SYSTEM_D/EMBEDDED_SYSTEM/STM32-M4/Energy_Data_Aquisition_With_Custom_Dsp/Energy_monitor/inc" -O0 -ffunction-sections -fdata-sections -Wall -fstack-usage -fcyclomatic-complexity -MMD -MP -MF"Energy_monitor/src/uart_driver.d" -MT"Energy_monitor/src/uart_driver.o" --specs=nano.specs -mfpu=fpv4-sp-d16 -mfloat-abi=hard -mthumb -o "Energy_monitor/src/uart_driver.o"
../Energy_monitor/src/ssd1306.c: In function 'SSD1306_Init':
../Energy_monitor/src/ssd1306.c:23:39: warning: implicit declaration of function 'I2C1_Write'; did you mean 'I2C_Init'? [-Wimplicit-function-declaration]
   23 |     for(int i=0; i<sizeof(cmds); i++) I2C1_Write(SSD1306_ADDR, 0x00, cmds[i]);
      |                                       ^~~~~~~~~~
      |                                       I2C_Init
../Energy_monitor/src/ssd1306.c: In function 'SSD1306_Update':
../Energy_monitor/src/ssd1306.c:35:9: warning: implicit declaration of function 'I2C1_WriteMulti' [-Wimplicit-function-declaration]
   35 |         I2C1_WriteMulti(SSD1306_ADDR, 0x40, &OLED_Buffer[128*i], 128);
      |         ^~~~~~~~~~~~~~~
../Energy_monitor/src/energy_meter.c: In function 'Hardware_Init':
../Energy_monitor/src/energy_meter.c:34:5: warning: implicit declaration of function 'I2C1_Init'; did you mean 'I2C_Init'? [-Wimplicit-function-declaration]
   34 |     I2C1_Init();
      |     ^~~~~~~~~
      |     I2C_Init
../Energy_monitor/src/energy_meter.c: In function 'Accumulate_Data':
../Energy_monitor/src/energy_meter.c:182:9: warning: this 'if' clause does not guard... [-Wmisleading-indentation]
  182 |         if(e_dec<100) UART2_SendString("0"); if(e_dec<10) UART2_SendString("0"); UART2_SendNumber(e_dec);
      |         ^~
../Energy_monitor/src/energy_meter.c:182:46: note: ...this statement, but the latter is misleadingly indented as if it were guarded by the 'if'
  182 |         if(e_dec<100) UART2_SendString("0"); if(e_dec<10) UART2_SendString("0"); UART2_SendNumber(e_dec);
      |                                              ^~
arm-none-eabi-gcc -o "Energy_Data_Aquisition_With_Custom_Dsp.elf" @"objects.list"   -mcpu=cortex-m4 -T"C:\Users\KICHU\Desktop\EMBEDDED_SYSTEM_D\EMBEDDED_SYSTEM\STM32-M4\Energy_Data_Aquisition_With_Custom_Dsp\STM32F446RETX_FLASH.ld" --specs=nosys.specs -Wl,-Map="Energy_Data_Aquisition_With_Custom_Dsp.map" -Wl,--gc-sections -static --specs=nano.specs -mfpu=fpv4-sp-d16 -mfloat-abi=hard -mthumb -Wl,--start-group -lc -lm -Wl,--end-group
Finished building target: Energy_Data_Aquisition_With_Custom_Dsp.elf
 
arm-none-eabi-size  Energy_Data_Aquisition_With_Custom_Dsp.elf 
arm-none-eabi-objdump -h -S Energy_Data_Aquisition_With_Custom_Dsp.elf  > "Energy_Data_Aquisition_With_Custom_Dsp.list"
   text	   data	    bss	    dec	    hex	filename
   5504	     88	   3456	   9048	   2358	Energy_Data_Aquisition_With_Custom_Dsp.elf
Finished building: default.size.stdout
 
Finished building: Energy_Data_Aquisition_With_Custom_Dsp.list
 
23:29:07 **** Incremental Build of configuration Debug for project Energy_Data_Aquisition_With_Custom_Dsp ****
make -j8 all 
arm-none-eabi-gcc "../Energy_monitor/src/adc_dma_driver.c" -mcpu=cortex-m4 -std=gnu11 -g3 -DDEBUG -DSTM32 -DSTM32F4 -DSTM32F446RETx -DNUCLEO_F446RE -c -I../Inc -I"C:/Users/KICHU/Desktop/EMBEDDED_SYSTEM_D/EMBEDDED_SYSTEM/STM32-M4/Energy_Data_Aquisition_With_Custom_Dsp/Energy_monitor/inc" -O0 -ffunction-sections -fdata-sections -Wall -fstack-usage -fcyclomatic-complexity -MMD -MP -MF"Energy_monitor/src/adc_dma_driver.d" -MT"Energy_monitor/src/adc_dma_driver.o" --specs=nano.specs -mfpu=fpv4-sp-d16 -mfloat-abi=hard -mthumb -o "Energy_monitor/src/adc_dma_driver.o"
arm-none-eabi-gcc "../Energy_monitor/src/energy_meter.c" -mcpu=cortex-m4 -std=gnu11 -g3 -DDEBUG -DSTM32 -DSTM32F4 -DSTM32F446RETx -DNUCLEO_F446RE -c -I../Inc -I"C:/Users/KICHU/Desktop/EMBEDDED_SYSTEM_D/EMBEDDED_SYSTEM/STM32-M4/Energy_Data_Aquisition_With_Custom_Dsp/Energy_monitor/inc" -O0 -ffunction-sections -fdata-sections -Wall -fstack-usage -fcyclomatic-complexity -MMD -MP -MF"Energy_monitor/src/energy_meter.d" -MT"Energy_monitor/src/energy_meter.o" --specs=nano.specs -mfpu=fpv4-sp-d16 -mfloat-abi=hard -mthumb -o "Energy_monitor/src/energy_meter.o"
arm-none-eabi-gcc "../Energy_monitor/src/i2c_driver.c" -mcpu=cortex-m4 -std=gnu11 -g3 -DDEBUG -DSTM32 -DSTM32F4 -DSTM32F446RETx -DNUCLEO_F446RE -c -I../Inc -I"C:/Users/KICHU/Desktop/EMBEDDED_SYSTEM_D/EMBEDDED_SYSTEM/STM32-M4/Energy_Data_Aquisition_With_Custom_Dsp/Energy_monitor/inc" -O0 -ffunction-sections -fdata-sections -Wall -fstack-usage -fcyclomatic-complexity -MMD -MP -MF"Energy_monitor/src/i2c_driver.d" -MT"Energy_monitor/src/i2c_driver.o" --specs=nano.specs -mfpu=fpv4-sp-d16 -mfloat-abi=hard -mthumb -o "Energy_monitor/src/i2c_driver.o"
arm-none-eabi-gcc "../Energy_monitor/src/main.c" -mcpu=cortex-m4 -std=gnu11 -g3 -DDEBUG -DSTM32 -DSTM32F4 -DSTM32F446RETx -DNUCLEO_F446RE -c -I../Inc -I"C:/Users/KICHU/Desktop/EMBEDDED_SYSTEM_D/EMBEDDED_SYSTEM/STM32-M4/Energy_Data_Aquisition_With_Custom_Dsp/Energy_monitor/inc" -O0 -ffunction-sections -fdata-sections -Wall -fstack-usage -fcyclomatic-complexity -MMD -MP -MF"Energy_monitor/src/main.d" -MT"Energy_monitor/src/main.o" --specs=nano.specs -mfpu=fpv4-sp-d16 -mfloat-abi=hard -mthumb -o "Energy_monitor/src/main.o"
arm-none-eabi-gcc "../Energy_monitor/src/ssd1306.c" -mcpu=cortex-m4 -std=gnu11 -g3 -DDEBUG -DSTM32 -DSTM32F4 -DSTM32F446RETx -DNUCLEO_F446RE -c -I../Inc -I"C:/Users/KICHU/Desktop/EMBEDDED_SYSTEM_D/EMBEDDED_SYSTEM/STM32-M4/Energy_Data_Aquisition_With_Custom_Dsp/Energy_monitor/inc" -O0 -ffunction-sections -fdata-sections -Wall -fstack-usage -fcyclomatic-complexity -MMD -MP -MF"Energy_monitor/src/ssd1306.d" -MT"Energy_monitor/src/ssd1306.o" --specs=nano.specs -mfpu=fpv4-sp-d16 -mfloat-abi=hard -mthumb -o "Energy_monitor/src/ssd1306.o"
arm-none-eabi-gcc "../Energy_monitor/src/timer_driver.c" -mcpu=cortex-m4 -std=gnu11 -g3 -DDEBUG -DSTM32 -DSTM32F4 -DSTM32F446RETx -DNUCLEO_F446RE -c -I../Inc -I"C:/Users/KICHU/Desktop/EMBEDDED_SYSTEM_D/EMBEDDED_SYSTEM/STM32-M4/Energy_Data_Aquisition_With_Custom_Dsp/Energy_monitor/inc" -O0 -ffunction-sections -fdata-sections -Wall -fstack-usage -fcyclomatic-complexity -MMD -MP -MF"Energy_monitor/src/timer_driver.d" -MT"Energy_monitor/src/timer_driver.o" --specs=nano.specs -mfpu=fpv4-sp-d16 -mfloat-abi=hard -mthumb -o "Energy_monitor/src/timer_driver.o"
arm-none-eabi-gcc "../Energy_monitor/src/uart_driver.c" -mcpu=cortex-m4 -std=gnu11 -g3 -DDEBUG -DSTM32 -DSTM32F4 -DSTM32F446RETx -DNUCLEO_F446RE -c -I../Inc -I"C:/Users/KICHU/Desktop/EMBEDDED_SYSTEM_D/EMBEDDED_SYSTEM/STM32-M4/Energy_Data_Aquisition_With_Custom_Dsp/Energy_monitor/inc" -O0 -ffunction-sections -fdata-sections -Wall -fstack-usage -fcyclomatic-complexity -MMD -MP -MF"Energy_monitor/src/uart_driver.d" -MT"Energy_monitor/src/uart_driver.o" --specs=nano.specs -mfpu=fpv4-sp-d16 -mfloat-abi=hard -mthumb -o "Energy_monitor/src/uart_driver.o"
../Energy_monitor/src/ssd1306.c: In function 'SSD1306_Init':
../Energy_monitor/src/ssd1306.c:54:9: warning: implicit declaration of function 'I2C1_Write'; did you mean 'I2C_Init'? [-Wimplicit-function-declaration]
   54 |         I2C1_Write(SSD1306_ADDR, 0x00, cmds[i]);
      |         ^~~~~~~~~~
      |         I2C_Init
../Energy_monitor/src/ssd1306.c: In function 'SSD1306_Update':
../Energy_monitor/src/ssd1306.c:83:9: warning: implicit declaration of function 'I2C1_WriteMulti' [-Wimplicit-function-declaration]
   83 |         I2C1_WriteMulti(SSD1306_ADDR, 0x40, &OLED_Buffer[128*i], 128);
      |         ^~~~~~~~~~~~~~~
../Energy_monitor/src/energy_meter.c: In function 'Hardware_Init':
../Energy_monitor/src/energy_meter.c:35:5: warning: implicit declaration of function 'I2C1_Init'; did you mean 'I2C_Init'? [-Wimplicit-function-declaration]
   35 |     I2C1_Init();                // Initialize I2C1 for OLED
      |     ^~~~~~~~~
      |     I2C_Init
../Energy_monitor/src/energy_meter.c: In function 'Accumulate_Data':
../Energy_monitor/src/energy_meter.c:231:9: warning: this 'if' clause does not guard... [-Wmisleading-indentation]
  231 |         if(e_dec<100) UART2_SendString("0"); if(e_dec<10) UART2_SendString("0"); UART2_SendNumber(e_dec);
      |         ^~
../Energy_monitor/src/energy_meter.c:231:46: note: ...this statement, but the latter is misleadingly indented as if it were guarded by the 'if'
  231 |         if(e_dec<100) UART2_SendString("0"); if(e_dec<10) UART2_SendString("0"); UART2_SendNumber(e_dec);
      |                                              ^~
arm-none-eabi-gcc -o "Energy_Data_Aquisition_With_Custom_Dsp.elf" @"objects.list"   -mcpu=cortex-m4 -T"C:\Users\KICHU\Desktop\EMBEDDED_SYSTEM_D\EMBEDDED_SYSTEM\STM32-M4\Energy_Data_Aquisition_With_Custom_Dsp\STM32F446RETX_FLASH.ld" --specs=nosys.specs -Wl,-Map="Energy_Data_Aquisition_With_Custom_Dsp.map" -Wl,--gc-sections -static --specs=nano.specs -mfpu=fpv4-sp-d16 -mfloat-abi=hard -mthumb -Wl,--start-group -lc -lm -Wl,--end-group
Finished building target: Energy_Data_Aquisition_With_Custom_Dsp.elf
 
arm-none-eabi-size  Energy_Data_Aquisition_With_Custom_Dsp.elf 
arm-none-eabi-objdump -h -S Energy_Data_Aquisition_With_Custom_Dsp.elf  > "Energy_Data_Aquisition_With_Custom_Dsp.list"
   text	   data	    bss	    dec	    hex	filename
   5556	     88	   3456	   9100	   238c	Energy_Data_Aquisition_With_Custom_Dsp.elf
Finished building: default.size.stdout
 
Finished building: Energy_Data_Aquisition_With_Custom_Dsp.list
 
23:32:42 **** Incremental Build of configuration Debug for project Energy_Data_Aquisition_With_Custom_Dsp ****
make -j8 all 
arm-none-eabi-size  Energy_Data_Aquisition_With_Custom_Dsp.elf 
   text	   data	    bss	    dec	    hex	filename
   5556	     88	   3456	   9100	   238c	Energy_Data_Aquisition_With_Custom_Dsp.elf
Finished building: default.size.stdout
 
