19:11:33 **** Incremental Build of configuration Debug for project LED_BLINKING ****
make -j8 all 
arm-none-eabi-gcc "../Src/main.c" -mcpu=cortex-m4 -std=gnu11 -g3 -DDEBUG -DSTM32 -DSTM32F4 -DSTM32F446RETx -c -I../Inc -O0 -ffunction-sections -fdata-sections -Wall -fstack-usage -fcyclomatic-complexity -MMD -MP -MF"Src/main.d" -MT"Src/main.o" --specs=nano.specs -mfloat-abi=soft -mthumb -o "Src/main.o"
arm-none-eabi-gcc -o "LED_BLINKING.elf" @"objects.list"   -mcpu=cortex-m4 -T"C:\Users\KICHU\Desktop\EMBEDDED_SYSTEM_D\EMBEDDED_SYSTEM\STM32-M4\LED_BLINKING\STM32F446RETX_FLASH.ld" --specs=nosys.specs -Wl,-Map="LED_BLINKING.map" -Wl,--gc-sections -static --specs=nano.specs -mfloat-abi=soft -mthumb -Wl,--start-group -lc -lm -Wl,--end-group
Finished building target: LED_BLINKING.elf
 
arm-none-eabi-size  LED_BLINKING.elf 
arm-none-eabi-objdump -h -S LED_BLINKING.elf  > "LED_BLINKING.list"
   text	   data	    bss	    dec	    hex	filename
    872	      0	   1568	   2440	    988	LED_BLINKING.elf
Finished building: default.size.stdout
 
Finished building: LED_BLINKING.list
 

19:11:33 Build Finished. 0 errors, 0 warnings. (took 552ms)

