../Energy_monitor/src/ssd1306.c:25:6:SSD1306_Init	48	static
../Energy_monitor/src/ssd1306.c:59:6:SSD1306_Clear	8	static
../Energy_monitor/src/ssd1306.c:67:6:SSD1306_Update	16	static
../Energy_monitor/src/ssd1306.c:88:6:SSD1306_SetCursor	16	static
../Energy_monitor/src/ssd1306.c:97:6:SSD1306_DrawChar	32	static
../Energy_monitor/src/ssd1306.c:119:6:SSD1306_Print	16	static
../Energy_monitor/src/ssd1306.c:128:6:SSD1306_PrintNumber	32	static
../Energy_monitor/src/ssd1306.c:157:6:SSD1306_PrintCentered	32	static
