Archive member included to satisfy reference by file (symbol)

C:/ST/STM32CubeIDE_1.19.0/STM32CubeIDE/plugins/com.st.stm32cube.ide.mcu.externaltools.gnu-tools-for-stm32.13.3.rel1.win32_1.0.100.202509120712/tools/bin/../lib/gcc/arm-none-eabi/13.3.1/../../../../arm-none-eabi/lib/thumb/v7e-m+fp/hard\libc_nano.a(libc_a-exit.o)
                              C:/ST/STM32CubeIDE_1.19.0/STM32CubeIDE/plugins/com.st.stm32cube.ide.mcu.externaltools.gnu-tools-for-stm32.13.3.rel1.win32_1.0.100.202509120712/tools/bin/../lib/gcc/arm-none-eabi/13.3.1/../../../../arm-none-eabi/lib/thumb/v7e-m+fp/hard/crt0.o (exit)
C:/ST/STM32CubeIDE_1.19.0/STM32CubeIDE/plugins/com.st.stm32cube.ide.mcu.externaltools.gnu-tools-for-stm32.13.3.rel1.win32_1.0.100.202509120712/tools/bin/../lib/gcc/arm-none-eabi/13.3.1/../../../../arm-none-eabi/lib/thumb/v7e-m+fp/hard\libc_nano.a(libc_a-findfp.o)
                              C:/ST/STM32CubeIDE_1.19.0/STM32CubeIDE/plugins/com.st.stm32cube.ide.mcu.externaltools.gnu-tools-for-stm32.13.3.rel1.win32_1.0.100.202509120712/tools/bin/../lib/gcc/arm-none-eabi/13.3.1/../../../../arm-none-eabi/lib/thumb/v7e-m+fp/hard\libc_nano.a(libc_a-exit.o) (__stdio_exit_handler)
C:/ST/STM32CubeIDE_1.19.0/STM32CubeIDE/plugins/com.st.stm32cube.ide.mcu.externaltools.gnu-tools-for-stm32.13.3.rel1.win32_1.0.100.202509120712/tools/bin/../lib/gcc/arm-none-eabi/13.3.1/../../../../arm-none-eabi/lib/thumb/v7e-m+fp/hard\libc_nano.a(libc_a-fwalk.o)
                              C:/ST/STM32CubeIDE_1.19.0/STM32CubeIDE/plugins/com.st.stm32cube.ide.mcu.externaltools.gnu-tools-for-stm32.13.3.rel1.win32_1.0.100.202509120712/tools/bin/../lib/gcc/arm-none-eabi/13.3.1/../../../../arm-none-eabi/lib/thumb/v7e-m+fp/hard\libc_nano.a(libc_a-findfp.o) (_fwalk_sglue)
C:/ST/STM32CubeIDE_1.19.0/STM32CubeIDE/plugins/com.st.stm32cube.ide.mcu.externaltools.gnu-tools-for-stm32.13.3.rel1.win32_1.0.100.202509120712/tools/bin/../lib/gcc/arm-none-eabi/13.3.1/../../../../arm-none-eabi/lib/thumb/v7e-m+fp/hard\libc_nano.a(libc_a-stdio.o)
                              C:/ST/STM32CubeIDE_1.19.0/STM32CubeIDE/plugins/com.st.stm32cube.ide.mcu.externaltools.gnu-tools-for-stm32.13.3.rel1.win32_1.0.100.202509120712/tools/bin/../lib/gcc/arm-none-eabi/13.3.1/../../../../arm-none-eabi/lib/thumb/v7e-m+fp/hard\libc_nano.a(libc_a-findfp.o) (__sread)
C:/ST/STM32CubeIDE_1.19.0/STM32CubeIDE/plugins/com.st.stm32cube.ide.mcu.externaltools.gnu-tools-for-stm32.13.3.rel1.win32_1.0.100.202509120712/tools/bin/../lib/gcc/arm-none-eabi/13.3.1/../../../../arm-none-eabi/lib/thumb/v7e-m+fp/hard\libc_nano.a(libc_a-memset.o)
                              C:/ST/STM32CubeIDE_1.19.0/STM32CubeIDE/plugins/com.st.stm32cube.ide.mcu.externaltools.gnu-tools-for-stm32.13.3.rel1.win32_1.0.100.202509120712/tools/bin/../lib/gcc/arm-none-eabi/13.3.1/../../../../arm-none-eabi/lib/thumb/v7e-m+fp/hard/crt0.o (memset)
C:/ST/STM32CubeIDE_1.19.0/STM32CubeIDE/plugins/com.st.stm32cube.ide.mcu.externaltools.gnu-tools-for-stm32.13.3.rel1.win32_1.0.100.202509120712/tools/bin/../lib/gcc/arm-none-eabi/13.3.1/../../../../arm-none-eabi/lib/thumb/v7e-m+fp/hard\libc_nano.a(libc_a-closer.o)
                              C:/ST/STM32CubeIDE_1.19.0/STM32CubeIDE/plugins/com.st.stm32cube.ide.mcu.externaltools.gnu-tools-for-stm32.13.3.rel1.win32_1.0.100.202509120712/tools/bin/../lib/gcc/arm-none-eabi/13.3.1/../../../../arm-none-eabi/lib/thumb/v7e-m+fp/hard\libc_nano.a(libc_a-stdio.o) (_close_r)
C:/ST/STM32CubeIDE_1.19.0/STM32CubeIDE/plugins/com.st.stm32cube.ide.mcu.externaltools.gnu-tools-for-stm32.13.3.rel1.win32_1.0.100.202509120712/tools/bin/../lib/gcc/arm-none-eabi/13.3.1/../../../../arm-none-eabi/lib/thumb/v7e-m+fp/hard\libc_nano.a(libc_a-reent.o)
                              C:/ST/STM32CubeIDE_1.19.0/STM32CubeIDE/plugins/com.st.stm32cube.ide.mcu.externaltools.gnu-tools-for-stm32.13.3.rel1.win32_1.0.100.202509120712/tools/bin/../lib/gcc/arm-none-eabi/13.3.1/../../../../arm-none-eabi/lib/thumb/v7e-m+fp/hard\libc_nano.a(libc_a-closer.o) (errno)
C:/ST/STM32CubeIDE_1.19.0/STM32CubeIDE/plugins/com.st.stm32cube.ide.mcu.externaltools.gnu-tools-for-stm32.13.3.rel1.win32_1.0.100.202509120712/tools/bin/../lib/gcc/arm-none-eabi/13.3.1/../../../../arm-none-eabi/lib/thumb/v7e-m+fp/hard\libc_nano.a(libc_a-impure.o)
                              C:/ST/STM32CubeIDE_1.19.0/STM32CubeIDE/plugins/com.st.stm32cube.ide.mcu.externaltools.gnu-tools-for-stm32.13.3.rel1.win32_1.0.100.202509120712/tools/bin/../lib/gcc/arm-none-eabi/13.3.1/../../../../arm-none-eabi/lib/thumb/v7e-m+fp/hard\libc_nano.a(libc_a-reent.o) (_impure_ptr)
C:/ST/STM32CubeIDE_1.19.0/STM32CubeIDE/plugins/com.st.stm32cube.ide.mcu.externaltools.gnu-tools-for-stm32.13.3.rel1.win32_1.0.100.202509120712/tools/bin/../lib/gcc/arm-none-eabi/13.3.1/../../../../arm-none-eabi/lib/thumb/v7e-m+fp/hard\libc_nano.a(libc_a-lseekr.o)
[...]
Memory Configuration

Name             Origin             Length             Attributes
RAM              0x20000000         0x00020000         xrw
FLASH            0x08000000         0x00080000         xr
*default*        0x00000000         0xffffffff

Linker script and memory map

LOAD C:/ST/STM32CubeIDE_1.19.0/STM32CubeIDE/plugins/com.st.stm32cube.ide.mcu.externaltools.gnu-tools-for-stm32.13.3.rel1.win32_1.0.100.202509120712/tools/bin/../lib/gcc/arm-none-eabi/13.3.1/thumb/v7e-m+fp/hard/crti.o
LOAD C:/ST/STM32CubeIDE_1.19.0/STM32CubeIDE/plugins/com.st.stm32cube.ide.mcu.externaltools.gnu-tools-for-stm32.13.3.rel1.win32_1.0.100.202509120712/tools/bin/../lib/gcc/arm-none-eabi/13.3.1/thumb/v7e-m+fp/hard/crtbegin.o
LOAD C:/ST/STM32CubeIDE_1.19.0/STM32CubeIDE/plugins/com.st.stm32cube.ide.mcu.externaltools.gnu-tools-for-stm32.13.3.rel1.win32_1.0.100.202509120712/tools/bin/../lib/gcc/arm-none-eabi/13.3.1/../../../../arm-none-eabi/lib/thumb/v7e-m+fp/hard/crt0.o
LOAD ./Energy_monitor/src/adc_dma_driver.o
LOAD ./Energy_monitor/src/energy_meter.o
LOAD ./Energy_monitor/src/fonts.o
LOAD ./Energy_monitor/src/i2c_driver.o
LOAD ./Energy_monitor/src/main.o
LOAD ./Energy_monitor/src/ssd1306.o
LOAD ./Energy_monitor/src/syscalls.o
LOAD ./Energy_monitor/src/sysmem.o
LOAD ./Energy_monitor/src/timer_driver.o
LOAD ./Energy_monitor/src/uart_driver.o
LOAD ./Startup/startup_stm32f446retx.o
START GROUP
LOAD C:/ST/STM32CubeIDE_1.19.0/STM32CubeIDE/plugins/com.st.stm32cube.ide.mcu.externaltools.gnu-tools-for-stm32.13.3.rel1.win32_1.0.100.202509120712/tools/bin/../lib/gcc/arm-none-eabi/13.3.1/../../../../arm-none-eabi/lib/thumb/v7e-m+fp/hard\libc_nano.a
LOAD C:/ST/STM32CubeIDE_1.19.0/STM32CubeIDE/plugins/com.st.stm32cube.ide.mcu.externaltools.gnu-tools-for-stm32.13.3.rel1.win32_1.0.100.202509120712/tools/bin/../lib/gcc/arm-none-eabi/13.3.1/../../../../arm-none-eabi/lib/thumb/v7e-m+fp/hard\libm.a
END GROUP
START GROUP
LOAD C:/ST/STM32CubeIDE_1.19.0/STM32CubeIDE/plugins/com.st.stm32cube.ide.mcu.externaltools.gnu-tools-for-stm32.13.3.rel1.win32_1.0.100.202509120712/tools/bin/../lib/gcc/arm-none-eabi/13.3.1/thumb/v7e-m+fp/hard\libgcc.a
LOAD C:/ST/STM32CubeIDE_1.19.0/STM32CubeIDE/plugins/com.st.stm32cube.ide.mcu.externaltools.gnu-tools-for-stm32.13.3.rel1.win32_1.0.100.202509120712/tools/bin/../lib/gcc/arm-none-eabi/13.3.1/../../../../arm-none-eabi/lib/thumb/v7e-m+fp/hard\libc_nano.a
END GROUP
START GROUP
LOAD C:/ST/STM32CubeIDE_1.19.0/STM32CubeIDE/plugins/com.st.stm32cube.ide.mcu.externaltools.gnu-tools-for-stm32.13.3.rel1.win32_1.0.100.202509120712/tools/bin/../lib/gcc/arm-none-eabi/13.3.1/thumb/v7e-m+fp/hard\libgcc.a
LOAD C:/ST/STM32CubeIDE_1.19.0/STM32CubeIDE/plugins/com.st.stm32cube.ide.mcu.externaltools.gnu-tools-for-stm32.13.3.rel1.win32_1.0.100.202509120712/tools/bin/../lib/gcc/arm-none-eabi/13.3.1/../../../../arm-none-eabi/lib/thumb/v7e-m+fp/hard\libc_nano.a
LOAD C:/ST/STM32CubeIDE_1.19.0/STM32CubeIDE/plugins/com.st.stm32cube.ide.mcu.externaltools.gnu-tools-for-stm32.13.3.rel1.win32_1.0.100.202509120712/tools/bin/../lib/gcc/arm-none-eabi/13.3.1/../../../../arm-none-eabi/lib/thumb/v7e-m+fp/hard\libnosys.a
END GROUP
START GROUP
LOAD C:/ST/STM32CubeIDE_1.19.0/STM32CubeIDE/plugins/com.st.stm32cube.ide.mcu.externaltools.gnu-tools-for-stm32.13.3.rel1.win32_1.0.100.202509120712/tools/bin/../lib/gcc/arm-none-eabi/13.3.1/thumb/v7e-m+fp/hard\libgcc.a
LOAD C:/ST/STM32CubeIDE_1.19.0/STM32CubeIDE/plugins/com.st.stm32cube.ide.mcu.externaltools.gnu-tools-for-stm32.13.3.rel1.win32_1.0.100.202509120712/tools/bin/../lib/gcc/arm-none-eabi/13.3.1/../../../../arm-none-eabi/lib/thumb/v7e-m+fp/hard\libc_nano.a
LOAD C:/ST/STM32CubeIDE_1.19.0/STM32CubeIDE/plugins/com.st.stm32cube.ide.mcu.externaltools.gnu-tools-for-stm32.13.3.rel1.win32_1.0.100.202509120712/tools/bin/../lib/gcc/arm-none-eabi/13.3.1/../../../../arm-none-eabi/lib/thumb/v7e-m+fp/hard\libnosys.a
END GROUP
LOAD C:/ST/STM32CubeIDE_1.19.0/STM32CubeIDE/plugins/com.st.stm32cube.ide.mcu.externaltools.gnu-tools-for-stm32.13.3.rel1.win32_1.0.100.202509120712/tools/bin/../lib/gcc/arm-none-eabi/13.3.1/thumb/v7e-m+fp/hard/crtend.o
LOAD C:/ST/STM32CubeIDE_1.19.0/STM32CubeIDE/plugins/com.st.stm32cube.ide.mcu.externaltools.gnu-tools-for-stm32.13.3.rel1.win32_1.0.100.202509120712/tools/bin/../lib/gcc/arm-none-eabi/13.3.1/thumb/v7e-m+fp/hard/crtn.o
                0x20020000                        _estack = (ORIGIN (RAM) + LENGTH (RAM))
                0x00000200                        _Min_Heap_Size = 0x200
                0x00000400                        _Min_Stack_Size = 0x400

.isr_vector     0x08000000      0x1c4
                0x08000000                        . = ALIGN (0x4)
 *(.isr_vector)
 .isr_vector    0x08000000      0x1c4 ./Startup/startup_stm32f446retx.o
                0x08000000                g_pfnVectors
                0x080001c4                        . = ALIGN (0x4)

.text           0x080001c4     0x14c8
                0x080001c4                        . = ALIGN (0x4)
 *(.text)
 .text          0x080001c4       0x40 C:/ST/STM32CubeIDE_1.19.0/STM32CubeIDE/plugins/com.st.stm32cube.ide.mcu.externaltools.gnu-tools-for-stm32.13.3.rel1.win32_1.0.100.202509120712/tools/bin/../lib/gcc/arm-none-eabi/13.3.1/thumb/v7e-m+fp/hard/crtbegin.o
 .text          0x08000204      0x21c C:/ST/STM32CubeIDE_1.19.0/STM32CubeIDE/plugins/com.st.stm32cube.ide.mcu.externaltools.gnu-tools-for-stm32.13.3.rel1.win32_1.0.100.202509120712/tools/bin/../lib/gcc/arm-none-eabi/13.3.1/thumb/v7e-m+fp/hard\libgcc.a(_arm_addsubsf3.o)
                0x08000204                __aeabi_frsub
                0x0800020c                __subsf3
                0x0800020c                __aeabi_fsub
                0x08000210                __aeabi_fadd
                0x08000210                __addsf3
                0x08000370                __aeabi_ui2f
                0x08000370                __floatunsisf
                0x08000378                __aeabi_i2f
                0x08000378                __floatsisf
                0x08000394                __aeabi_ul2f
                0x08000394                __floatundisf
                0x080003a4                __aeabi_l2f
                0x080003a4                __floatdisf
 *(.text*)
 .text.ADC_DMA_Init
                0x08000420       0xf8 ./Energy_monitor/src/adc_dma_driver.o
                0x08000420                ADC_DMA_Init
 .text.EnergyMeter_Init
                0x08000518       0x3c ./Energy_monitor/src/energy_meter.o
                0x08000518                EnergyMeter_Init
 .text.EnergyMeter_Run
                0x08000554       0x48 ./Energy_monitor/src/energy_meter.o
                0x08000554                EnergyMeter_Run
 .text.Hardware_Init
                0x0800059c       0x30 ./Energy_monitor/src/energy_meter.o
 .text.Accumulate_Data
                0x080005cc      0x32c ./Energy_monitor/src/energy_meter.o
 .text.Update_Display_And_Log
                0x080008f8      0x2c0 ./Energy_monitor/src/energy_meter.o
 .text.I2C1_Init
                0x08000bb8       0x98 ./Energy_monitor/src/i2c_driver.o
                0x08000bb8                I2C1_Init
 .text.I2C1_WriteMulti
                0x08000c50      0x164 ./Energy_monitor/src/i2c_driver.o
                0x08000c50                I2C1_WriteMulti
 .text.I2C1_Write
                0x08000db4       0x2c ./Energy_monitor/src/i2c_driver.o
                0x08000db4                I2C1_Write
 .text.main     0x08000de0        0xe ./Energy_monitor/src/main.o
                0x08000de0                main
 *fill*         0x08000dee        0x2 
 .text.SSD1306_Init
                0x08000df0       0x4c ./Energy_monitor/src/ssd1306.o
                0x08000df0                SSD1306_Init
 .text.SSD1306_Clear
                0x08000e3c       0x18 ./Energy_monitor/src/ssd1306.o
                0x08000e3c                SSD1306_Clear
 .text.SSD1306_Update
                0x08000e54       0x5c ./Energy_monitor/src/ssd1306.o
                0x08000e54                SSD1306_Update
 .text.SSD1306_SetCursor
                0x08000eb0       0x30 ./Energy_monitor/src/ssd1306.o
                0x08000eb0                SSD1306_SetCursor
 .text.SSD1306_DrawChar
                0x08000ee0       0x9c ./Energy_monitor/src/ssd1306.o
                0x08000ee0                SSD1306_DrawChar
 .text.SSD1306_Print
                0x08000f7c       0x2a ./Energy_monitor/src/ssd1306.o
                0x08000f7c                SSD1306_Print
 *fill*         0x08000fa6        0x2 
 .text.SSD1306_PrintNumber
                0x08000fa8       0xa0 ./Energy_monitor/src/ssd1306.o
                0x08000fa8                SSD1306_PrintNumber
 .text.SSD1306_PrintCentered
                0x08001048       0x62 ./Energy_monitor/src/ssd1306.o
                0x08001048                SSD1306_PrintCentered
 *fill*         0x080010aa        0x2 
 .text.TIM2_Init
                0x080010ac       0x60 ./Energy_monitor/src/timer_driver.o
                0x080010ac                TIM2_Init
 .text.USART_PeriClockControl
                0x0800110c       0xbc ./Energy_monitor/src/uart_driver.o
                0x0800110c                USART_PeriClockControl
 .text.USART_SetBaudRate
                0x080011c8       0xa8 ./Energy_monitor/src/uart_driver.o
                0x080011c8                USART_SetBaudRate
 .text.USART_Init
                0x08001270      0x10a ./Energy_monitor/src/uart_driver.o
                0x08001270                USART_Init
 .text.USART_SendData
                0x0800137a       0x98 ./Energy_monitor/src/uart_driver.o
                0x0800137a                USART_SendData
 *fill*         0x08001412        0x2 
 .text.UART2_Init
                0x08001414       0x70 ./Energy_monitor/src/uart_driver.o
                0x08001414                UART2_Init
 .text.UART2_SendString
                0x08001484       0x40 ./Energy_monitor/src/uart_driver.o
                0x08001484                UART2_SendString
 .text.UART2_SendNumber
                0x080014c4       0xb4 ./Energy_monitor/src/uart_driver.o
                0x080014c4                UART2_SendNumber
 .text.Reset_Handler
                0x08001578       0x50 ./Startup/startup_stm32f446retx.o
                0x08001578                Reset_Handler
 .text.Default_Handler
                0x080015c8        0x2 ./Startup/startup_stm32f446retx.o
                0x080015c8                RTC_Alarm_IRQHandler
                0x080015c8                EXTI2_IRQHandler
                0x080015c8                TIM8_CC_IRQHandler
                0x080015c8                SPDIF_Rx_IRQHandler
                0x080015c8                DebugMon_Handler
                0x080015c8                SPI4_IRQHandler
                0x080015c8                TIM1_CC_IRQHandler
                0x080015c8                QuadSPI_IRQHandler
                0x080015c8                DMA2_Stream5_IRQHandler
                0x080015c8                HardFault_Handler
                0x080015c8                DMA1_Stream5_IRQHandler
                0x080015c8                SysTick_Handler
                0x080015c8                PVD_IRQHandler
                0x080015c8                SDIO_IRQHandler
                0x080015c8                TAMP_STAMP_IRQHandler
                0x080015c8                PendSV_Handler
                0x080015c8                NMI_Handler
                0x080015c8                CAN2_RX1_IRQHandler
                0x080015c8                EXTI3_IRQHandler
                0x080015c8                TIM8_TRG_COM_TIM14_IRQHandler
                0x080015c8                TIM1_UP_TIM10_IRQHandler
                0x080015c8                FMPI2C1_error_IRQHandler
                0x080015c8                TIM8_UP_TIM13_IRQHandler
                0x080015c8                I2C3_ER_IRQHandler
                0x080015c8                EXTI0_IRQHandler
                0x080015c8                I2C2_EV_IRQHandler
                0x080015c8                DMA1_Stream2_IRQHandler
                0x080015c8                CAN1_RX0_IRQHandler
                0x080015c8                OTG_HS_WKUP_IRQHandler
                0x080015c8                UsageFault_Handler
                0x080015c8                CAN2_SCE_IRQHandler
                0x080015c8                DMA2_Stream2_IRQHandler
                0x080015c8                SPI1_IRQHandler
                0x080015c8                TIM6_DAC_IRQHandler
                0x080015c8                TIM1_BRK_TIM9_IRQHandler
                0x080015c8                DCMI_IRQHandler
                0x080015c8                CAN2_RX0_IRQHandler
                0x080015c8                DMA2_Stream3_IRQHandler
                0x080015c8                FMPI2C1_IRQHandler
                0x080015c8                SAI2_IRQHandler
                0x080015c8                USART6_IRQHandler
                0x080015c8                USART3_IRQHandler
                0x080015c8                CAN1_RX1_IRQHandler
                0x080015c8                UART5_IRQHandler
                0x080015c8                DMA2_Stream0_IRQHandler
                0x080015c8                TIM4_IRQHandler
                0x080015c8                I2C1_EV_IRQHandler
                0x080015c8                HDMI_CEC_IRQHandler
                0x080015c8                DMA1_Stream6_IRQHandler
                0x080015c8                DMA1_Stream1_IRQHandler
                0x080015c8                UART4_IRQHandler
                0x080015c8                TIM3_IRQHandler
                0x080015c8                RCC_IRQHandler
                0x080015c8                TIM8_BRK_TIM12_IRQHandler
                0x080015c8                Default_Handler
                0x080015c8                EXTI15_10_IRQHandler
                0x080015c8                ADC_IRQHandler
                0x080015c8                DMA1_Stream7_IRQHandler
                0x080015c8                TIM7_IRQHandler
                0x080015c8                CAN2_TX_IRQHandler
                0x080015c8                TIM5_IRQHandler
                0x080015c8                DMA2_Stream7_IRQHandler
                0x080015c8                I2C3_EV_IRQHandler
                0x080015c8                EXTI9_5_IRQHandler
                0x080015c8                RTC_WKUP_IRQHandler
                0x080015c8                SPI2_IRQHandler
                0x080015c8                OTG_HS_EP1_IN_IRQHandler
                0x080015c8                MemManage_Handler
                0x080015c8                DMA1_Stream0_IRQHandler
                0x080015c8                CAN1_TX_IRQHandler
                0x080015c8                SVC_Handler
                0x080015c8                EXTI4_IRQHandler
                0x080015c8                OTG_HS_EP1_OUT_IRQHandler
                0x080015c8                WWDG_IRQHandler
                0x080015c8                TIM2_IRQHandler
                0x080015c8                OTG_FS_WKUP_IRQHandler
                0x080015c8                TIM1_TRG_COM_TIM11_IRQHandler
                0x080015c8                OTG_HS_IRQHandler
                0x080015c8                EXTI1_IRQHandler
                0x080015c8                USART2_IRQHandler
                0x080015c8                I2C2_ER_IRQHandler
                0x080015c8                DMA2_Stream1_IRQHandler
                0x080015c8                CAN1_SCE_IRQHandler
                0x080015c8                FLASH_IRQHandler
                0x080015c8                DMA2_Stream4_IRQHandler
                0x080015c8                BusFault_Handler
                0x080015c8                USART1_IRQHandler
                0x080015c8                OTG_FS_IRQHandler
                0x080015c8                SPI3_IRQHandler
                0x080015c8                DMA1_Stream4_IRQHandler
                0x080015c8                I2C1_ER_IRQHandler
                0x080015c8                FMC_IRQHandler
                0x080015c8                DMA2_Stream6_IRQHandler
                0x080015c8                SAI1_IRQHandler
                0x080015c8                DMA1_Stream3_IRQHandler
 .text.memset   0x080015ca       0x10 C:/ST/STM32CubeIDE_1.19.0/STM32CubeIDE/plugins/com.st.stm32cube.ide.mcu.externaltools.gnu-tools-for-stm32.13.3.rel1.win32_1.0.100.202509120712/tools/bin/../lib/gcc/arm-none-eabi/13.3.1/../../../../arm-none-eabi/lib/thumb/v7e-m+fp/hard\libc_nano.a(libc_a-memset.o)
                0x080015ca                memset
 *fill*         0x080015da        0x2 
 .text.__errno  0x080015dc        0xc C:/ST/STM32CubeIDE_1.19.0/STM32CubeIDE/plugins/com.st.stm32cube.ide.mcu.externaltools.gnu-tools-for-stm32.13.3.rel1.win32_1.0.100.202509120712/tools/bin/../lib/gcc/arm-none-eabi/13.3.1/../../../../arm-none-eabi/lib/thumb/v7e-m+fp/hard\libc_nano.a(libc_a-errno.o)
                0x080015dc                __errno
 .text.__libc_init_array
                0x080015e8       0x48 C:/ST/STM32CubeIDE_1.19.0/STM32CubeIDE/plugins/com.st.stm32cube.ide.mcu.externaltools.gnu-tools-for-stm32.13.3.rel1.win32_1.0.100.202509120712/tools/bin/../lib/gcc/arm-none-eabi/13.3.1/../../../../arm-none-eabi/lib/thumb/v7e-m+fp/hard\libc_nano.a(libc_a-init.o)
                0x080015e8                __libc_init_array
 .text.sqrtf    0x08001630       0x3c C:/ST/STM32CubeIDE_1.19.0/STM32CubeIDE/plugins/com.st.stm32cube.ide.mcu.externaltools.gnu-tools-for-stm32.13.3.rel1.win32_1.0.100.202509120712/tools/bin/../lib/gcc/arm-none-eabi/13.3.1/../../../../arm-none-eabi/lib/thumb/v7e-m+fp/hard\libm.a(libm_a-wf_sqrt.o)
                0x08001630                sqrtf
 .text.__ieee754_sqrtf
                0x0800166c        0x6 C:/ST/STM32CubeIDE_1.19.0/STM32CubeIDE/plugins/com.st.stm32cube.ide.mcu.externaltools.gnu-tools-for-stm32.13.3.rel1.win32_1.0.100.202509120712/tools/bin/../lib/gcc/arm-none-eabi/13.3.1/../../../../arm-none-eabi/lib/thumb/v7e-m+fp/hard\libm.a(libm_a-ef_sqrt.o)
                0x0800166c                __ieee754_sqrtf
 *(.glue_7)
 .glue_7        0x08001672        0x0 linker stubs
 *(.glue_7t)
 .glue_7t       0x08001672        0x0 linker stubs
 *(.eh_frame)
 *fill*         0x08001672        0x2 
 .eh_frame      0x08001674        0x0 C:/ST/STM32CubeIDE_1.19.0/STM32CubeIDE/plugins/com.st.stm32cube.ide.mcu.externaltools.gnu-tools-for-stm32.13.3.rel1.win32_1.0.100.202509120712/tools/bin/../lib/gcc/arm-none-eabi/13.3.1/thumb/v7e-m+fp/hard/crtbegin.o
 *(.init)
 .init          0x08001674        0x4 C:/ST/STM32CubeIDE_1.19.0/STM32CubeIDE/plugins/com.st.stm32cube.ide.mcu.externaltools.gnu-tools-for-stm32.13.3.rel1.win32_1.0.100.202509120712/tools/bin/../lib/gcc/arm-none-eabi/13.3.1/thumb/v7e-m+fp/hard/crti.o
                0x08001674                _init
 .init          0x08001678        0x8 C:/ST/STM32CubeIDE_1.19.0/STM32CubeIDE/plugins/com.st.stm32cube.ide.mcu.externaltools.gnu-tools-for-stm32.13.3.rel1.win32_1.0.100.202509120712/tools/bin/../lib/gcc/arm-none-eabi/13.3.1/thumb/v7e-m+fp/hard/crtn.o
 *(.fini)
 .fini          0x08001680        0x4 C:/ST/STM32CubeIDE_1.19.0/STM32CubeIDE/plugins/com.st.stm32cube.ide.mcu.externaltools.gnu-tools-for-stm32.13.3.rel1.win32_1.0.100.202509120712/tools/bin/../lib/gcc/arm-none-eabi/13.3.1/thumb/v7e-m+fp/hard/crti.o
                0x08001680                _fini
 .fini          0x08001684        0x8 C:/ST/STM32CubeIDE_1.19.0/STM32CubeIDE/plugins/com.st.stm32cube.ide.mcu.externaltools.gnu-tools-for-stm32.13.3.rel1.win32_1.0.100.202509120712/tools/bin/../lib/gcc/arm-none-eabi/13.3.1/thumb/v7e-m+fp/hard/crtn.o
                0x0800168c                        . = ALIGN (0x4)
                0x0800168c                        _etext = .

.vfp11_veneer   0x0800168c        0x0
 .vfp11_veneer  0x0800168c        0x0 linker stubs

.v4_bx          0x0800168c        0x0
 .v4_bx         0x0800168c        0x0 linker stubs

.iplt           0x0800168c        0x0
 .iplt          0x0800168c        0x0 C:/ST/STM32CubeIDE_1.19.0/STM32CubeIDE/plugins/com.st.stm32cube.ide.mcu.externaltools.gnu-tools-for-stm32.13.3.rel1.win32_1.0.100.202509120712/tools/bin/../lib/gcc/arm-none-eabi/13.3.1/thumb/v7e-m+fp/hard/crtbegin.o

.rodata         0x0800168c      0x2ac
                0x0800168c                        . = ALIGN (0x4)
 *(.rodata)
 .rodata        0x0800168c       0x9f ./Energy_monitor/src/energy_meter.o
 *fill*         0x0800172b        0x1 
 .rodata        0x0800172c       0x22 ./Energy_monitor/src/ssd1306.o
 *fill*         0x0800174e        0x2 
 .rodata        0x08001750        0x6 ./Energy_monitor/src/uart_driver.o
 *(.rodata*)
 *fill*         0x08001756        0x2 
 .rodata.Font5x7
                0x08001758      0x1e0 ./Energy_monitor/src/fonts.o
                0x08001758                Font5x7
                0x08001938                        . = ALIGN (0x4)

.ARM.extab      0x08001938        0x0
                0x08001938                        . = ALIGN (0x4)
 *(.ARM.extab* .gnu.linkonce.armextab.*)
                0x08001938                        . = ALIGN (0x4)

.ARM            0x08001938        0x0
                0x08001938                        . = ALIGN (0x4)
                0x08001938                        __exidx_start = .
 *(.ARM.exidx*)
                0x08001938                        __exidx_end = .
                0x08001938                        . = ALIGN (0x4)

.preinit_array  0x08001938        0x0
                0x08001938                        . = ALIGN (0x4)
                0x08001938                        PROVIDE (__preinit_array_start = .)
 *(.preinit_array*)
                0x08001938                        PROVIDE (__preinit_array_end = .)
                0x08001938                        . = ALIGN (0x4)

.init_array     0x08001938        0x4
                0x08001938                        . = ALIGN (0x4)
                0x08001938                        PROVIDE (__init_array_start = .)
 *(SORT_BY_NAME(.init_array.*))
 *(.init_array*)
 .init_array    0x08001938        0x4 C:/ST/STM32CubeIDE_1.19.0/STM32CubeIDE/plugins/com.st.stm32cube.ide.mcu.externaltools.gnu-tools-for-stm32.13.3.rel1.win32_1.0.100.202509120712/tools/bin/../lib/gcc/arm-none-eabi/13.3.1/thumb/v7e-m+fp/hard/crtbegin.o
                0x0800193c                        PROVIDE (__init_array_end = .)
                0x0800193c                        . = ALIGN (0x4)

.fini_array     0x0800193c        0x4
                0x0800193c                        . = ALIGN (0x4)
                [!provide]                        PROVIDE (__fini_array_start = .)
 *(SORT_BY_NAME(.fini_array.*))
 *(.fini_array*)
 .fini_array    0x0800193c        0x4 C:/ST/STM32CubeIDE_1.19.0/STM32CubeIDE/plugins/com.st.stm32cube.ide.mcu.externaltools.gnu-tools-for-stm32.13.3.rel1.win32_1.0.100.202509120712/tools/bin/../lib/gcc/arm-none-eabi/13.3.1/thumb/v7e-m+fp/hard/crtbegin.o
                [!provide]                        PROVIDE (__fini_array_end = .)
                0x08001940                        . = ALIGN (0x4)
                0x08001940                        _sidata = LOADADDR (.data)

.rel.dyn        0x08001940        0x0
 .rel.iplt      0x08001940        0x0 C:/ST/STM32CubeIDE_1.19.0/STM32CubeIDE/plugins/com.st.stm32cube.ide.mcu.externaltools.gnu-tools-for-stm32.13.3.rel1.win32_1.0.100.202509120712/tools/bin/../lib/gcc/arm-none-eabi/13.3.1/thumb/v7e-m+fp/hard/crtbegin.o

.data           0x20000000       0x50 load address 0x08001940
                0x20000000                        . = ALIGN (0x4)
                0x20000000                        _sdata = .
 *(.data)
 *(.data*)
 .data._impure_ptr
                0x20000000        0x4 C:/ST/STM32CubeIDE_1.19.0/STM32CubeIDE/plugins/com.st.stm32cube.ide.mcu.externaltools.gnu-tools-for-stm32.13.3.rel1.win32_1.0.100.202509120712/tools/bin/../lib/gcc/arm-none-eabi/13.3.1/../../../../arm-none-eabi/lib/thumb/v7e-m+fp/hard\libc_nano.a(libc_a-impure.o)
                0x20000000                _impure_ptr
 .data._impure_data
                0x20000004       0x4c C:/ST/STM32CubeIDE_1.19.0/STM32CubeIDE/plugins/com.st.stm32cube.ide.mcu.externaltools.gnu-tools-for-stm32.13.3.rel1.win32_1.0.100.202509120712/tools/bin/../lib/gcc/arm-none-eabi/13.3.1/../../../../arm-none-eabi/lib/thumb/v7e-m+fp/hard\libc_nano.a(libc_a-impure.o)
                0x20000004                _impure_data
 *(.RamFunc)
 *(.RamFunc*)
                0x20000050                        . = ALIGN (0x4)
                0x20000050                        _edata = .

.igot.plt       0x20000050        0x0 load address 0x08001990
 .igot.plt      0x20000050        0x0 C:/ST/STM32CubeIDE_1.19.0/STM32CubeIDE/plugins/com.st.stm32cube.ide.mcu.externaltools.gnu-tools-for-stm32.13.3.rel1.win32_1.0.100.202509120712/tools/bin/../lib/gcc/arm-none-eabi/13.3.1/thumb/v7e-m+fp/hard/crtbegin.o
                0x20000050                        . = ALIGN (0x4)

.bss            0x20000050      0x780 load address 0x08001990
                0x20000050                        _sbss = .
                0x20000050                        __bss_start__ = _sbss
 *(.bss)
 .bss           0x20000050       0x1c C:/ST/STM32CubeIDE_1.19.0/STM32CubeIDE/plugins/com.st.stm32cube.ide.mcu.externaltools.gnu-tools-for-stm32.13.3.rel1.win32_1.0.100.202509120712/tools/bin/../lib/gcc/arm-none-eabi/13.3.1/thumb/v7e-m+fp/hard/crtbegin.o
 *(.bss*)
 .bss.adc_buffer
                0x2000006c      0x200 ./Energy_monitor/src/energy_meter.o
 *fill*         0x2000026c        0x4 
 .bss.acc_v_sq.6
                0x20000270        0x8 ./Energy_monitor/src/energy_meter.o
 .bss.acc_i_sq.5
                0x20000278        0x8 ./Energy_monitor/src/energy_meter.o
 .bss.acc_p_inst.4
                0x20000280        0x4 ./Energy_monitor/src/energy_meter.o
 .bss.last_v_sign.3
                0x20000284        0x4 ./Energy_monitor/src/energy_meter.o
 .bss.zero_crossings.2
                0x20000288        0x4 ./Energy_monitor/src/energy_meter.o
 .bss.sample_count.1
                0x2000028c        0x4 ./Energy_monitor/src/energy_meter.o
 .bss.energy_ws.0
                0x20000290        0x4 ./Energy_monitor/src/energy_meter.o
 .bss.OLED_Buffer
                0x20000294      0x400 ./Energy_monitor/src/ssd1306.o
 .bss.cursor_x  0x20000694        0x1 ./Energy_monitor/src/ssd1306.o
 .bss.cursor_y  0x20000695        0x1 ./Energy_monitor/src/ssd1306.o
 *fill*         0x20000696        0x2 
 .bss.__sf      0x20000698      0x138 C:/ST/STM32CubeIDE_1.19.0/STM32CubeIDE/plugins/com.st.stm32cube.ide.mcu.externaltools.gnu-tools-for-stm32.13.3.rel1.win32_1.0.100.202509120712/tools/bin/../lib/gcc/arm-none-eabi/13.3.1/../../../../arm-none-eabi/lib/thumb/v7e-m+fp/hard\libc_nano.a(libc_a-findfp.o)
                0x20000698                __sf
 *(COMMON)
                0x200007d0                        . = ALIGN (0x4)
                0x200007d0                        _ebss = .
                0x200007d0                        __bss_end__ = _ebss

._user_heap_stack
                0x200007d0      0x600 load address 0x08001990
                0x200007d0                        . = ALIGN (0x8)
                [!provide]                        PROVIDE (end = .)
                0x200007d0                        PROVIDE (_end = .)
                0x200009d0                        . = (. + _Min_Heap_Size)
 *fill*         0x200007d0      0x200 
                0x20000dd0                        . = (. + _Min_Stack_Size)
 *fill*         0x200009d0      0x400 
                0x20000dd0                        . = ALIGN (0x8)

/DISCARD/
 libc.a(*)
 libm.a(*)
 libgcc.a(*)

.ARM.attributes
                0x00000000       0x30
 *(.ARM.attributes)
 .ARM.attributes
                0x00000000       0x22 C:/ST/STM32CubeIDE_1.19.0/STM32CubeIDE/plugins/com.st.stm32cube.ide.mcu.externaltools.gnu-tools-for-stm32.13.3.rel1.win32_1.0.100.202509120712/tools/bin/../lib/gcc/arm-none-eabi/13.3.1/thumb/v7e-m+fp/hard/crti.o
 .ARM.attributes
                0x00000022       0x34 C:/ST/STM32CubeIDE_1.19.0/STM32CubeIDE/plugins/com.st.stm32cube.ide.mcu.externaltools.gnu-tools-for-stm32.13.3.rel1.win32_1.0.100.202509120712/tools/bin/../lib/gcc/arm-none-eabi/13.3.1/thumb/v7e-m+fp/hard/crtbegin.o
 .ARM.attributes
                0x00000056       0x34 ./Energy_monitor/src/adc_dma_driver.o
 .ARM.attributes
                0x0000008a       0x34 ./Energy_monitor/src/energy_meter.o
 .ARM.attributes
                0x000000be       0x34 ./Energy_monitor/src/fonts.o
 .ARM.attributes
                0x000000f2       0x34 ./Energy_monitor/src/i2c_driver.o
 .ARM.attributes
                0x00000126       0x34 ./Energy_monitor/src/main.o
 .ARM.attributes
                0x0000015a       0x34 ./Energy_monitor/src/ssd1306.o
 .ARM.attributes
                0x0000018e       0x34 ./Energy_monitor/src/timer_driver.o
 .ARM.attributes
                0x000001c2       0x34 ./Energy_monitor/src/uart_driver.o
 .ARM.attributes
                0x000001f6       0x21 ./Startup/startup_stm32f446retx.o
 .ARM.attributes
                0x00000217       0x34 C:/ST/STM32CubeIDE_1.19.0/STM32CubeIDE/plugins/com.st.stm32cube.ide.mcu.externaltools.gnu-tools-for-stm32.13.3.rel1.win32_1.0.100.202509120712/tools/bin/../lib/gcc/arm-none-eabi/13.3.1/../../../../arm-none-eabi/lib/thumb/v7e-m+fp/hard\libc_nano.a(libc_a-findfp.o)
 .ARM.attributes
                0x0000024b       0x34 C:/ST/STM32CubeIDE_1.19.0/STM32CubeIDE/plugins/com.st.stm32cube.ide.mcu.externaltools.gnu-tools-for-stm32.13.3.rel1.win32_1.0.100.202509120712/tools/bin/../lib/gcc/arm-none-eabi/13.3.1/../../../../arm-none-eabi/lib/thumb/v7e-m+fp/hard\libc_nano.a(libc_a-memset.o)
 .ARM.attributes
                0x0000027f       0x34 C:/ST/STM32CubeIDE_1.19.0/STM32CubeIDE/plugins/com.st.stm32cube.ide.mcu.externaltools.gnu-tools-for-stm32.13.3.rel1.win32_1.0.100.202509120712/tools/bin/../lib/gcc/arm-none-eabi/13.3.1/../../../../arm-none-eabi/lib/thumb/v7e-m+fp/hard\libc_nano.a(libc_a-impure.o)
 .ARM.attributes
                0x000002b3       0x34 C:/ST/STM32CubeIDE_1.19.0/STM32CubeIDE/plugins/com.st.stm32cube.ide.mcu.externaltools.gnu-tools-for-stm32.13.3.rel1.win32_1.0.100.202509120712/tools/bin/../lib/gcc/arm-none-eabi/13.3.1/../../../../arm-none-eabi/lib/thumb/v7e-m+fp/hard\libc_nano.a(libc_a-errno.o)
 .ARM.attributes
                0x000002e7       0x34 C:/ST/STM32CubeIDE_1.19.0/STM32CubeIDE/plugins/com.st.stm32cube.ide.mcu.externaltools.gnu-tools-for-stm32.13.3.rel1.win32_1.0.100.202509120712/tools/bin/../lib/gcc/arm-none-eabi/13.3.1/../../../../arm-none-eabi/lib/thumb/v7e-m+fp/hard\libc_nano.a(libc_a-init.o)
 .ARM.attributes
                0x0000031b       0x34 C:/ST/STM32CubeIDE_1.19.0/STM32CubeIDE/plugins/com.st.stm32cube.ide.mcu.externaltools.gnu-tools-for-stm32.13.3.rel1.win32_1.0.100.202509120712/tools/bin/../lib/gcc/arm-none-eabi/13.3.1/../../../../arm-none-eabi/lib/thumb/v7e-m+fp/hard\libm.a(libm_a-wf_sqrt.o)
 .ARM.attributes
                0x0000034f       0x34 C:/ST/STM32CubeIDE_1.19.0/STM32CubeIDE/plugins/com.st.stm32cube.ide.mcu.externaltools.gnu-tools-for-stm32.13.3.rel1.win32_1.0.100.202509120712/tools/bin/../lib/gcc/arm-none-eabi/13.3.1/../../../../arm-none-eabi/lib/thumb/v7e-m+fp/hard\libm.a(libm_a-ef_sqrt.o)
 .ARM.attributes
                0x00000383       0x22 C:/ST/STM32CubeIDE_1.19.0/STM32CubeIDE/plugins/com.st.stm32cube.ide.mcu.externaltools.gnu-tools-for-stm32.13.3.rel1.win32_1.0.100.202509120712/tools/bin/../lib/gcc/arm-none-eabi/13.3.1/thumb/v7e-m+fp/hard\libgcc.a(_arm_addsubsf3.o)
 .ARM.attributes
                0x000003a5       0x22 C:/ST/STM32CubeIDE_1.19.0/STM32CubeIDE/plugins/com.st.stm32cube.ide.mcu.externaltools.gnu-tools-for-stm32.13.3.rel1.win32_1.0.100.202509120712/tools/bin/../lib/gcc/arm-none-eabi/13.3.1/thumb/v7e-m+fp/hard/crtn.o
OUTPUT(Energy_Data_Acquisition_With_Custom_Dsp.elf elf32-littlearm)
LOAD linker stubs
LOAD C:/ST/STM32CubeIDE_1.19.0/STM32CubeIDE/plugins/com.st.stm32cube.ide.mcu.externaltools.gnu-tools-for-stm32.13.3.rel1.win32_1.0.100.202509120712/tools/bin/../lib/gcc/arm-none-eabi/13.3.1/../../../../arm-none-eabi/lib/thumb/v7e-m+fp/hard\libc.a
LOAD C:/ST/STM32CubeIDE_1.19.0/STM32CubeIDE/plugins/com.st.stm32cube.ide.mcu.externaltools.gnu-tools-for-stm32.13.3.rel1.win32_1.0.100.202509120712/tools/bin/../lib/gcc/arm-none-eabi/13.3.1/../../../../arm-none-eabi/lib/thumb/v7e-m+fp/hard\libm.a
LOAD C:/ST/STM32CubeIDE_1.19.0/STM32CubeIDE/plugins/com.st.stm32cube.ide.mcu.externaltools.gnu-tools-for-stm32.13.3.rel1.win32_1.0.100.202509120712/tools/bin/../lib/gcc/arm-none-eabi/13.3.1/thumb/v7e-m+fp/hard\libgcc.a

.debug_info     0x00000000     0x1e20
 .debug_info    0x00000000      0x3ad ./Energy_monitor/src/adc_dma_driver.o
 .debug_info    0x000003ad      0x457 ./Energy_monitor/src/energy_meter.o
 .debug_info    0x00000804       0xa3 ./Energy_monitor/src/fonts.o
 .debug_info    0x000008a7      0x67d ./Energy_monitor/src/i2c_driver.o
 .debug_info    0x00000f24       0x8c ./Energy_monitor/src/main.o
 .debug_info    0x00000fb0      0x358 ./Energy_monitor/src/ssd1306.o
 .debug_info    0x00001308      0x25c ./Energy_monitor/src/timer_driver.o
 .debug_info    0x00001564      0x88c ./Energy_monitor/src/uart_driver.o
 .debug_info    0x00001df0       0x30 ./Startup/startup_stm32f446retx.o

.debug_abbrev   0x00000000      0x862
 .debug_abbrev  0x00000000       0xc3 ./Energy_monitor/src/adc_dma_driver.o
 .debug_abbrev  0x000000c3      0x178 ./Energy_monitor/src/energy_meter.o
 .debug_abbrev  0x0000023b       0x72 ./Energy_monitor/src/fonts.o
 .debug_abbrev  0x000002ad      0x14e ./Energy_monitor/src/i2c_driver.o
 .debug_abbrev  0x000003fb       0x5c ./Energy_monitor/src/main.o
 .debug_abbrev  0x00000457      0x14f ./Energy_monitor/src/ssd1306.o
 .debug_abbrev  0x000005a6       0xa5 ./Energy_monitor/src/timer_driver.o
 .debug_abbrev  0x0000064b      0x1f3 ./Energy_monitor/src/uart_driver.o
 .debug_abbrev  0x0000083e       0x24 ./Startup/startup_stm32f446retx.o

.debug_aranges  0x00000000      0x250
 .debug_aranges
                0x00000000       0x20 ./Energy_monitor/src/adc_dma_driver.o
 .debug_aranges
                0x00000020       0x40 ./Energy_monitor/src/energy_meter.o
 .debug_aranges
                0x00000060       0x18 ./Energy_monitor/src/fonts.o
 .debug_aranges
                0x00000078       0x68 ./Energy_monitor/src/i2c_driver.o
 .debug_aranges
                0x000000e0       0x20 ./Energy_monitor/src/main.o
 .debug_aranges
                0x00000100       0x58 ./Energy_monitor/src/ssd1306.o
 .debug_aranges
                0x00000158       0x20 ./Energy_monitor/src/timer_driver.o
 .debug_aranges
                0x00000178       0xb0 ./Energy_monitor/src/uart_driver.o
 .debug_aranges
                0x00000228       0x28 ./Startup/startup_stm32f446retx.o

.debug_rnglists
                0x00000000      0x18f
 .debug_rnglists
                0x00000000       0x14 ./Energy_monitor/src/adc_dma_driver.o
 .debug_rnglists
                0x00000014       0x2d ./Energy_monitor/src/energy_meter.o
 .debug_rnglists
                0x00000041       0x4b ./Energy_monitor/src/i2c_driver.o
 .debug_rnglists
                0x0000008c       0x13 ./Energy_monitor/src/main.o
 .debug_rnglists
                0x0000009f       0x3f ./Energy_monitor/src/ssd1306.o
 .debug_rnglists
                0x000000de       0x13 ./Energy_monitor/src/timer_driver.o
 .debug_rnglists
                0x000000f1       0x85 ./Energy_monitor/src/uart_driver.o
 .debug_rnglists
                0x00000176       0x19 ./Startup/startup_stm32f446retx.o

.debug_macro    0x00000000     0x228d
 .debug_macro   0x00000000       0x29 ./Energy_monitor/src/adc_dma_driver.o
 .debug_macro   0x00000029      0xae4 ./Energy_monitor/src/adc_dma_driver.o
 .debug_macro   0x00000b0d      0x103 ./Energy_monitor/src/adc_dma_driver.o
 .debug_macro   0x00000c10       0x4c ./Energy_monitor/src/adc_dma_driver.o
 .debug_macro   0x00000c5c      0x1b0 ./Energy_monitor/src/energy_meter.o
 .debug_macro   0x00000e0c       0x52 ./Energy_monitor/src/energy_meter.o
 .debug_macro   0x00000e5e      0x13d ./Energy_monitor/src/energy_meter.o
 .debug_macro   0x00000f9b       0xe2 ./Energy_monitor/src/energy_meter.o
 .debug_macro   0x0000107d       0x22 ./Energy_monitor/src/energy_meter.o
 .debug_macro   0x0000109f       0x8e ./Energy_monitor/src/energy_meter.o
 .debug_macro   0x0000112d       0x22 ./Energy_monitor/src/energy_meter.o
 .debug_macro   0x0000114f       0x5b ./Energy_monitor/src/energy_meter.o
 .debug_macro   0x000011aa       0x2a ./Energy_monitor/src/energy_meter.o
 .debug_macro   0x000011d4       0x94 ./Energy_monitor/src/energy_meter.o
 .debug_macro   0x00001268       0x43 ./Energy_monitor/src/energy_meter.o
 .debug_macro   0x000012ab       0x34 ./Energy_monitor/src/energy_meter.o
 .debug_macro   0x000012df      0x190 ./Energy_monitor/src/energy_meter.o
 .debug_macro   0x0000146f       0x57 ./Energy_monitor/src/energy_meter.o
 .debug_macro   0x000014c6      0x370 ./Energy_monitor/src/energy_meter.o
 .debug_macro   0x00001836       0x16 ./Energy_monitor/src/energy_meter.o
 .debug_macro   0x0000184c       0x4a ./Energy_monitor/src/energy_meter.o
 .debug_macro   0x00001896       0x34 ./Energy_monitor/src/energy_meter.o
 .debug_macro   0x000018ca       0x10 ./Energy_monitor/src/energy_meter.o
 .debug_macro   0x000018da       0x58 ./Energy_monitor/src/energy_meter.o
 .debug_macro   0x00001932       0x8e ./Energy_monitor/src/energy_meter.o
 .debug_macro   0x000019c0       0x1c ./Energy_monitor/src/energy_meter.o
 .debug_macro   0x000019dc      0x185 ./Energy_monitor/src/energy_meter.o
 .debug_macro   0x00001b61      0x19b ./Energy_monitor/src/energy_meter.o
 .debug_macro   0x00001cfc       0x16 ./Energy_monitor/src/energy_meter.o
 .debug_macro   0x00001d12       0x3c ./Energy_monitor/src/energy_meter.o
 .debug_macro   0x00001d4e       0x16 ./Energy_monitor/src/energy_meter.o
 .debug_macro   0x00001d64       0x29 ./Energy_monitor/src/energy_meter.o
 .debug_macro   0x00001d8d       0x16 ./Energy_monitor/src/energy_meter.o
 .debug_macro   0x00001da3       0x20 ./Energy_monitor/src/energy_meter.o
 .debug_macro   0x00001dc3       0x24 ./Energy_monitor/src/fonts.o
 .debug_macro   0x00001de7       0x2f ./Energy_monitor/src/i2c_driver.o
 .debug_macro   0x00001e16       0xdc ./Energy_monitor/src/i2c_driver.o
 .debug_macro   0x00001ef2       0x28 ./Energy_monitor/src/main.o
 .debug_macro   0x00001f1a      0x130 ./Energy_monitor/src/ssd1306.o
 .debug_macro   0x0000204a       0x88 ./Energy_monitor/src/ssd1306.o
 .debug_macro   0x000020d2       0x10 ./Energy_monitor/src/ssd1306.o
 .debug_macro   0x000020e2       0x29 ./Energy_monitor/src/timer_driver.o
 .debug_macro   0x0000210b       0x1c ./Energy_monitor/src/timer_driver.o
 .debug_macro   0x00002127       0x2f ./Energy_monitor/src/uart_driver.o
 .debug_macro   0x00002156      0x137 ./Energy_monitor/src/uart_driver.o

.debug_line     0x00000000     0x1ef7
 .debug_line    0x00000000      0x173 ./Energy_monitor/src/adc_dma_driver.o
 .debug_line    0x00000173      0x95c ./Energy_monitor/src/energy_meter.o
 .debug_line    0x00000acf       0xd7 ./Energy_monitor/src/fonts.o
 .debug_line    0x00000ba6      0x3a7 ./Energy_monitor/src/i2c_driver.o
 .debug_line    0x00000f4d       0xf8 ./Energy_monitor/src/main.o
 .debug_line    0x00001045      0x7b3 ./Energy_monitor/src/ssd1306.o
 .debug_line    0x000017f8      0x11a ./Energy_monitor/src/timer_driver.o
 .debug_line    0x00001912      0x56a ./Energy_monitor/src/uart_driver.o
 .debug_line    0x00001e7c       0x7b ./Startup/startup_stm32f446retx.o

.debug_str      0x00000000     0x8b6f
 .debug_str     0x00000000     0x8b6f ./Energy_monitor/src/adc_dma_driver.o
                               0x36aa (size before relaxing)
 .debug_str     0x00008b6f        0x0 ./Energy_monitor/src/energy_meter.o
                               0x8537 (size before relaxing)
 .debug_str     0x00008b6f        0x0 ./Energy_monitor/src/fonts.o
                               0x33e8 (size before relaxing)
 .debug_str     0x00008b6f        0x0 ./Energy_monitor/src/i2c_driver.o
                               0x39fc (size before relaxing)
 .debug_str     0x00008b6f        0x0 ./Energy_monitor/src/main.o
                               0x3404 (size before relaxing)
 .debug_str     0x00008b6f        0x0 ./Energy_monitor/src/ssd1306.o
                               0x73d4 (size before relaxing)
 .debug_str     0x00008b6f        0x0 ./Energy_monitor/src/timer_driver.o
                               0x3534 (size before relaxing)
 .debug_str     0x00008b6f        0x0 ./Energy_monitor/src/uart_driver.o
                               0x3cde (size before relaxing)
 .debug_str     0x00008b6f        0x0 ./Startup/startup_stm32f446retx.o
                                 0xae (size before relaxing)

.comment        0x00000000       0x43
 .comment       0x00000000       0x43 ./Energy_monitor/src/adc_dma_driver.o
                                 0x44 (size before relaxing)
 .comment       0x00000043        0x0 ./Energy_monitor/src/energy_meter.o
                                 0x44 (size before relaxing)
 .comment       0x00000043        0x0 ./Energy_monitor/src/fonts.o
                                 0x44 (size before relaxing)
 .comment       0x00000043        0x0 ./Energy_monitor/src/i2c_driver.o
                                 0x44 (size before relaxing)
 .comment       0x00000043        0x0 ./Energy_monitor/src/main.o
                                 0x44 (size before relaxing)
 .comment       0x00000043        0x0 ./Energy_monitor/src/ssd1306.o
                                 0x44 (size before relaxing)
 .comment       0x00000043        0x0 ./Energy_monitor/src/timer_driver.o
                                 0x44 (size before relaxing)
 .comment       0x00000043        0x0 ./Energy_monitor/src/uart_driver.o
                                 0x44 (size before relaxing)

.debug_frame    0x00000000      0x960
 .debug_frame   0x00000000       0x38 ./Energy_monitor/src/adc_dma_driver.o
 .debug_frame   0x00000038       0xc0 ./Energy_monitor/src/energy_meter.o
 .debug_frame   0x000000f8      0x194 ./Energy_monitor/src/i2c_driver.o
 .debug_frame   0x0000028c       0x2c ./Energy_monitor/src/main.o
 .debug_frame   0x000002b8      0x134 ./Energy_monitor/src/ssd1306.o
 .debug_frame   0x000003ec       0x30 ./Energy_monitor/src/timer_driver.o
 .debug_frame   0x0000041c      0x2f0 ./Energy_monitor/src/uart_driver.o
 .debug_frame   0x0000070c      0x144 C:/ST/STM32CubeIDE_1.19.0/STM32CubeIDE/plugins/com.st.stm32cube.ide.mcu.externaltools.gnu-tools-for-stm32.13.3.rel1.win32_1.0.100.202509120712/tools/bin/../lib/gcc/arm-none-eabi/13.3.1/../../../../arm-none-eabi/lib/thumb/v7e-m+fp/hard\libc_nano.a(libc_a-findfp.o)
 .debug_frame   0x00000850       0x20 C:/ST/STM32CubeIDE_1.19.0/STM32CubeIDE/plugins/com.st.stm32cube.ide.mcu.externaltools.gnu-tools-for-stm32.13.3.rel1.win32_1.0.100.202509120712/tools/bin/../lib/gcc/arm-none-eabi/13.3.1/../../../../arm-none-eabi/lib/thumb/v7e-m+fp/hard\libc_nano.a(libc_a-memset.o)
 .debug_frame   0x00000870       0x20 C:/ST/STM32CubeIDE_1.19.0/STM32CubeIDE/plugins/com.st.stm32cube.ide.mcu.externaltools.gnu-tools-for-stm32.13.3.rel1.win32_1.0.100.202509120712/tools/bin/../lib/gcc/arm-none-eabi/13.3.1/../../../../arm-none-eabi/lib/thumb/v7e-m+fp/hard\libc_nano.a(libc_a-errno.o)
 .debug_frame   0x00000890       0x2c C:/ST/STM32CubeIDE_1.19.0/STM32CubeIDE/plugins/com.st.stm32cube.ide.mcu.externaltools.gnu-tools-for-stm32.13.3.rel1.win32_1.0.100.202509120712/tools/bin/../lib/gcc/arm-none-eabi/13.3.1/../../../../arm-none-eabi/lib/thumb/v7e-m+fp/hard\libc_nano.a(libc_a-init.o)
 .debug_frame   0x000008bc       0x38 C:/ST/STM32CubeIDE_1.19.0/STM32CubeIDE/plugins/com.st.stm32cube.ide.mcu.externaltools.gnu-tools-for-stm32.13.3.rel1.win32_1.0.100.202509120712/tools/bin/../lib/gcc/arm-none-eabi/13.3.1/../../../../arm-none-eabi/lib/thumb/v7e-m+fp/hard\libm.a(libm_a-wf_sqrt.o)
 .debug_frame   0x000008f4       0x20 C:/ST/STM32CubeIDE_1.19.0/STM32CubeIDE/plugins/com.st.stm32cube.ide.mcu.externaltools.gnu-tools-for-stm32.13.3.rel1.win32_1.0.100.202509120712/tools/bin/../lib/gcc/arm-none-eabi/13.3.1/../../../../arm-none-eabi/lib/thumb/v7e-m+fp/hard\libm.a(libm_a-ef_sqrt.o)
 .debug_frame   0x00000914       0x4c C:/ST/STM32CubeIDE_1.19.0/STM32CubeIDE/plugins/com.st.stm32cube.ide.mcu.externaltools.gnu-tools-for-stm32.13.3.rel1.win32_1.0.100.202509120712/tools/bin/../lib/gcc/arm-none-eabi/13.3.1/thumb/v7e-m+fp/hard\libgcc.a(_arm_addsubsf3.o)

.debug_line_str
                0x00000000       0x92
 .debug_line_str
                0x00000000       0x92 ./Startup/startup_stm32f446retx.o
