../Src/main.c:141:5:main	8	static
../Src/main.c:169:6:Accumulate_Data	112	static
../Src/main.c:319:6:Hardware_Init	4	static
../Src/main.c:359:6:UART2_SendString	16	static
../Src/main.c:365:6:UART2_SendNumber	32	static
../Src/main.c:374:6:I2C1_WriteMulti	24	static
../Src/main.c:392:6:I2C1_Write	24	static
../Src/main.c:399:6:SSD1306_Init	48	static
../Src/main.c:404:6:SSD1306_Clear	8	static
../Src/main.c:408:6:SSD1306_Update	16	static
../Src/main.c:417:6:SSD1306_SetCursor	16	static
../Src/main.c:422:6:SSD1306_DrawChar	24	static
../Src/main.c:430:6:SSD1306_Print	16	static
../Src/main.c:434:6:SSD1306_PrintNumber	32	static
../Src/main.c:441:6:SSD1306_PrintCentered	32	static
