#
# A fatal error has been detected by the Java Runtime Environment:
#
#  EXCEPTION_ACCESS_VIOLATION (0xc0000005) at pc=0x00007ffef224a110, pid=24648, tid=24432
#
# JRE version: OpenJDK Runtime Environment Temurin-21.0.8+9 (21.0.8+9) (build 21.0.8+9-LTS)
# Java VM: OpenJDK 64-Bit Server VM Temurin-21.0.8+9 (21.0.8+9-LTS, mixed mode, tiered, compressed oops, compressed class ptrs, g1 gc, windows-amd64)
# Problematic frame:
# C  [windows.storage.dll+0x5a110]
#
# No core dump will be written. Minidumps are not enabled by default on client versions of Windows
#
# If you would like to submit a bug report, please visit:
#   https://github.com/adoptium/adoptium-support/issues
#

---------------  S U M M A R Y ------------

Command Line: -Djavax.net.ssl.trustStoreType=WINDOWS-ROOT -Dsun.java2d.d3d=false --add-exports=java.desktop/sun.awt=ALL-UNNAMED --add-opens=java.desktop/java.awt=ALL-UNNAMED -Dfile.encoding=UTF8 com.st.microxplorer.maingui.STM32CubeMX C:\Users\KICHU\Desktop\EMBEDDED_SYSTEM_D\EMBEDDED_SYSTEM\STM32-M4\STM32-M4.ioc

Host: Intel(R) Core(TM) i5-10300H CPU @ 2.50GHz, 8 cores, 15G,  Windows 10 , 64 bit Build 21996 (10.0.21996.1)
Time: Fri Dec  5 22:07:24 2025 India Standard Time elapsed time: 5289.224933 seconds (0d 1h 28m 9s)

---------------  T H R E A D  ---------------

Current thread (0x000001bb35c2d8a0):  VMThread "VM Thread"          [id=24432, stack(0x0000000100d00000,0x0000000100e00000) (1024K)]

Stack: [0x0000000100d00000,0x0000000100e00000],  sp=0x0000000100dff310,  free space=1020k
Native frames: (J=compiled Java code, j=interpreted, Vv=VM code, C=native code)
C  [windows.storage.dll+0x5a110]


siginfo: EXCEPTION_ACCESS_VIOLATION (0xc0000005), reading address 0x0000000000000008


Registers:
RAX=0x0000b9e4e654eb63, RBX=0x0000000000000065, RCX=0x0000000100dff3a8, RDX=0x000001bb3a9c65c0
RSP=0x0000000100dff310, RBP=0x00007ffef21f0000, RSI=0x0000000000000000, RDI=0x000001bb3f6d8400
R8 =0x0000000000000000, R9 =0x00000000ffffffff, R10=0x0000000000000000, R11=0x000001bb3a9c7260
R12=0x00007ffef23b6130, R13=0x00007ffe753cd550, R14=0x00007ffef21f0000, R15=0x0000000000000001
RIP=0x00007ffef224a110, EFLAGS=0x0000000000010206

XMM[0]=0x0000000000000000 0x0000000000000000
XMM[1]=0x0000000000000000 0x000001bb3b5bb830
XMM[2]=0x0000000000000000 0x0000000000000000
XMM[3]=0x0000000000000000 0x0000000000000000
XMM[4]=0x0000000000000000 0x0000000000000000
XMM[5]=0x0000000000000000 0x0000000000000000
XMM[6]=0x0000000000000000 0x0000000000000000
XMM[7]=0x0000000000000000 0x404e000000000000
XMM[8]=0x0000000000000000 0x0000000000000000
XMM[9]=0x0000000000000000 0x0000000000000000
XMM[10]=0x0000000000000000 0x0000000000000000
XMM[11]=0x0000000000000000 0x0000000000000000
XMM[12]=0x0000000000000000 0x0000000000000000
XMM[13]=0x0000000000000000 0x0000000000000000
XMM[14]=0x0000000000000000 0x0000000000000000
XMM[15]=0x0000000000000000 0x0000000000000000
  MXCSR=0x00001fa3


Register to memory mapping:

RAX=0x0000b9e4e654eb63 is an unknown value
RBX=0x0000000000000065 is an unknown value
RCX=0x0000000100dff3a8 points into unknown readable memory: 0x000001bb3f6d8400 | 00 84 6d 3f bb 01 00 00
RDX=0x000001bb3a9c65c0 points into unknown readable memory: 0x00690072006f002e | 2e 00 6f 00 72 00 69 00
RSP=0x0000000100dff310 points into unknown readable memory: 0x0000000000000001 | 01 00 00 00 00 00 00 00
RBP=0x00007ffef21f0000 windows.storage.dll
RSI=0x0 is null
RDI=0x000001bb3f6d8400 points into unknown readable memory: 0x000001bb3acaea50 | 50 ea ca 3a bb 01 00 00
R8 =0x0 is null
R9 =0x00000000ffffffff is an unknown value
R10=0x0 is null
R11=0x000001bb3a9c7260 points into unknown readable memory: 0x006600690067002e | 2e 00 67 00 69 00 66 00
R12=0x00007ffef23b6130 windows.storage.dll
R13=0x00007ffe753cd550 jvm.dll
R14=0x00007ffef21f0000 windows.storage.dll
R15=0x0000000000000001 is an unknown value

Top of Stack: (sp=0x0000000100dff310)
0x0000000100dff310:   0000000000000001 0000000000000000
0x0000000100dff320:   0000000000000001 00007ffef21f0000
0x0000000100dff330:   00007ffe753cd550 00007ffef23b6130
0x0000000100dff340:   0000000000000000 000001bb3a9c7260
0x0000000100dff350:   0000b9e4e654eb63 000001bb13970000
0x0000000100dff360:   00007ffef21f0000 000001bb3f6d8400
0x0000000100dff370:   0000000000000000 00007ffef22856ad
0x0000000100dff380:   0000000000000001 00007ffef22e1458
0x0000000100dff390:   000001bb3e797220 0000000000000065
0x0000000100dff3a0:   0000000000000000 000001bb3f6d8400
0x0000000100dff3b0:   0000b9e4e654ebf3 00007ffef22f0e4f
0x0000000100dff3c0:   0000000000000001 00007ffef22733b2
0x0000000100dff3d0:   0000000000000001 000001bb3f6d8400
0x0000000100dff3e0:   0000000000000000 00007ffef22f08e6
0x0000000100dff3f0:   0000000000000001 00007ffef21f0000
0x0000000100dff400:   0000b9e4e654eba3 0000000100dff750
0x0000000100dff410:   0000000000000001 00007ffef22f0894
0x0000000100dff420:   00007ffef68d7c60 000001bb3f6d8400
0x0000000100dff430:   0000000000000000 00007ffe0000000d
0x0000000100dff440:   000000000000000d 0000000100dff430
0x0000000100dff450:   0000000000000000 0000b9e4e654ec53
0x0000000100dff460:   0000000000000001 00007ffef23bfdd4
0x0000000100dff470:   0000000000000001 0000000000000000
0x0000000100dff480:   0000000000000000 00007ffef6c9fb03
0x0000000100dff490:   0000000000000000 00007ffef23b6065
0x0000000100dff4a0:   000000007ffe0385 0000000100dff750
0x0000000100dff4b0:   0000000000000001 0000000000000001
0x0000000100dff4c0:   00007ffef59d0000 00007ffef59d2061
0x0000000100dff4d0:   00007ffe00000001 0000000100dff750
0x0000000100dff4e0:   00007ffef21f0000 000000007ffe0384
0x0000000100dff4f0:   0000000000000000 00007ffef6c9fb97
0x0000000100dff500:   00007ffef21f0000 0000000000000000 

Instructions: (pc=0x00007ffef224a110)
0x00007ffef224a010:   48 89 47 58 48 8b c7 48 83 c4 20 5f c3 cc cc cc
0x00007ffef224a020:   cc cc cc cc 40 53 48 83 ec 20 48 8b d9 c7 41 64
0x00007ffef224a030:   01 00 00 00 48 8d 05 ad 5c 60 00 48 89 01 48 8d
0x00007ffef224a040:   05 3b 5c 60 00 48 89 41 08 48 8d 05 f8 5b 60 00
0x00007ffef224a050:   48 89 41 10 48 8d 05 b5 5b 60 00 48 89 41 18 48
0x00007ffef224a060:   8d 05 72 5b 60 00 48 89 41 20 48 8d 05 1f 5b 60
0x00007ffef224a070:   00 48 89 41 28 48 8d 05 dc 5a 60 00 48 89 41 30
0x00007ffef224a080:   48 8d 05 89 5a 60 00 48 89 41 38 48 8d 05 0e 5a
0x00007ffef224a090:   60 00 48 89 41 40 48 8d 05 c3 59 60 00 48 89 41
0x00007ffef224a0a0:   48 48 83 61 70 00 c7 41 78 04 00 00 00 48 8b 0d
0x00007ffef224a0b0:   dc 7e 77 00 48 85 c9 74 17 48 8b 01 49 ba 70 e3
0x00007ffef224a0c0:   d8 30 a2 3e 28 a0 48 8b 40 08 ff 15 b8 25 66 00
0x00007ffef224a0d0:   48 8b c3 48 83 c4 20 5b c3 cc cc cc cc cc cc cc
0x00007ffef224a0e0:   4d 8b 00 48 8b 12 e9 09 00 00 00 cc cc cc cc cc
0x00007ffef224a0f0:   cc cc cc cc 48 89 5c 24 20 56 57 41 56 48 83 ec
0x00007ffef224a100:   50 48 8b 05 18 6c 77 00 48 33 c4 48 89 44 24 40
0x00007ffef224a110:   49 8b 58 08 49 8b f0 48 89 54 24 38 4c 8b f1 48
0x00007ffef224a120:   85 db 74 4d 48 8b d3 48 8d 7b ff 48 3b fa 0f 83
0x00007ffef224a130:   1e 56 22 00 48 8b 06 48 8b 4c d8 f8 48 85 c9 74
0x00007ffef224a140:   0a ba 01 00 00 00 e8 c1 00 00 00 48 8b 56 08 48
0x00007ffef224a150:   3b fa 73 14 48 8d 42 ff 48 3b f8 0f 85 13 56 22
0x00007ffef224a160:   00 48 ff ca 48 89 56 08 48 ff cf 48 83 eb 01 75
0x00007ffef224a170:   ba 48 8b ce e8 4b 00 00 00 49 8b 0e 4c 8d 4c 24
0x00007ffef224a180:   30 48 83 64 24 30 00 4c 8d 44 24 38 48 83 c1 10
0x00007ffef224a190:   33 d2 e8 f5 ca 03 00 b8 01 00 00 00 48 8b 4c 24
0x00007ffef224a1a0:   40 48 33 cc e8 d7 bf 16 00 48 8b 9c 24 88 00 00
0x00007ffef224a1b0:   00 48 83 c4 50 41 5e 5f 5e c3 cc cc cc cc cc cc
0x00007ffef224a1c0:   cc cc cc cc 40 53 48 83 ec 20 48 8b d9 48 8b 09
0x00007ffef224a1d0:   48 85 c9 74 10 48 ff 15 64 78 7d 00 0f 1f 44 00
0x00007ffef224a1e0:   00 48 83 23 00 48 83 63 08 00 ba 20 00 00 00 48
0x00007ffef224a1f0:   83 63 18 00 48 8b cb e8 50 c7 16 00 48 8b c3 48
0x00007ffef224a200:   83 c4 20 5b c3 cc cc cc cc cc cc cc 48 89 5c 24 


Stack slot to memory mapping:

stack at sp + 0 slots: 0x0000000000000001 is an unknown value
stack at sp + 1 slots: 0x0 is null
stack at sp + 2 slots: 0x0000000000000001 is an unknown value
stack at sp + 3 slots: 0x00007ffef21f0000 windows.storage.dll
stack at sp + 4 slots: 0x00007ffe753cd550 jvm.dll
stack at sp + 5 slots: 0x00007ffef23b6130 windows.storage.dll
stack at sp + 6 slots: 0x0 is null
stack at sp + 7 slots: 0x000001bb3a9c7260 points into unknown readable memory: 0x006600690067002e | 2e 00 67 00 69 00 66 00

VM_Operation (0x00000001024fea10): Exit, mode: safepoint, requested by thread 0x000001bb3ae8d720


---------------  P R O C E S S  ---------------

Threads class SMR info:
_java_thread_list=0x000001bb3f243a00, length=22, elements={
0x000001bb3a069cc0, 0x000001bb3a059c30, 0x000001bb3a05c570, 0x000001bb3a05cfc0,
0x000001bb3a05da10, 0x000001bb3a05e460, 0x000001bb3a0601f0, 0x000001bb3a08c190,
0x000001bb3a22d140, 0x000001bb3a23c590, 0x000001bb3ae849c0, 0x000001bb3ae8fb10,
0x000001bb3ae8d720, 0x000001bb1399bbf0, 0x000001bb3b98cc60, 0x000001bb3b98c5d0,
0x000001bb3b2697c0, 0x000001bb3b26b200, 0x000001bb3b2676f0, 0x000001bb3b269130,
0x000001bb3b26bf20, 0x000001bb3b269e50
}

Java Threads: ( => current thread )
  0x000001bb3a069cc0 JavaThread "Reference Handler"          daemon [_thread_blocked, id=1376, stack(0x0000000100e00000,0x0000000100f00000) (1024K)]
  0x000001bb3a059c30 JavaThread "Finalizer"                  daemon [_thread_blocked, id=16028, stack(0x0000000100f00000,0x0000000101000000) (1024K)]
  0x000001bb3a05c570 JavaThread "Signal Dispatcher"          daemon [_thread_blocked, id=26240, stack(0x0000000101000000,0x0000000101100000) (1024K)]
  0x000001bb3a05cfc0 JavaThread "Attach Listener"            daemon [_thread_blocked, id=18520, stack(0x0000000101100000,0x0000000101200000) (1024K)]
  0x000001bb3a05da10 JavaThread "Service Thread"             daemon [_thread_blocked, id=23100, stack(0x0000000101200000,0x0000000101300000) (1024K)]
  0x000001bb3a05e460 JavaThread "Monitor Deflation Thread"   daemon [_thread_blocked, id=24540, stack(0x0000000101300000,0x0000000101400000) (1024K)]
  0x000001bb3a0601f0 JavaThread "C2 CompilerThread0"         daemon [_thread_blocked, id=16312, stack(0x0000000101400000,0x0000000101500000) (1024K)]
  0x000001bb3a08c190 JavaThread "C1 CompilerThread0"         daemon [_thread_blocked, id=27624, stack(0x0000000101500000,0x0000000101600000) (1024K)]
  0x000001bb3a22d140 JavaThread "Common-Cleaner"             daemon [_thread_blocked, id=21440, stack(0x0000000101600000,0x0000000101700000) (1024K)]
  0x000001bb3a23c590 JavaThread "Notification Thread"        daemon [_thread_blocked, id=16772, stack(0x0000000101700000,0x0000000101800000) (1024K)]
  0x000001bb3ae849c0 JavaThread "Java2D Disposer"            daemon [_thread_blocked, id=27196, stack(0x0000000102100000,0x0000000102200000) (1024K)]
  0x000001bb3ae8fb10 JavaThread "AWT-Shutdown"                      [_thread_blocked, id=15952, stack(0x0000000102200000,0x0000000102300000) (1024K)]
  0x000001bb3ae8d720 JavaThread "AWT-EventQueue-0"                  [_thread_blocked, id=17392, stack(0x0000000102400000,0x0000000102500000) (1024K)]
  0x000001bb1399bbf0 JavaThread "DestroyJavaVM"                     [_thread_blocked, id=11232, stack(0x0000000100600000,0x0000000100700000) (1024K)]
  0x000001bb3b98cc60 JavaThread "TimerQueue"                 daemon [_thread_blocked, id=2016, stack(0x0000000102a00000,0x0000000102b00000) (1024K)]
  0x000001bb3b98c5d0 JavaThread "SwingWorker-pool-3-thread-1" daemon [_thread_blocked, id=26764, stack(0x0000000102900000,0x0000000102a00000) (1024K)]
  0x000001bb3b2697c0 JavaThread "Thread-17"                  daemon [_thread_blocked, id=14100, stack(0x0000000102500000,0x0000000102600000) (1024K)]
  0x000001bb3b26b200 JavaThread "Thread-36"                  daemon [_thread_blocked, id=16260, stack(0x0000000104600000,0x0000000104700000) (1024K)]
  0x000001bb3b2676f0 JavaThread "Thread-93"                  daemon [_thread_blocked, id=21576, stack(0x0000000101800000,0x0000000101900000) (1024K)]
  0x000001bb3b269130 JavaThread "Thread-237"                 daemon [_thread_blocked, id=9992, stack(0x0000000104100000,0x0000000104200000) (1024K)]
  0x000001bb3b26bf20 JavaThread "SwingWorker-pool-3-thread-2" daemon [_thread_blocked, id=6644, stack(0x0000000102e00000,0x0000000102f00000) (1024K)]
  0x000001bb3b269e50 JavaThread "Keep-Alive-Timer"           daemon [_thread_blocked, id=6160, stack(0x0000000102600000,0x0000000102700000) (1024K)]
Total: 22

Other Threads:
=>0x000001bb35c2d8a0 VMThread "VM Thread"                           [id=24432, stack(0x0000000100d00000,0x0000000100e00000) (1024K)]
  0x000001bb15ccda00 WorkerThread "GC Thread#0"                     [id=28460, stack(0x0000000100700000,0x0000000100800000) (1024K)]
  0x000001bb3acaeea0 WorkerThread "GC Thread#1"                     [id=23276, stack(0x0000000101a00000,0x0000000101b00000) (1024K)]
  0x000001bb3acaf240 WorkerThread "GC Thread#2"                     [id=21792, stack(0x0000000101b00000,0x0000000101c00000) (1024K)]
  0x000001bb3aabe040 WorkerThread "GC Thread#3"                     [id=1804, stack(0x0000000101c00000,0x0000000101d00000) (1024K)]
  0x000001bb3aabe3e0 WorkerThread "GC Thread#4"                     [id=12476, stack(0x0000000101d00000,0x0000000101e00000) (1024K)]
  0x000001bb3ae1b700 WorkerThread "GC Thread#5"                     [id=29684, stack(0x0000000101e00000,0x0000000101f00000) (1024K)]
  0x000001bb3ae1baa0 WorkerThread "GC Thread#6"                     [id=16636, stack(0x0000000101f00000,0x0000000102000000) (1024K)]
  0x000001bb3aba1010 WorkerThread "GC Thread#7"                     [id=20700, stack(0x0000000102000000,0x0000000102100000) (1024K)]
  0x000001bb15cde760 ConcurrentGCThread "G1 Main Marker"            terminated
  0x000001bb15ce0fc0 WorkerThread "G1 Conc#0"                       [id=24828, stack(0x0000000100900000,0x0000000100a00000) (1024K)]
  0x000001bb3a79afa0 WorkerThread "G1 Conc#1"                       [id=15508, stack(0x0000000101900000,0x0000000101a00000) (1024K)]
  0x000001bb35a7b520 ConcurrentGCThread "G1 Refine#0"               terminated
  0x000001bb35a7c090 ConcurrentGCThread "G1 Service"                terminated
Total: 14

Threads with active compile tasks:
Total: 0

VM state: at safepoint (shutting down)

VM Mutex/Monitor currently owned by a thread:  ([mutex/lock_event])
[0x00007ffe753a5458] Threads_lock - owner thread: 0x000001bb35c2d8a0
[0x00007ffe753a5558] Heap_lock - owner thread: 0x000001bb3ae8d720

Heap address: 0x0000000702800000, size: 4056 MB, Compressed Oops mode: Zero based, Oop shift amount: 3

CDS archive(s) not mapped
Compressed class space mapped at: 0x0000000800000000-0x0000000840000000, reserved size: 1073741824
Narrow klass base: 0x0000000800000000, Narrow klass shift: 0, Narrow klass range: 0x40000000

GC Precious Log:
 CardTable entry size: 512
 Card Set container configuration: InlinePtr #cards 4 size 8 Array Of Cards #cards 16 size 48 Howl #buckets 8 coarsen threshold 3686 Howl Bitmap #cards 512 size 80 coarsen threshold 460 Card regions per heap region 1 cards per card region 4096
 CPUs: 8 total, 8 available
 Memory: 16221M
 Large Page Support: Disabled
 NUMA Support: Disabled
 Compressed Oops: Enabled (Zero based)
 Heap Region Size: 2M
 Heap Min Capacity: 8M
 Heap Initial Capacity: 254M
 Heap Max Capacity: 4056M
 Pre-touch: Disabled
 Parallel Workers: 8
 Concurrent Workers: 2
 Concurrent Refinement Workers: 8
 Periodic GC: Disabled

Heap:
 garbage-first heap   total 485376K, used 383852K [0x0000000702800000, 0x0000000800000000)
  region size 2048K, 85 young (174080K), 3 survivors (6144K)
 Metaspace       used 109763K, committed 111296K, reserved 1179648K
  class space    used 12163K, committed 12864K, reserved 1048576K

Heap Regions: E=young(eden), S=young(survivor), O=old, HS=humongous(starts), HC=humongous(continues), CS=collection set, F=free, TAMS=top-at-mark-start, PB=parsable bottom
|   0|0x0000000702800000, 0x0000000702a00000, 0x0000000702a00000|100%|HS|  |TAMS 0x0000000702800000| PB 0x0000000702800000| Complete 
|   1|0x0000000702a00000, 0x0000000702c00000, 0x0000000702c00000|100%|HC|  |TAMS 0x0000000702a00000| PB 0x0000000702a00000| Complete 
|   2|0x0000000702c00000, 0x0000000702e00000, 0x0000000702e00000|100%|HC|  |TAMS 0x0000000702c00000| PB 0x0000000702c00000| Complete 
|   3|0x0000000702e00000, 0x0000000703000000, 0x0000000703000000|100%| O|  |TAMS 0x0000000702e00000| PB 0x0000000702e00000| Untracked 
|   4|0x0000000703000000, 0x00000007031ee8c0, 0x0000000703200000| 96%| O|  |TAMS 0x0000000703000000| PB 0x0000000703000000| Untracked 
|   5|0x0000000703200000, 0x0000000703400000, 0x0000000703400000|100%| O|  |TAMS 0x0000000703200000| PB 0x0000000703200000| Untracked 
|   6|0x0000000703400000, 0x0000000703600000, 0x0000000703600000|100%| O|  |TAMS 0x0000000703400000| PB 0x0000000703400000| Untracked 
|   7|0x0000000703600000, 0x0000000703800000, 0x0000000703800000|100%| O|  |TAMS 0x0000000703600000| PB 0x0000000703600000| Untracked 
|   8|0x0000000703800000, 0x0000000703a00000, 0x0000000703a00000|100%| O|  |TAMS 0x0000000703800000| PB 0x0000000703800000| Untracked 
|   9|0x0000000703a00000, 0x0000000703c00000, 0x0000000703c00000|100%| O|  |TAMS 0x0000000703a00000| PB 0x0000000703a00000| Untracked 
|  10|0x0000000703c00000, 0x0000000703e00000, 0x0000000703e00000|100%| O|  |TAMS 0x0000000703c00000| PB 0x0000000703c00000| Untracked 
|  11|0x0000000703e00000, 0x0000000704000000, 0x0000000704000000|100%| O|  |TAMS 0x0000000703e00000| PB 0x0000000703e00000| Untracked 
|  12|0x0000000704000000, 0x0000000704200000, 0x0000000704200000|100%| O|  |TAMS 0x0000000704000000| PB 0x0000000704000000| Untracked 
|  13|0x0000000704200000, 0x0000000704400000, 0x0000000704400000|100%| O|  |TAMS 0x0000000704200000| PB 0x0000000704200000| Untracked 
|  14|0x0000000704400000, 0x0000000704600000, 0x0000000704600000|100%| O|  |TAMS 0x0000000704400000| PB 0x0000000704400000| Untracked 
|  15|0x0000000704600000, 0x0000000704800000, 0x0000000704800000|100%| O|  |TAMS 0x0000000704600000| PB 0x0000000704600000| Untracked 
|  16|0x0000000704800000, 0x0000000704a00000, 0x0000000704a00000|100%| O|Cm|TAMS 0x0000000704800000| PB 0x0000000704800000| Complete 
|  17|0x0000000704a00000, 0x0000000704c00000, 0x0000000704c00000|100%| O|  |TAMS 0x0000000704a00000| PB 0x0000000704a00000| Untracked 
|  18|0x0000000704c00000, 0x0000000704e00000, 0x0000000704e00000|100%|HS|  |TAMS 0x0000000704c00000| PB 0x0000000704c00000| Complete 
|  19|0x0000000704e00000, 0x0000000705000000, 0x0000000705000000|100%|HS|  |TAMS 0x0000000704e00000| PB 0x0000000704e00000| Complete 
|  20|0x0000000705000000, 0x0000000705200000, 0x0000000705200000|100%|HS|  |TAMS 0x0000000705000000| PB 0x0000000705000000| Complete 
|  21|0x0000000705200000, 0x0000000705400000, 0x0000000705400000|100%|HC|  |TAMS 0x0000000705200000| PB 0x0000000705200000| Complete 
|  22|0x0000000705400000, 0x0000000705600000, 0x0000000705600000|100%|HS|  |TAMS 0x0000000705400000| PB 0x0000000705400000| Complete 
|  23|0x0000000705600000, 0x0000000705800000, 0x0000000705800000|100%|HC|  |TAMS 0x0000000705600000| PB 0x0000000705600000| Complete 
|  24|0x0000000705800000, 0x0000000705a00000, 0x0000000705a00000|100%| O|Cm|TAMS 0x0000000705800000| PB 0x0000000705800000| Complete 
|  25|0x0000000705a00000, 0x0000000705c00000, 0x0000000705c00000|100%|HS|  |TAMS 0x0000000705a00000| PB 0x0000000705a00000| Complete 
|  26|0x0000000705c00000, 0x0000000705e00000, 0x0000000705e00000|100%|HC|  |TAMS 0x0000000705c00000| PB 0x0000000705c00000| Complete 
|  27|0x0000000705e00000, 0x0000000706000000, 0x0000000706000000|100%|HS|  |TAMS 0x0000000705e00000| PB 0x0000000705e00000| Complete 
|  28|0x0000000706000000, 0x0000000706200000, 0x0000000706200000|100%|HC|  |TAMS 0x0000000706000000| PB 0x0000000706000000| Complete 
|  29|0x0000000706200000, 0x0000000706400000, 0x0000000706400000|100%|HS|  |TAMS 0x0000000706200000| PB 0x0000000706200000| Complete 
|  30|0x0000000706400000, 0x0000000706600000, 0x0000000706600000|100%|HC|  |TAMS 0x0000000706400000| PB 0x0000000706400000| Complete 
|  31|0x0000000706600000, 0x0000000706800000, 0x0000000706800000|100%| O|  |TAMS 0x0000000706600000| PB 0x0000000706600000| Untracked 
|  32|0x0000000706800000, 0x0000000706a00000, 0x0000000706a00000|100%|HS|  |TAMS 0x0000000706800000| PB 0x0000000706800000| Complete 
|  33|0x0000000706a00000, 0x0000000706c00000, 0x0000000706c00000|100%|HC|  |TAMS 0x0000000706a00000| PB 0x0000000706a00000| Complete 
|  34|0x0000000706c00000, 0x0000000706e00000, 0x0000000706e00000|100%|HS|  |TAMS 0x0000000706c00000| PB 0x0000000706c00000| Complete 
|  35|0x0000000706e00000, 0x0000000707000000, 0x0000000707000000|100%|HC|  |TAMS 0x0000000706e00000| PB 0x0000000706e00000| Complete 
|  36|0x0000000707000000, 0x0000000707200000, 0x0000000707200000|100%|HS|  |TAMS 0x0000000707000000| PB 0x0000000707000000| Complete 
|  37|0x0000000707200000, 0x0000000707400000, 0x0000000707400000|100%|HC|  |TAMS 0x0000000707200000| PB 0x0000000707200000| Complete 
|  38|0x0000000707400000, 0x0000000707600000, 0x0000000707600000|100%|HS|  |TAMS 0x0000000707400000| PB 0x0000000707400000| Complete 
|  39|0x0000000707600000, 0x0000000707800000, 0x0000000707800000|100%|HC|  |TAMS 0x0000000707600000| PB 0x0000000707600000| Complete 
|  40|0x0000000707800000, 0x0000000707a00000, 0x0000000707a00000|100%| O|  |TAMS 0x0000000707800000| PB 0x0000000707800000| Untracked 
|  41|0x0000000707a00000, 0x0000000707c00000, 0x0000000707c00000|100%| O|  |TAMS 0x0000000707a00000| PB 0x0000000707a00000| Untracked 
|  42|0x0000000707c00000, 0x0000000707e00000, 0x0000000707e00000|100%| O|  |TAMS 0x0000000707c00000| PB 0x0000000707c00000| Untracked 
|  43|0x0000000707e00000, 0x0000000708000000, 0x0000000708000000|100%| O|  |TAMS 0x0000000707e00000| PB 0x0000000707e00000| Untracked 
|  44|0x0000000708000000, 0x0000000708200000, 0x0000000708200000|100%| O|  |TAMS 0x0000000708000000| PB 0x0000000708000000| Untracked 
|  45|0x0000000708200000, 0x0000000708400000, 0x0000000708400000|100%| O|  |TAMS 0x0000000708200000| PB 0x0000000708200000| Untracked 
|  46|0x0000000708400000, 0x0000000708600000, 0x0000000708600000|100%|HS|  |TAMS 0x0000000708400000| PB 0x0000000708400000| Complete 
|  47|0x0000000708600000, 0x0000000708800000, 0x0000000708800000|100%|HC|  |TAMS 0x0000000708600000| PB 0x0000000708600000| Complete 
|  48|0x0000000708800000, 0x0000000708a00000, 0x0000000708a00000|100%| O|  |TAMS 0x0000000708800000| PB 0x0000000708800000| Untracked 
|  49|0x0000000708a00000, 0x0000000708c00000, 0x0000000708c00000|100%| O|  |TAMS 0x0000000708a00000| PB 0x0000000708a00000| Untracked 
|  50|0x0000000708c00000, 0x0000000708e00000, 0x0000000708e00000|100%|HS|  |TAMS 0x0000000708c00000| PB 0x0000000708c00000| Complete 
|  51|0x0000000708e00000, 0x0000000709000000, 0x0000000709000000|100%|HC|  |TAMS 0x0000000708e00000| PB 0x0000000708e00000| Complete 
|  52|0x0000000709000000, 0x0000000709200000, 0x0000000709200000|100%|HC|  |TAMS 0x0000000709000000| PB 0x0000000709000000| Complete 
|  53|0x0000000709200000, 0x0000000709400000, 0x0000000709400000|100%| O|  |TAMS 0x0000000709200000| PB 0x0000000709200000| Untracked 
|  54|0x0000000709400000, 0x0000000709600000, 0x0000000709600000|100%| O|  |TAMS 0x0000000709400000| PB 0x0000000709400000| Untracked 
|  55|0x0000000709600000, 0x0000000709800000, 0x0000000709800000|100%| O|  |TAMS 0x0000000709600000| PB 0x0000000709600000| Untracked 
|  56|0x0000000709800000, 0x0000000709a00000, 0x0000000709a00000|100%| O|  |TAMS 0x0000000709800000| PB 0x0000000709800000| Untracked 
|  57|0x0000000709a00000, 0x0000000709c00000, 0x0000000709c00000|100%| O|  |TAMS 0x0000000709a00000| PB 0x0000000709a00000| Untracked 
|  58|0x0000000709c00000, 0x0000000709e00000, 0x0000000709e00000|100%| O|  |TAMS 0x0000000709c00000| PB 0x0000000709c00000| Untracked 
|  59|0x0000000709e00000, 0x000000070a000000, 0x000000070a000000|100%| O|  |TAMS 0x0000000709e00000| PB 0x0000000709e00000| Untracked 
|  60|0x000000070a000000, 0x000000070a200000, 0x000000070a200000|100%| O|  |TAMS 0x000000070a000000| PB 0x000000070a000000| Untracked 
|  61|0x000000070a200000, 0x000000070a400000, 0x000000070a400000|100%| O|  |TAMS 0x000000070a200000| PB 0x000000070a200000| Untracked 
|  62|0x000000070a400000, 0x000000070a600000, 0x000000070a600000|100%| O|  |TAMS 0x000000070a400000| PB 0x000000070a400000| Untracked 
|  63|0x000000070a600000, 0x000000070a800000, 0x000000070a800000|100%| O|  |TAMS 0x000000070a600000| PB 0x000000070a600000| Untracked 
|  64|0x000000070a800000, 0x000000070aa00000, 0x000000070aa00000|100%| O|  |TAMS 0x000000070a800000| PB 0x000000070a800000| Untracked 
|  65|0x000000070aa00000, 0x000000070ac00000, 0x000000070ac00000|100%| O|  |TAMS 0x000000070aa00000| PB 0x000000070aa00000| Untracked 
|  66|0x000000070ac00000, 0x000000070ae00000, 0x000000070ae00000|100%| O|  |TAMS 0x000000070ac00000| PB 0x000000070ac00000| Untracked 
|  67|0x000000070ae00000, 0x000000070b000000, 0x000000070b000000|100%| O|  |TAMS 0x000000070ae00000| PB 0x000000070ae00000| Untracked 
|  68|0x000000070b000000, 0x000000070b200000, 0x000000070b200000|100%| O|  |TAMS 0x000000070b000000| PB 0x000000070b000000| Untracked 
|  69|0x000000070b200000, 0x000000070b400000, 0x000000070b400000|100%| O|  |TAMS 0x000000070b200000| PB 0x000000070b200000| Untracked 
|  70|0x000000070b400000, 0x000000070b600000, 0x000000070b600000|100%| O|  |TAMS 0x000000070b400000| PB 0x000000070b400000| Untracked 
|  71|0x000000070b600000, 0x000000070b800000, 0x000000070b800000|100%| O|  |TAMS 0x000000070b600000| PB 0x000000070b600000| Untracked 
|  72|0x000000070b800000, 0x000000070ba00000, 0x000000070ba00000|100%| O|  |TAMS 0x000000070b800000| PB 0x000000070b800000| Untracked 
|  73|0x000000070ba00000, 0x000000070ba00000, 0x000000070bc00000|  0%| F|  |TAMS 0x000000070ba00000| PB 0x000000070ba00000| Untracked 
|  74|0x000000070bc00000, 0x000000070be00000, 0x000000070be00000|100%| O|  |TAMS 0x000000070bc00000| PB 0x000000070bc00000| Untracked 
|  75|0x000000070be00000, 0x000000070c000000, 0x000000070c000000|100%| O|  |TAMS 0x000000070be00000| PB 0x000000070be00000| Untracked 
|  76|0x000000070c000000, 0x000000070c194410, 0x000000070c200000| 78%| O|  |TAMS 0x000000070c000000| PB 0x000000070c000000| Untracked 
|  77|0x000000070c200000, 0x000000070c200000, 0x000000070c400000|  0%| F|  |TAMS 0x000000070c200000| PB 0x000000070c200000| Untracked 
|  78|0x000000070c400000, 0x000000070c400000, 0x000000070c600000|  0%| F|  |TAMS 0x000000070c400000| PB 0x000000070c400000| Untracked 
|  79|0x000000070c600000, 0x000000070c600000, 0x000000070c800000|  0%| F|  |TAMS 0x000000070c600000| PB 0x000000070c600000| Untracked 
|  80|0x000000070c800000, 0x000000070ca00000, 0x000000070ca00000|100%| O|  |TAMS 0x000000070c800000| PB 0x000000070c800000| Untracked 
|  81|0x000000070ca00000, 0x000000070cc00000, 0x000000070cc00000|100%| O|  |TAMS 0x000000070ca00000| PB 0x000000070ca00000| Untracked 
|  82|0x000000070cc00000, 0x000000070ce00000, 0x000000070ce00000|100%| O|  |TAMS 0x000000070cc00000| PB 0x000000070cc00000| Untracked 
|  83|0x000000070ce00000, 0x000000070ce00000, 0x000000070d000000|  0%| F|  |TAMS 0x000000070ce00000| PB 0x000000070ce00000| Untracked 
|  84|0x000000070d000000, 0x000000070d000000, 0x000000070d200000|  0%| F|  |TAMS 0x000000070d000000| PB 0x000000070d000000| Untracked 
|  85|0x000000070d200000, 0x000000070d400000, 0x000000070d400000|100%| O|  |TAMS 0x000000070d200000| PB 0x000000070d200000| Untracked 
|  86|0x000000070d400000, 0x000000070d600000, 0x000000070d600000|100%| O|  |TAMS 0x000000070d400000| PB 0x000000070d400000| Untracked 
|  87|0x000000070d600000, 0x000000070d600000, 0x000000070d800000|  0%| F|  |TAMS 0x000000070d600000| PB 0x000000070d600000| Untracked 
|  88|0x000000070d800000, 0x000000070d800000, 0x000000070da00000|  0%| F|  |TAMS 0x000000070d800000| PB 0x000000070d800000| Untracked 
|  89|0x000000070da00000, 0x000000070da00000, 0x000000070dc00000|  0%| F|  |TAMS 0x000000070da00000| PB 0x000000070da00000| Untracked 
|  90|0x000000070dc00000, 0x000000070dc00000, 0x000000070de00000|  0%| F|  |TAMS 0x000000070dc00000| PB 0x000000070dc00000| Untracked 
|  91|0x000000070de00000, 0x000000070de00000, 0x000000070e000000|  0%| F|  |TAMS 0x000000070de00000| PB 0x000000070de00000| Untracked 
|  92|0x000000070e000000, 0x000000070e200000, 0x000000070e200000|100%| O|  |TAMS 0x000000070e000000| PB 0x000000070e000000| Untracked 
|  93|0x000000070e200000, 0x000000070e400000, 0x000000070e400000|100%| O|  |TAMS 0x000000070e200000| PB 0x000000070e200000| Untracked 
|  94|0x000000070e400000, 0x000000070e600000, 0x000000070e600000|100%| O|  |TAMS 0x000000070e400000| PB 0x000000070e400000| Untracked 
|  95|0x000000070e600000, 0x000000070e800000, 0x000000070e800000|100%| O|  |TAMS 0x000000070e600000| PB 0x000000070e600000| Untracked 
|  96|0x000000070e800000, 0x000000070e800000, 0x000000070ea00000|  0%| F|  |TAMS 0x000000070e800000| PB 0x000000070e800000| Untracked 
|  97|0x000000070ea00000, 0x000000070ea00000, 0x000000070ec00000|  0%| F|  |TAMS 0x000000070ea00000| PB 0x000000070ea00000| Untracked 
|  98|0x000000070ec00000, 0x000000070ee00000, 0x000000070ee00000|100%| O|  |TAMS 0x000000070ec00000| PB 0x000000070ec00000| Untracked 
|  99|0x000000070ee00000, 0x000000070f000000, 0x000000070f000000|100%| O|  |TAMS 0x000000070ee00000| PB 0x000000070ee00000| Untracked 
| 100|0x000000070f000000, 0x000000070f000000, 0x000000070f200000|  0%| F|  |TAMS 0x000000070f000000| PB 0x000000070f000000| Untracked 
| 101|0x000000070f200000, 0x000000070f200000, 0x000000070f400000|  0%| F|  |TAMS 0x000000070f200000| PB 0x000000070f200000| Untracked 
| 102|0x000000070f400000, 0x000000070f600000, 0x000000070f600000|100%| O|  |TAMS 0x000000070f400000| PB 0x000000070f400000| Untracked 
| 103|0x000000070f600000, 0x000000070f600000, 0x000000070f800000|  0%| F|  |TAMS 0x000000070f600000| PB 0x000000070f600000| Untracked 
| 104|0x000000070f800000, 0x000000070fa00000, 0x000000070fa00000|100%| O|  |TAMS 0x000000070f800000| PB 0x000000070f800000| Untracked 
| 105|0x000000070fa00000, 0x000000070fa00000, 0x000000070fc00000|  0%| F|  |TAMS 0x000000070fa00000| PB 0x000000070fa00000| Untracked 
| 106|0x000000070fc00000, 0x000000070fe00000, 0x000000070fe00000|100%| O|Cm|TAMS 0x000000070fc00000| PB 0x000000070fc00000| Complete 
| 107|0x000000070fe00000, 0x000000070ff58700, 0x0000000710000000| 67%| S|CS|TAMS 0x000000070fe00000| PB 0x000000070fe00000| Complete 
| 108|0x0000000710000000, 0x0000000710200000, 0x0000000710200000|100%| S|CS|TAMS 0x0000000710000000| PB 0x0000000710000000| Complete 
| 109|0x0000000710200000, 0x0000000710400000, 0x0000000710400000|100%| S|CS|TAMS 0x0000000710200000| PB 0x0000000710200000| Complete 
| 110|0x0000000710400000, 0x0000000710400000, 0x0000000710600000|  0%| F|  |TAMS 0x0000000710400000| PB 0x0000000710400000| Untracked 
| 111|0x0000000710600000, 0x0000000710600000, 0x0000000710800000|  0%| F|  |TAMS 0x0000000710600000| PB 0x0000000710600000| Untracked 
| 112|0x0000000710800000, 0x0000000710800000, 0x0000000710a00000|  0%| F|  |TAMS 0x0000000710800000| PB 0x0000000710800000| Untracked 
| 113|0x0000000710a00000, 0x0000000710a00000, 0x0000000710c00000|  0%| F|  |TAMS 0x0000000710a00000| PB 0x0000000710a00000| Untracked 
| 114|0x0000000710c00000, 0x0000000710c00000, 0x0000000710e00000|  0%| F|  |TAMS 0x0000000710c00000| PB 0x0000000710c00000| Untracked 
| 115|0x0000000710e00000, 0x0000000710e00000, 0x0000000711000000|  0%| F|  |TAMS 0x0000000710e00000| PB 0x0000000710e00000| Untracked 
| 116|0x0000000711000000, 0x0000000711000000, 0x0000000711200000|  0%| F|  |TAMS 0x0000000711000000| PB 0x0000000711000000| Untracked 
| 117|0x0000000711200000, 0x0000000711200000, 0x0000000711400000|  0%| F|  |TAMS 0x0000000711200000| PB 0x0000000711200000| Untracked 
| 118|0x0000000711400000, 0x0000000711400000, 0x0000000711600000|  0%| F|  |TAMS 0x0000000711400000| PB 0x0000000711400000| Untracked 
| 119|0x0000000711600000, 0x0000000711600000, 0x0000000711800000|  0%| F|  |TAMS 0x0000000711600000| PB 0x0000000711600000| Untracked 
| 120|0x0000000711800000, 0x0000000711800000, 0x0000000711a00000|  0%| F|  |TAMS 0x0000000711800000| PB 0x0000000711800000| Untracked 
| 121|0x0000000711a00000, 0x0000000711a00000, 0x0000000711c00000|  0%| F|  |TAMS 0x0000000711a00000| PB 0x0000000711a00000| Untracked 
| 122|0x0000000711c00000, 0x0000000711c00000, 0x0000000711e00000|  0%| F|  |TAMS 0x0000000711c00000| PB 0x0000000711c00000| Untracked 
| 123|0x0000000711e00000, 0x0000000711e00000, 0x0000000712000000|  0%| F|  |TAMS 0x0000000711e00000| PB 0x0000000711e00000| Untracked 
| 124|0x0000000712000000, 0x0000000712000000, 0x0000000712200000|  0%| F|  |TAMS 0x0000000712000000| PB 0x0000000712000000| Untracked 
| 125|0x0000000712200000, 0x0000000712200000, 0x0000000712400000|  0%| F|  |TAMS 0x0000000712200000| PB 0x0000000712200000| Untracked 
| 126|0x0000000712400000, 0x0000000712400000, 0x0000000712600000|  0%| F|  |TAMS 0x0000000712400000| PB 0x0000000712400000| Untracked 
| 127|0x0000000712600000, 0x0000000712600000, 0x0000000712800000|  0%| F|  |TAMS 0x0000000712600000| PB 0x0000000712600000| Untracked 
| 128|0x0000000712800000, 0x0000000712800000, 0x0000000712a00000|  0%| F|  |TAMS 0x0000000712800000| PB 0x0000000712800000| Untracked 
| 129|0x0000000712a00000, 0x0000000712a00000, 0x0000000712c00000|  0%| F|  |TAMS 0x0000000712a00000| PB 0x0000000712a00000| Untracked 
| 130|0x0000000712c00000, 0x0000000712c00000, 0x0000000712e00000|  0%| F|  |TAMS 0x0000000712c00000| PB 0x0000000712c00000| Untracked 
| 131|0x0000000712e00000, 0x0000000712e00000, 0x0000000713000000|  0%| F|  |TAMS 0x0000000712e00000| PB 0x0000000712e00000| Untracked 
| 132|0x0000000713000000, 0x0000000713000000, 0x0000000713200000|  0%| F|  |TAMS 0x0000000713000000| PB 0x0000000713000000| Untracked 
| 133|0x0000000713200000, 0x0000000713200000, 0x0000000713400000|  0%| F|  |TAMS 0x0000000713200000| PB 0x0000000713200000| Untracked 
| 134|0x0000000713400000, 0x0000000713400000, 0x0000000713600000|  0%| F|  |TAMS 0x0000000713400000| PB 0x0000000713400000| Untracked 
| 135|0x0000000713600000, 0x0000000713600000, 0x0000000713800000|  0%| F|  |TAMS 0x0000000713600000| PB 0x0000000713600000| Untracked 
| 136|0x0000000713800000, 0x0000000713800000, 0x0000000713a00000|  0%| F|  |TAMS 0x0000000713800000| PB 0x0000000713800000| Untracked 
| 137|0x0000000713a00000, 0x0000000713a00000, 0x0000000713c00000|  0%| F|  |TAMS 0x0000000713a00000| PB 0x0000000713a00000| Untracked 
| 138|0x0000000713c00000, 0x0000000713c00000, 0x0000000713e00000|  0%| F|  |TAMS 0x0000000713c00000| PB 0x0000000713c00000| Untracked 
| 139|0x0000000713e00000, 0x0000000713e00000, 0x0000000714000000|  0%| F|  |TAMS 0x0000000713e00000| PB 0x0000000713e00000| Untracked 
| 140|0x0000000714000000, 0x0000000714000000, 0x0000000714200000|  0%| F|  |TAMS 0x0000000714000000| PB 0x0000000714000000| Untracked 
| 141|0x0000000714200000, 0x000000071438cda8, 0x0000000714400000| 77%| E|  |TAMS 0x0000000714200000| PB 0x0000000714200000| Complete 
| 142|0x0000000714400000, 0x0000000714600000, 0x0000000714600000|100%| E|CS|TAMS 0x0000000714400000| PB 0x0000000714400000| Complete 
| 143|0x0000000714600000, 0x0000000714800000, 0x0000000714800000|100%| E|CS|TAMS 0x0000000714600000| PB 0x0000000714600000| Complete 
| 144|0x0000000714800000, 0x0000000714a00000, 0x0000000714a00000|100%| E|CS|TAMS 0x0000000714800000| PB 0x0000000714800000| Complete 
| 145|0x0000000714a00000, 0x0000000714c00000, 0x0000000714c00000|100%| E|CS|TAMS 0x0000000714a00000| PB 0x0000000714a00000| Complete 
| 146|0x0000000714c00000, 0x0000000714e00000, 0x0000000714e00000|100%| E|CS|TAMS 0x0000000714c00000| PB 0x0000000714c00000| Complete 
| 147|0x0000000714e00000, 0x0000000715000000, 0x0000000715000000|100%| E|CS|TAMS 0x0000000714e00000| PB 0x0000000714e00000| Complete 
| 148|0x0000000715000000, 0x0000000715200000, 0x0000000715200000|100%| E|CS|TAMS 0x0000000715000000| PB 0x0000000715000000| Complete 
| 149|0x0000000715200000, 0x0000000715400000, 0x0000000715400000|100%| E|CS|TAMS 0x0000000715200000| PB 0x0000000715200000| Complete 
| 150|0x0000000715400000, 0x0000000715600000, 0x0000000715600000|100%| E|CS|TAMS 0x0000000715400000| PB 0x0000000715400000| Complete 
| 151|0x0000000715600000, 0x0000000715800000, 0x0000000715800000|100%| E|CS|TAMS 0x0000000715600000| PB 0x0000000715600000| Complete 
| 152|0x0000000715800000, 0x0000000715a00000, 0x0000000715a00000|100%| E|CS|TAMS 0x0000000715800000| PB 0x0000000715800000| Complete 
| 153|0x0000000715a00000, 0x0000000715c00000, 0x0000000715c00000|100%| E|CS|TAMS 0x0000000715a00000| PB 0x0000000715a00000| Complete 
| 154|0x0000000715c00000, 0x0000000715e00000, 0x0000000715e00000|100%| E|CS|TAMS 0x0000000715c00000| PB 0x0000000715c00000| Complete 
| 155|0x0000000715e00000, 0x0000000716000000, 0x0000000716000000|100%| E|CS|TAMS 0x0000000715e00000| PB 0x0000000715e00000| Complete 
| 156|0x0000000716000000, 0x0000000716200000, 0x0000000716200000|100%| E|CS|TAMS 0x0000000716000000| PB 0x0000000716000000| Complete 
| 157|0x0000000716200000, 0x0000000716400000, 0x0000000716400000|100%| E|CS|TAMS 0x0000000716200000| PB 0x0000000716200000| Complete 
| 158|0x0000000716400000, 0x0000000716600000, 0x0000000716600000|100%| E|CS|TAMS 0x0000000716400000| PB 0x0000000716400000| Complete 
| 159|0x0000000716600000, 0x0000000716800000, 0x0000000716800000|100%| E|CS|TAMS 0x0000000716600000| PB 0x0000000716600000| Complete 
| 160|0x0000000716800000, 0x0000000716a00000, 0x0000000716a00000|100%| E|CS|TAMS 0x0000000716800000| PB 0x0000000716800000| Complete 
| 161|0x0000000716a00000, 0x0000000716c00000, 0x0000000716c00000|100%| E|CS|TAMS 0x0000000716a00000| PB 0x0000000716a00000| Complete 
| 162|0x0000000716c00000, 0x0000000716e00000, 0x0000000716e00000|100%| E|CS|TAMS 0x0000000716c00000| PB 0x0000000716c00000| Complete 
| 163|0x0000000716e00000, 0x0000000717000000, 0x0000000717000000|100%| E|CS|TAMS 0x0000000716e00000| PB 0x0000000716e00000| Complete 
| 164|0x0000000717000000, 0x0000000717200000, 0x0000000717200000|100%| E|CS|TAMS 0x0000000717000000| PB 0x0000000717000000| Complete 
| 165|0x0000000717200000, 0x0000000717400000, 0x0000000717400000|100%| E|CS|TAMS 0x0000000717200000| PB 0x0000000717200000| Complete 
| 166|0x0000000717400000, 0x0000000717600000, 0x0000000717600000|100%| E|CS|TAMS 0x0000000717400000| PB 0x0000000717400000| Complete 
| 167|0x0000000717600000, 0x0000000717800000, 0x0000000717800000|100%| E|CS|TAMS 0x0000000717600000| PB 0x0000000717600000| Complete 
| 168|0x0000000717800000, 0x0000000717a00000, 0x0000000717a00000|100%| E|CS|TAMS 0x0000000717800000| PB 0x0000000717800000| Complete 
| 169|0x0000000717a00000, 0x0000000717c00000, 0x0000000717c00000|100%| E|CS|TAMS 0x0000000717a00000| PB 0x0000000717a00000| Complete 
| 170|0x0000000717c00000, 0x0000000717e00000, 0x0000000717e00000|100%| E|CS|TAMS 0x0000000717c00000| PB 0x0000000717c00000| Complete 
| 171|0x0000000717e00000, 0x0000000718000000, 0x0000000718000000|100%| E|CS|TAMS 0x0000000717e00000| PB 0x0000000717e00000| Complete 
| 172|0x0000000718000000, 0x0000000718200000, 0x0000000718200000|100%| E|CS|TAMS 0x0000000718000000| PB 0x0000000718000000| Complete 
| 173|0x0000000718200000, 0x0000000718400000, 0x0000000718400000|100%| E|CS|TAMS 0x0000000718200000| PB 0x0000000718200000| Complete 
| 174|0x0000000718400000, 0x0000000718600000, 0x0000000718600000|100%| E|CS|TAMS 0x0000000718400000| PB 0x0000000718400000| Complete 
| 175|0x0000000718600000, 0x0000000718800000, 0x0000000718800000|100%| E|CS|TAMS 0x0000000718600000| PB 0x0000000718600000| Complete 
| 176|0x0000000718800000, 0x0000000718a00000, 0x0000000718a00000|100%| E|CS|TAMS 0x0000000718800000| PB 0x0000000718800000| Complete 
| 177|0x0000000718a00000, 0x0000000718c00000, 0x0000000718c00000|100%| E|CS|TAMS 0x0000000718a00000| PB 0x0000000718a00000| Complete 
| 178|0x0000000718c00000, 0x0000000718e00000, 0x0000000718e00000|100%| E|CS|TAMS 0x0000000718c00000| PB 0x0000000718c00000| Complete 
| 179|0x0000000718e00000, 0x0000000719000000, 0x0000000719000000|100%| E|CS|TAMS 0x0000000718e00000| PB 0x0000000718e00000| Complete 
| 180|0x0000000719000000, 0x0000000719200000, 0x0000000719200000|100%| E|CS|TAMS 0x0000000719000000| PB 0x0000000719000000| Complete 
| 181|0x0000000719200000, 0x0000000719400000, 0x0000000719400000|100%| E|CS|TAMS 0x0000000719200000| PB 0x0000000719200000| Complete 
| 182|0x0000000719400000, 0x0000000719600000, 0x0000000719600000|100%| E|CS|TAMS 0x0000000719400000| PB 0x0000000719400000| Complete 
| 183|0x0000000719600000, 0x0000000719800000, 0x0000000719800000|100%| E|CS|TAMS 0x0000000719600000| PB 0x0000000719600000| Complete 
| 184|0x0000000719800000, 0x0000000719a00000, 0x0000000719a00000|100%| E|CS|TAMS 0x0000000719800000| PB 0x0000000719800000| Complete 
| 185|0x0000000719a00000, 0x0000000719c00000, 0x0000000719c00000|100%| E|CS|TAMS 0x0000000719a00000| PB 0x0000000719a00000| Complete 
| 186|0x0000000719c00000, 0x0000000719e00000, 0x0000000719e00000|100%| E|CS|TAMS 0x0000000719c00000| PB 0x0000000719c00000| Complete 
| 187|0x0000000719e00000, 0x000000071a000000, 0x000000071a000000|100%| E|CS|TAMS 0x0000000719e00000| PB 0x0000000719e00000| Complete 
| 188|0x000000071a000000, 0x000000071a200000, 0x000000071a200000|100%| E|CS|TAMS 0x000000071a000000| PB 0x000000071a000000| Complete 
| 189|0x000000071a200000, 0x000000071a400000, 0x000000071a400000|100%| E|CS|TAMS 0x000000071a200000| PB 0x000000071a200000| Complete 
| 190|0x000000071a400000, 0x000000071a600000, 0x000000071a600000|100%| E|CS|TAMS 0x000000071a400000| PB 0x000000071a400000| Complete 
| 191|0x000000071a600000, 0x000000071a800000, 0x000000071a800000|100%| E|CS|TAMS 0x000000071a600000| PB 0x000000071a600000| Complete 
| 192|0x000000071a800000, 0x000000071aa00000, 0x000000071aa00000|100%| E|CS|TAMS 0x000000071a800000| PB 0x000000071a800000| Complete 
| 193|0x000000071aa00000, 0x000000071ac00000, 0x000000071ac00000|100%| E|CS|TAMS 0x000000071aa00000| PB 0x000000071aa00000| Complete 
| 194|0x000000071ac00000, 0x000000071ae00000, 0x000000071ae00000|100%| E|CS|TAMS 0x000000071ac00000| PB 0x000000071ac00000| Complete 
| 195|0x000000071ae00000, 0x000000071b000000, 0x000000071b000000|100%| E|CS|TAMS 0x000000071ae00000| PB 0x000000071ae00000| Complete 
| 196|0x000000071b000000, 0x000000071b200000, 0x000000071b200000|100%| E|CS|TAMS 0x000000071b000000| PB 0x000000071b000000| Complete 
| 197|0x000000071b200000, 0x000000071b400000, 0x000000071b400000|100%| E|CS|TAMS 0x000000071b200000| PB 0x000000071b200000| Complete 
| 198|0x000000071b400000, 0x000000071b600000, 0x000000071b600000|100%| E|CS|TAMS 0x000000071b400000| PB 0x000000071b400000| Complete 
| 199|0x000000071b600000, 0x000000071b800000, 0x000000071b800000|100%| E|CS|TAMS 0x000000071b600000| PB 0x000000071b600000| Complete 
| 200|0x000000071b800000, 0x000000071ba00000, 0x000000071ba00000|100%| E|CS|TAMS 0x000000071b800000| PB 0x000000071b800000| Complete 
| 201|0x000000071ba00000, 0x000000071bc00000, 0x000000071bc00000|100%| E|CS|TAMS 0x000000071ba00000| PB 0x000000071ba00000| Complete 
| 202|0x000000071bc00000, 0x000000071be00000, 0x000000071be00000|100%| E|CS|TAMS 0x000000071bc00000| PB 0x000000071bc00000| Complete 
| 203|0x000000071be00000, 0x000000071c000000, 0x000000071c000000|100%| E|CS|TAMS 0x000000071be00000| PB 0x000000071be00000| Complete 
| 204|0x000000071c000000, 0x000000071c200000, 0x000000071c200000|100%| E|CS|TAMS 0x000000071c000000| PB 0x000000071c000000| Complete 
| 205|0x000000071c200000, 0x000000071c400000, 0x000000071c400000|100%| E|CS|TAMS 0x000000071c200000| PB 0x000000071c200000| Complete 
| 206|0x000000071c400000, 0x000000071c600000, 0x000000071c600000|100%| E|CS|TAMS 0x000000071c400000| PB 0x000000071c400000| Complete 
| 207|0x000000071c600000, 0x000000071c800000, 0x000000071c800000|100%| E|CS|TAMS 0x000000071c600000| PB 0x000000071c600000| Complete 
| 208|0x000000071c800000, 0x000000071ca00000, 0x000000071ca00000|100%| E|CS|TAMS 0x000000071c800000| PB 0x000000071c800000| Complete 
| 209|0x000000071ca00000, 0x000000071cc00000, 0x000000071cc00000|100%| E|CS|TAMS 0x000000071ca00000| PB 0x000000071ca00000| Complete 
| 210|0x000000071cc00000, 0x000000071ce00000, 0x000000071ce00000|100%| E|CS|TAMS 0x000000071cc00000| PB 0x000000071cc00000| Complete 
| 211|0x000000071ce00000, 0x000000071d000000, 0x000000071d000000|100%| E|CS|TAMS 0x000000071ce00000| PB 0x000000071ce00000| Complete 
| 212|0x000000071d000000, 0x000000071d200000, 0x000000071d200000|100%| E|CS|TAMS 0x000000071d000000| PB 0x000000071d000000| Complete 
| 213|0x000000071d200000, 0x000000071d400000, 0x000000071d400000|100%| E|CS|TAMS 0x000000071d200000| PB 0x000000071d200000| Complete 
| 214|0x000000071d400000, 0x000000071d600000, 0x000000071d600000|100%| E|CS|TAMS 0x000000071d400000| PB 0x000000071d400000| Complete 
| 219|0x000000071de00000, 0x000000071e000000, 0x000000071e000000|100%| E|CS|TAMS 0x000000071de00000| PB 0x000000071de00000| Complete 
| 220|0x000000071e000000, 0x000000071e200000, 0x000000071e200000|100%| E|CS|TAMS 0x000000071e000000| PB 0x000000071e000000| Complete 
| 221|0x000000071e200000, 0x000000071e400000, 0x000000071e400000|100%| E|CS|TAMS 0x000000071e200000| PB 0x000000071e200000| Complete 
| 222|0x000000071e400000, 0x000000071e600000, 0x000000071e600000|100%| E|CS|TAMS 0x000000071e400000| PB 0x000000071e400000| Complete 
| 223|0x000000071e600000, 0x000000071e800000, 0x000000071e800000|100%| E|CS|TAMS 0x000000071e600000| PB 0x000000071e600000| Complete 
| 224|0x000000071e800000, 0x000000071ea00000, 0x000000071ea00000|100%| E|CS|TAMS 0x000000071e800000| PB 0x000000071e800000| Complete 
| 225|0x000000071ea00000, 0x000000071ec00000, 0x000000071ec00000|100%| E|CS|TAMS 0x000000071ea00000| PB 0x000000071ea00000| Complete 
|2013|0x00000007fe200000, 0x00000007fe400000, 0x00000007fe400000|100%| E|CS|TAMS 0x00000007fe200000| PB 0x00000007fe200000| Complete 
|2014|0x00000007fe400000, 0x00000007fe600000, 0x00000007fe600000|100%| O|  |TAMS 0x00000007fe400000| PB 0x00000007fe400000| Untracked 
|2015|0x00000007fe600000, 0x00000007fe800000, 0x00000007fe800000|100%| O|  |TAMS 0x00000007fe600000| PB 0x00000007fe600000| Untracked 
|2016|0x00000007fe800000, 0x00000007fea00000, 0x00000007fea00000|100%| O|  |TAMS 0x00000007fe800000| PB 0x00000007fe800000| Untracked 
|2017|0x00000007fea00000, 0x00000007fec00000, 0x00000007fec00000|100%| O|  |TAMS 0x00000007fea00000| PB 0x00000007fea00000| Untracked 
|2018|0x00000007fec00000, 0x00000007fee00000, 0x00000007fee00000|100%| O|  |TAMS 0x00000007fec00000| PB 0x00000007fec00000| Untracked 
|2019|0x00000007fee00000, 0x00000007ff000000, 0x00000007ff000000|100%| O|  |TAMS 0x00000007fee00000| PB 0x00000007fee00000| Untracked 
|2020|0x00000007ff000000, 0x00000007ff200000, 0x00000007ff200000|100%| O|  |TAMS 0x00000007ff000000| PB 0x00000007ff000000| Untracked 
|2021|0x00000007ff200000, 0x00000007ff400000, 0x00000007ff400000|100%| O|  |TAMS 0x00000007ff200000| PB 0x00000007ff200000| Untracked 
|2022|0x00000007ff400000, 0x00000007ff600000, 0x00000007ff600000|100%| O|  |TAMS 0x00000007ff400000| PB 0x00000007ff400000| Untracked 
|2023|0x00000007ff600000, 0x00000007ff800000, 0x00000007ff800000|100%| O|  |TAMS 0x00000007ff600000| PB 0x00000007ff600000| Untracked 
|2024|0x00000007ff800000, 0x00000007ffa00000, 0x00000007ffa00000|100%| O|  |TAMS 0x00000007ff800000| PB 0x00000007ff800000| Untracked 
|2025|0x00000007ffa00000, 0x00000007ffc00000, 0x00000007ffc00000|100%| O|  |TAMS 0x00000007ffa00000| PB 0x00000007ffa00000| Untracked 
|2026|0x00000007ffc00000, 0x00000007ffe00000, 0x00000007ffe00000|100%| O|  |TAMS 0x00000007ffc00000| PB 0x00000007ffc00000| Untracked 
|2027|0x00000007ffe00000, 0x0000000800000000, 0x0000000800000000|100%| O|  |TAMS 0x00000007ffe00000| PB 0x00000007ffe00000| Untracked 

Card table byte_map: [0x000001bb2ea60000,0x000001bb2f250000] _byte_map_base: 0x000001bb2b24c000

Marking Bits: (CMBitMap*) 0x000001bb15cce100
 Bits: [0x000001bb2f250000, 0x000001bb331b0000)

Polling page: 0x000001bb15440000

Metaspace:

Usage:
  Non-class:     95.31 MB used.
      Class:     11.88 MB used.
       Both:    107.19 MB used.

Virtual space:
  Non-class space:      128.00 MB reserved,      96.12 MB ( 75%) committed,  2 nodes.
      Class space:        1.00 GB reserved,      12.56 MB (  1%) committed,  1 nodes.
             Both:        1.12 GB reserved,     108.69 MB (  9%) committed. 

Chunk freelists:
   Non-Class:  16.02 MB
       Class:  3.60 MB
        Both:  19.62 MB

MaxMetaspaceSize: unlimited
CompressedClassSpaceSize: 1.00 GB
Initial GC threshold: 21.00 MB
Current GC threshold: 180.94 MB
CDS: off
 - commit_granule_bytes: 65536.
 - commit_granule_words: 8192.
 - virtual_space_node_default_size: 8388608.
 - enlarge_chunks_in_place: 1.
 - use_allocation_guard: 0.


Internal statistics:

num_allocs_failed_limit: 6.
num_arena_births: 1478.
num_arena_deaths: 330.
num_vsnodes_births: 3.
num_vsnodes_deaths: 0.
num_space_committed: 1739.
num_space_uncommitted: 1.
num_chunks_returned_to_freelist: 426.
num_chunks_taken_from_freelist: 4686.
num_chunk_merges: 112.
num_chunk_splits: 3143.
num_chunks_enlarged: 2106.
num_inconsistent_stats: 0.

CodeHeap 'non-profiled nmethods': size=120000Kb used=9660Kb max_used=13043Kb free=110339Kb
 bounds [0x000001bb26a10000, 0x000001bb27700000, 0x000001bb2df40000]
CodeHeap 'profiled nmethods': size=120000Kb used=18158Kb max_used=30195Kb free=101841Kb
 bounds [0x000001bb1ef40000, 0x000001bb20cc0000, 0x000001bb26470000]
CodeHeap 'non-nmethods': size=5760Kb used=2159Kb max_used=2272Kb free=3600Kb
 bounds [0x000001bb26470000, 0x000001bb266e0000, 0x000001bb26a10000]
CodeCache: size=245760Kb, used=29977Kb, max_used=45510Kb, free=215780Kb
 total_blobs=9751, nmethods=8650, adapters=1002, full_count=0
Compilation: enabled, stopped_count=0, restarted_count=0

Compilation events (20 events):
Event: 5288.999 Thread 0x000001bb3a08c190 18288       3       org.apache.logging.log4j.util.Strings::isEmpty (19 bytes)
Event: 5288.999 Thread 0x000001bb3a08c190 nmethod 18288 0x000001bb1f8dec90 code [0x000001bb1f8dee40, 0x000001bb1f8df078]
Event: 5288.999 Thread 0x000001bb3a08c190 18289       3       org.apache.logging.log4j.core.util.NameUtil::getSubName (32 bytes)
Event: 5288.999 Thread 0x000001bb3a08c190 nmethod 18289 0x000001bb1f7ec510 code [0x000001bb1f7ec760, 0x000001bb1f7eceb8]
Event: 5288.999 Thread 0x000001bb3a08c190 18294       3       org.apache.logging.log4j.core.config.LoggerConfig::requiresLocation (110 bytes)
Event: 5289.000 Thread 0x000001bb3a08c190 nmethod 18294 0x000001bb1fc90790 code [0x000001bb1fc909a0, 0x000001bb1fc91188]
Event: 5289.000 Thread 0x000001bb3a08c190 18293       1       org.apache.logging.log4j.spi.AbstractLogger::getName (5 bytes)
Event: 5289.000 Thread 0x000001bb3a08c190 nmethod 18293 0x000001bb26fb3490 code [0x000001bb26fb3620, 0x000001bb26fb36f0]
Event: 5289.000 Thread 0x000001bb3a08c190 18290       3       org.apache.logging.log4j.core.config.AbstractConfiguration::getLoggerConfig (56 bytes)
Event: 5289.000 Thread 0x000001bb3a08c190 nmethod 18290 0x000001bb1f020790 code [0x000001bb1f020a00, 0x000001bb1f0214e0]
Event: 5289.000 Thread 0x000001bb3a08c190 18297       3       java.util.ArrayList::hashCodeRange (68 bytes)
Event: 5289.001 Thread 0x000001bb3a08c190 nmethod 18297 0x000001bb205a1010 code [0x000001bb205a11e0, 0x000001bb205a1610]
Event: 5289.001 Thread 0x000001bb3a08c190 18295       3       java.util.Properties::containsKey (9 bytes)
Event: 5289.001 Thread 0x000001bb3a08c190 nmethod 18295 0x000001bb1f619c90 code [0x000001bb1f619e40, 0x000001bb1f61a140]
Event: 5289.001 Thread 0x000001bb3a08c190 18296       3       java.util.ArrayList::checkForComodification (17 bytes)
Event: 5289.001 Thread 0x000001bb3a08c190 nmethod 18296 0x000001bb1f913190 code [0x000001bb1f913340, 0x000001bb1f913558]
Event: 5289.001 Thread 0x000001bb3a08c190 18291       3       org.apache.logging.log4j.core.config.LoggerConfig::getLevel (35 bytes)
Event: 5289.001 Thread 0x000001bb3a08c190 nmethod 18291 0x000001bb1f51db10 code [0x000001bb1f51dce0, 0x000001bb1f51e0c8]
Event: 5289.001 Thread 0x000001bb3a08c190 18292       3       org.apache.logging.log4j.core.Logger$PrivateConfig::<init> (67 bytes)
Event: 5289.002 Thread 0x000001bb3a08c190 nmethod 18292 0x000001bb1fc27a10 code [0x000001bb1fc27c20, 0x000001bb1fc28458]

GC Heap History (20 events):
Event: 2315.493 GC heap before
{Heap before GC invocations=71 (full 0):
 garbage-first heap   total 485376K, used 431366K [0x0000000702800000, 0x0000000800000000)
  region size 2048K, 106 young (217088K), 3 survivors (6144K)
 Metaspace       used 108729K, committed 110080K, reserved 1179648K
  class space    used 12167K, committed 12800K, reserved 1048576K
}
Event: 2315.495 GC heap after
{Heap after GC invocations=72 (full 0):
 garbage-first heap   total 485376K, used 226504K [0x0000000702800000, 0x0000000800000000)
  region size 2048K, 5 young (10240K), 5 survivors (10240K)
 Metaspace       used 108729K, committed 110080K, reserved 1179648K
  class space    used 12167K, committed 12800K, reserved 1048576K
}
Event: 2316.233 GC heap before
{Heap before GC invocations=72 (full 0):
 garbage-first heap   total 485376K, used 437448K [0x0000000702800000, 0x0000000800000000)
  region size 2048K, 109 young (223232K), 5 survivors (10240K)
 Metaspace       used 108771K, committed 110208K, reserved 1179648K
  class space    used 12167K, committed 12800K, reserved 1048576K
}
Event: 2316.237 GC heap after
{Heap after GC invocations=73 (full 0):
 garbage-first heap   total 485376K, used 223993K [0x0000000702800000, 0x0000000800000000)
  region size 2048K, 4 young (8192K), 4 survivors (8192K)
 Metaspace       used 108771K, committed 110208K, reserved 1179648K
  class space    used 12167K, committed 12800K, reserved 1048576K
}
Event: 2323.164 GC heap before
{Heap before GC invocations=73 (full 0):
 garbage-first heap   total 485376K, used 445177K [0x0000000702800000, 0x0000000800000000)
  region size 2048K, 112 young (229376K), 4 survivors (8192K)
 Metaspace       used 108919K, committed 110272K, reserved 1179648K
  class space    used 12175K, committed 12800K, reserved 1048576K
}
Event: 2323.169 GC heap after
{Heap after GC invocations=74 (full 0):
 garbage-first heap   total 485376K, used 220126K [0x0000000702800000, 0x0000000800000000)
  region size 2048K, 3 young (6144K), 3 survivors (6144K)
 Metaspace       used 108919K, committed 110272K, reserved 1179648K
  class space    used 12175K, committed 12800K, reserved 1048576K
}
Event: 2340.197 GC heap before
{Heap before GC invocations=75 (full 0):
 garbage-first heap   total 485376K, used 449502K [0x0000000702800000, 0x0000000800000000)
  region size 2048K, 115 young (235520K), 3 survivors (6144K)
 Metaspace       used 108973K, committed 110400K, reserved 1179648K
  class space    used 12175K, committed 12800K, reserved 1048576K
}
Event: 2340.199 GC heap after
{Heap after GC invocations=76 (full 0):
 garbage-first heap   total 485376K, used 219812K [0x0000000702800000, 0x0000000800000000)
  region size 2048K, 2 young (4096K), 2 survivors (4096K)
 Metaspace       used 108973K, committed 110400K, reserved 1179648K
  class space    used 12175K, committed 12800K, reserved 1048576K
}
Event: 2342.385 GC heap before
{Heap before GC invocations=76 (full 0):
 garbage-first heap   total 485376K, used 451236K [0x0000000702800000, 0x0000000800000000)
  region size 2048K, 116 young (237568K), 2 survivors (4096K)
 Metaspace       used 109157K, committed 110592K, reserved 1179648K
  class space    used 12182K, committed 12800K, reserved 1048576K
}
Event: 2342.390 GC heap after
{Heap after GC invocations=77 (full 0):
 garbage-first heap   total 485376K, used 221135K [0x0000000702800000, 0x0000000800000000)
  region size 2048K, 4 young (8192K), 4 survivors (8192K)
 Metaspace       used 109157K, committed 110592K, reserved 1179648K
  class space    used 12182K, committed 12800K, reserved 1048576K
}
Event: 2343.595 GC heap before
{Heap before GC invocations=77 (full 0):
 garbage-first heap   total 485376K, used 446415K [0x0000000702800000, 0x0000000800000000)
  region size 2048K, 115 young (235520K), 4 survivors (8192K)
 Metaspace       used 109311K, committed 110720K, reserved 1179648K
  class space    used 12185K, committed 12800K, reserved 1048576K
}
Event: 2343.599 GC heap after
{Heap after GC invocations=78 (full 0):
 garbage-first heap   total 485376K, used 219252K [0x0000000702800000, 0x0000000800000000)
  region size 2048K, 3 young (6144K), 3 survivors (6144K)
 Metaspace       used 109311K, committed 110720K, reserved 1179648K
  class space    used 12185K, committed 12800K, reserved 1048576K
}
Event: 5270.713 GC heap before
{Heap before GC invocations=79 (full 0):
 garbage-first heap   total 485376K, used 448628K [0x0000000702800000, 0x0000000800000000)
  region size 2048K, 116 young (237568K), 3 survivors (6144K)
 Metaspace       used 109341K, committed 110720K, reserved 1179648K
  class space    used 12186K, committed 12800K, reserved 1048576K
}
Event: 5270.753 GC heap after
{Heap after GC invocations=80 (full 0):
 garbage-first heap   total 485376K, used 218652K [0x0000000702800000, 0x0000000800000000)
  region size 2048K, 3 young (6144K), 3 survivors (6144K)
 Metaspace       used 109341K, committed 110720K, reserved 1179648K
  class space    used 12186K, committed 12800K, reserved 1048576K
}
Event: 5277.669 GC heap before
{Heap before GC invocations=80 (full 0):
 garbage-first heap   total 485376K, used 448028K [0x0000000702800000, 0x0000000800000000)
  region size 2048K, 116 young (237568K), 3 survivors (6144K)
 Metaspace       used 109602K, committed 111040K, reserved 1179648K
  class space    used 12196K, committed 12864K, reserved 1048576K
}
Event: 5277.679 GC heap after
{Heap after GC invocations=81 (full 0):
 garbage-first heap   total 485376K, used 220487K [0x0000000702800000, 0x0000000800000000)
  region size 2048K, 4 young (8192K), 4 survivors (8192K)
 Metaspace       used 109602K, committed 111040K, reserved 1179648K
  class space    used 12196K, committed 12864K, reserved 1048576K
}
Event: 5278.742 GC heap before
{Heap before GC invocations=81 (full 0):
 garbage-first heap   total 485376K, used 447815K [0x0000000702800000, 0x0000000800000000)
  region size 2048K, 116 young (237568K), 4 survivors (8192K)
 Metaspace       used 109722K, committed 111168K, reserved 1179648K
  class space    used 12197K, committed 12864K, reserved 1048576K
}
Event: 5278.747 GC heap after
{Heap after GC invocations=82 (full 0):
 garbage-first heap   total 485376K, used 220683K [0x0000000702800000, 0x0000000800000000)
  region size 2048K, 4 young (8192K), 4 survivors (8192K)
 Metaspace       used 109722K, committed 111168K, reserved 1179648K
  class space    used 12197K, committed 12864K, reserved 1048576K
}
Event: 5286.920 GC heap before
{Heap before GC invocations=83 (full 0):
 garbage-first heap   total 485376K, used 450059K [0x0000000702800000, 0x0000000800000000)
  region size 2048K, 116 young (237568K), 4 survivors (8192K)
 Metaspace       used 109453K, committed 111232K, reserved 1179648K
  class space    used 12116K, committed 12864K, reserved 1048576K
}
Event: 5286.929 GC heap after
{Heap after GC invocations=84 (full 0):
 garbage-first heap   total 485376K, used 217964K [0x0000000702800000, 0x0000000800000000)
  region size 2048K, 3 young (6144K), 3 survivors (6144K)
 Metaspace       used 109453K, committed 111232K, reserved 1179648K
  class space    used 12116K, committed 12864K, reserved 1048576K
}

Dll operation events (20 events):
Event: 0.008 Loaded shared library C:\Users\KICHU\AppData\Local\Programs\STM32CubeMX\jre\bin\java.dll
Event: 0.075 Loaded shared library C:\Users\KICHU\AppData\Local\Programs\STM32CubeMX\jre\bin\jsvml.dll
Event: 0.140 Loaded shared library C:\Users\KICHU\AppData\Local\Programs\STM32CubeMX\jre\bin\net.dll
Event: 0.143 Loaded shared library C:\Users\KICHU\AppData\Local\Programs\STM32CubeMX\jre\bin\nio.dll
Event: 0.174 Loaded shared library C:\Users\KICHU\AppData\Local\Programs\STM32CubeMX\jre\bin\zip.dll
Event: 0.208 Loaded shared library C:\Users\KICHU\AppData\Local\Programs\STM32CubeMX\jre\bin\jimage.dll
Event: 0.398 Loaded shared library C:\Users\KICHU\AppData\Local\Programs\STM32CubeMX\jre\bin\management.dll
Event: 0.403 Loaded shared library C:\Users\KICHU\AppData\Local\Programs\STM32CubeMX\jre\bin\management_ext.dll
Event: 1.117 Loaded shared library C:\Users\KICHU\AppData\Local\Programs\STM32CubeMX\jre\bin\awt.dll
Event: 1.520 Loaded shared library C:\Users\KICHU\AppData\Local\Programs\STM32CubeMX\jre\bin\freetype.dll
Event: 1.521 Loaded shared library C:\Users\KICHU\AppData\Local\Programs\STM32CubeMX\jre\bin\fontmanager.dll
Event: 1.814 Loaded shared library C:\Users\KICHU\AppData\Local\Programs\STM32CubeMX\jre\bin\verify.dll
Event: 2.041 Loaded shared library C:\Users\KICHU\AppData\Local\Programs\STM32CubeMX\jre\bin\prefs.dll
Event: 2.179 Loaded shared library C:\Users\KICHU\AppData\Local\Temp\jna-71505522\jna10983765496540974923.dll
Event: 8.181 Loaded shared library C:\Users\KICHU\AppData\Local\Programs\STM32CubeMX\jre\bin\sunmscapi.dll
Event: 8.415 Loaded shared library C:\Users\KICHU\AppData\Local\Programs\STM32CubeMX\jre\bin\extnet.dll
Event: 8.991 Loaded shared library C:\Users\KICHU\AppData\Local\Programs\STM32CubeMX\jre\bin\javajpeg.dll
Event: 10.878 Loaded shared library C:\Users\KICHU\.stm32cubemx\.jxbrowser-8.11.0\Chromium\toolkit64.dll
Event: 11.139 Loaded shared library C:\Users\KICHU\.stm32cubemx\.jxbrowser-8.11.0\Chromium\ipc64.dll
Event: 24.172 Loaded shared library C:\Users\KICHU\AppData\Local\Temp\sqlite-3.49.1.0-3685961d-04a4-4763-a4c8-e36690c56302-sqlitejdbc.dll

Deoptimization events (20 events):
Event: 5288.703 Thread 0x000001bb3ca41ff0 Uncommon trap: trap_request=0xffffff45 fr.pc=0x000001bb26bbee84 relative=0x0000000000000424
Event: 5288.703 Thread 0x000001bb3ca41ff0 Uncommon trap: reason=unstable_if action=reinterpret pc=0x000001bb26bbee84 method=java.lang.ref.SoftReference.get()Ljava/lang/Object; @ 6 c2
Event: 5288.703 Thread 0x000001bb3ca41ff0 DEOPT PACKING pc=0x000001bb26bbee84 sp=0x00000001036fed20
Event: 5288.704 Thread 0x000001bb3ca41ff0 DEOPT UNPACKING pc=0x000001bb264c46a2 sp=0x00000001036fec00 mode 2
Event: 5288.998 Thread 0x000001bb3b98b8b0 Uncommon trap: trap_request=0xffffff45 fr.pc=0x000001bb26f1a808 relative=0x0000000000000588
Event: 5288.998 Thread 0x000001bb3b98b8b0 Uncommon trap: reason=unstable_if action=reinterpret pc=0x000001bb26f1a808 method=java.util.concurrent.locks.AbstractQueuedSynchronizer$ConditionNode.isReleasable()Z @ 14 c2
Event: 5288.998 Thread 0x000001bb3b98b8b0 DEOPT PACKING pc=0x000001bb26f1a808 sp=0x00000001004ff380
Event: 5288.998 Thread 0x000001bb3b98b8b0 DEOPT UNPACKING pc=0x000001bb264c46a2 sp=0x00000001004ff1a8 mode 2
Event: 5288.998 Thread 0x000001bb3b98b8b0 Uncommon trap: trap_request=0xffffff45 fr.pc=0x000001bb26faa9f8 relative=0x0000000000000058
Event: 5288.998 Thread 0x000001bb3b98b8b0 Uncommon trap: reason=unstable_if action=reinterpret pc=0x000001bb26faa9f8 method=java.lang.Thread.getAndClearInterrupt()Z @ 6 c2
Event: 5288.998 Thread 0x000001bb3b98b8b0 DEOPT PACKING pc=0x000001bb26faa9f8 sp=0x00000001004ff330
Event: 5288.998 Thread 0x000001bb3b98b8b0 DEOPT UNPACKING pc=0x000001bb264c46a2 sp=0x00000001004ff268 mode 2
Event: 5289.000 Thread 0x000001bb3a9d9b50 Uncommon trap: trap_request=0xffffff66 fr.pc=0x000001bb270384e4 relative=0x0000000000000124
Event: 5289.000 Thread 0x000001bb3a9d9b50 Uncommon trap: reason=speculate_class_check action=maybe_recompile pc=0x000001bb270384e4 method=org.apache.logging.log4j.spi.AbstractLogger.logIfEnabled(Ljava/lang/String;Lorg/apache/logging/log4j/Level;Lorg/apache/logging/log4j/Marker;Ljava/lang/String;L
Event: 5289.000 Thread 0x000001bb3a9d9b50 DEOPT PACKING pc=0x000001bb270384e4 sp=0x00000001028fead0
Event: 5289.000 Thread 0x000001bb3a9d9b50 DEOPT UNPACKING pc=0x000001bb264c46a2 sp=0x00000001028fe9d8 mode 2
Event: 5289.000 Thread 0x000001bb3a9d9b50 Uncommon trap: trap_request=0xffffff66 fr.pc=0x000001bb270384e4 relative=0x0000000000000124
Event: 5289.000 Thread 0x000001bb3a9d9b50 Uncommon trap: reason=speculate_class_check action=maybe_recompile pc=0x000001bb270384e4 method=org.apache.logging.log4j.spi.AbstractLogger.logIfEnabled(Ljava/lang/String;Lorg/apache/logging/log4j/Level;Lorg/apache/logging/log4j/Marker;Ljava/lang/String;L
Event: 5289.000 Thread 0x000001bb3a9d9b50 DEOPT PACKING pc=0x000001bb270384e4 sp=0x00000001028fead0
Event: 5289.000 Thread 0x000001bb3a9d9b50 DEOPT UNPACKING pc=0x000001bb264c46a2 sp=0x00000001028fe9d8 mode 2

Classes loaded (20 events):
Event: 2318.793 Loading class sun/awt/windows/WMouseInfoPeer
Event: 2318.793 Loading class java/awt/peer/MouseInfoPeer
Event: 2318.793 Loading class java/awt/peer/MouseInfoPeer done
Event: 2318.793 Loading class sun/awt/windows/WMouseInfoPeer done
Event: 2318.793 Loading class java/awt/PointerInfo
Event: 2318.793 Loading class java/awt/PointerInfo done
Event: 2318.793 Loading class javax/swing/PopupFactory$MediumWeightPopup
Event: 2318.794 Loading class javax/swing/PopupFactory$ContainerPopup
Event: 2318.794 Loading class javax/swing/PopupFactory$ContainerPopup done
Event: 2318.794 Loading class javax/swing/PopupFactory$MediumWeightPopup done
Event: 2318.795 Loading class javax/swing/PopupFactory$MediumWeightPopup$MediumWeightComponent
Event: 2318.795 Loading class javax/swing/SwingHeavyWeight
Event: 2318.795 Loading class javax/swing/SwingHeavyWeight done
Event: 2318.795 Loading class javax/swing/PopupFactory$MediumWeightPopup$MediumWeightComponent done
Event: 5288.742 Loading class java/util/concurrent/CompletableFuture$UniHandle
Event: 5288.742 Loading class java/util/concurrent/CompletableFuture$UniCompletion
Event: 5288.742 Loading class java/util/concurrent/CompletableFuture$UniCompletion done
Event: 5288.742 Loading class java/util/concurrent/CompletableFuture$UniHandle done
Event: 5288.862 Loading class sun/net/ConnectionResetException
Event: 5288.862 Loading class sun/net/ConnectionResetException done

Classes unloaded (20 events):
Event: 5278.937 Thread 0x000001bb35c2d8a0 Unloading class 0x00000008002e9c00 'java/lang/invoke/LambdaForm$MH+0x00000008002e9c00'
Event: 5278.937 Thread 0x000001bb35c2d8a0 Unloading class 0x00000008002e8c00 'java/lang/invoke/LambdaForm$MH+0x00000008002e8c00'
Event: 5278.937 Thread 0x000001bb35c2d8a0 Unloading class 0x00000008002e8800 'java/lang/invoke/LambdaForm$BMH+0x00000008002e8800'
Event: 5278.937 Thread 0x000001bb35c2d8a0 Unloading class 0x00000008002ce400 'java/lang/invoke/LambdaForm$MH+0x00000008002ce400'
Event: 5278.937 Thread 0x000001bb35c2d8a0 Unloading class 0x00000008002cd400 'java/lang/invoke/LambdaForm$MH+0x00000008002cd400'
Event: 5278.937 Thread 0x000001bb35c2d8a0 Unloading class 0x00000008002cd000 'java/lang/invoke/LambdaForm$MH+0x00000008002cd000'
Event: 5278.937 Thread 0x000001bb35c2d8a0 Unloading class 0x0000000800208800 'java/lang/invoke/LambdaForm$DMH+0x0000000800208800'
Event: 5278.937 Thread 0x000001bb35c2d8a0 Unloading class 0x0000000800208000 'java/lang/invoke/LambdaForm$DMH+0x0000000800208000'
Event: 5278.937 Thread 0x000001bb35c2d8a0 Unloading class 0x00000008001bd000 'java/lang/invoke/LambdaForm$MH+0x00000008001bd000'
Event: 5278.937 Thread 0x000001bb35c2d8a0 Unloading class 0x00000008001bcc00 'java/lang/invoke/LambdaForm$MH+0x00000008001bcc00'
Event: 5278.937 Thread 0x000001bb35c2d8a0 Unloading class 0x00000008001bc800 'java/lang/invoke/LambdaForm$MH+0x00000008001bc800'
Event: 5278.937 Thread 0x000001bb35c2d8a0 Unloading class 0x00000008001b2c00 'java/lang/invoke/LambdaForm$MH+0x00000008001b2c00'
Event: 5278.937 Thread 0x000001bb35c2d8a0 Unloading class 0x00000008001b2800 'java/lang/invoke/LambdaForm$BMH+0x00000008001b2800'
Event: 5278.937 Thread 0x000001bb35c2d8a0 Unloading class 0x0000000800184400 'java/lang/invoke/LambdaForm$MH+0x0000000800184400'
Event: 5278.937 Thread 0x000001bb35c2d8a0 Unloading class 0x0000000800184000 'java/lang/invoke/LambdaForm$DMH+0x0000000800184000'
Event: 5278.937 Thread 0x000001bb35c2d8a0 Unloading class 0x0000000800183c00 'java/lang/invoke/LambdaForm$DMH+0x0000000800183c00'
Event: 5278.937 Thread 0x000001bb35c2d8a0 Unloading class 0x0000000800182000 'java/lang/invoke/LambdaForm$MH+0x0000000800182000'
Event: 5278.937 Thread 0x000001bb35c2d8a0 Unloading class 0x0000000800124800 'java/lang/invoke/LambdaForm$MH+0x0000000800124800'
Event: 5278.937 Thread 0x000001bb35c2d8a0 Unloading class 0x0000000800124400 'java/lang/invoke/LambdaForm$MH+0x0000000800124400'
Event: 5278.937 Thread 0x000001bb35c2d8a0 Unloading class 0x0000000800124000 'java/lang/invoke/LambdaForm$MH+0x0000000800124000'

Classes redefined (0 events):
No events

Internal exceptions (20 events):
Event: 5288.303 Thread 0x000001bb3ae8d720 Exception <a 'java/lang/NoSuchMethodError'{0x0000000714d83ae0}: static Ljava/lang/Object;.<clinit>()V> (0x0000000714d83ae0) 
thrown [s\src\hotspot\share\prims\jni.cpp, line 1111]
Event: 5288.307 Thread 0x000001bb3ae8d720 Exception <a 'java/io/IOException'{0x0000000714d96970}> (0x0000000714d96970) 
thrown [s\src\hotspot\share\prims\jni.cpp, line 520]
Event: 5288.307 Thread 0x000001bb3ae8d720 Exception <a 'java/io/IOException'{0x0000000714d96f38}> (0x0000000714d96f38) 
thrown [s\src\hotspot\share\prims\jni.cpp, line 520]
Event: 5288.307 Thread 0x000001bb3ae8d720 Exception <a 'java/io/IOException'{0x0000000714d99280}> (0x0000000714d99280) 
thrown [s\src\hotspot\share\prims\jni.cpp, line 520]
Event: 5288.307 Thread 0x000001bb3ae8d720 Exception <a 'java/io/IOException'{0x0000000714d99848}> (0x0000000714d99848) 
thrown [s\src\hotspot\share\prims\jni.cpp, line 520]
Event: 5288.308 Thread 0x000001bb3ae8d720 Exception <a 'java/io/IOException'{0x0000000714d9bc20}> (0x0000000714d9bc20) 
thrown [s\src\hotspot\share\prims\jni.cpp, line 520]
Event: 5288.308 Thread 0x000001bb3ae8d720 Exception <a 'java/io/IOException'{0x0000000714d9c1e8}> (0x0000000714d9c1e8) 
thrown [s\src\hotspot\share\prims\jni.cpp, line 520]
Event: 5288.354 Thread 0x000001bb3ae8d720 Exception <a 'sun/nio/fs/WindowsException'{0x0000000714aceb00}> (0x0000000714aceb00) 
thrown [s\src\hotspot\share\prims\jni.cpp, line 520]
Event: 5288.696 Thread 0x000001bb3ca41ff0 Implicit null exception at 0x000001bb26c14640 to 0x000001bb26c149ac
Event: 5288.703 Thread 0x000001bb3ca41ff0 Implicit null exception at 0x000001bb26bbeacb to 0x000001bb26bbee6f
Event: 5288.863 Thread 0x000001bb3ca43a30 Exception <a 'sun/net/ConnectionResetException'{0x00000007146015a8}: Connection reset> (0x00000007146015a8) 
thrown [s\src\hotspot\share\prims\jni.cpp, line 539]
Event: 5288.882 Thread 0x000001bb3ca45470 Exception <a 'sun/net/ConnectionResetException'{0x0000000714653ff0}: Connection reset> (0x0000000714653ff0) 
thrown [s\src\hotspot\share\prims\jni.cpp, line 539]
Event: 5288.932 Thread 0x000001bb3ae8d720 Exception <a 'java/io/IOException'{0x0000000714ba36b8}> (0x0000000714ba36b8) 
thrown [s\src\hotspot\share\prims\jni.cpp, line 520]
Event: 5288.932 Thread 0x000001bb3ae8d720 Exception <a 'java/io/IOException'{0x0000000714ba3f30}> (0x0000000714ba3f30) 
thrown [s\src\hotspot\share\prims\jni.cpp, line 520]
Event: 5288.933 Thread 0x000001bb3ae8d720 Exception <a 'java/io/IOException'{0x0000000714ba5170}> (0x0000000714ba5170) 
thrown [s\src\hotspot\share\prims\jni.cpp, line 520]
Event: 5288.933 Thread 0x000001bb3ae8d720 Exception <a 'java/io/IOException'{0x0000000714ba5738}> (0x0000000714ba5738) 
thrown [s\src\hotspot\share\prims\jni.cpp, line 520]
Event: 5288.933 Thread 0x000001bb3b98bf40 Exception <a 'java/io/IOException'{0x000000071471fa50}> (0x000000071471fa50) 
thrown [s\src\hotspot\share\prims\jni.cpp, line 520]
Event: 5288.997 Thread 0x000001bb3ae8d720 Exception <a 'java/io/IOException'{0x00000007147774f0}> (0x00000007147774f0) 
thrown [s\src\hotspot\share\prims\jni.cpp, line 520]
Event: 5288.997 Thread 0x000001bb3ae8d720 Exception <a 'java/io/IOException'{0x0000000714777ab8}> (0x0000000714777ab8) 
thrown [s\src\hotspot\share\prims\jni.cpp, line 520]
Event: 5289.000 Thread 0x000001bb3a9d9b50 Exception <a 'java/io/IOException'{0x00000007145ae808}> (0x00000007145ae808) 
thrown [s\src\hotspot\share\prims\jni.cpp, line 520]

ZGC Phase Switch (0 events):
No events

VM Operations (20 events):
Event: 5279.042 Executing VM operation: G1PauseCleanup done
Event: 5280.045 Executing VM operation: Cleanup
Event: 5280.045 Executing VM operation: Cleanup done
Event: 5282.060 Executing VM operation: Cleanup
Event: 5282.060 Executing VM operation: Cleanup done
Event: 5283.069 Executing VM operation: Cleanup
Event: 5283.069 Executing VM operation: Cleanup done
Event: 5284.079 Executing VM operation: Cleanup
Event: 5284.079 Executing VM operation: Cleanup done
Event: 5285.089 Executing VM operation: Cleanup
Event: 5285.089 Executing VM operation: Cleanup done
Event: 5286.097 Executing VM operation: Cleanup
Event: 5286.097 Executing VM operation: Cleanup done
Event: 5286.920 Executing VM operation: G1CollectForAllocation (G1 Evacuation Pause)
Event: 5286.929 Executing VM operation: G1CollectForAllocation (G1 Evacuation Pause) done
Event: 5287.941 Executing VM operation: Cleanup
Event: 5287.941 Executing VM operation: Cleanup done
Event: 5288.944 Executing VM operation: Cleanup
Event: 5288.944 Executing VM operation: Cleanup done
Event: 5289.114 Executing VM operation: Exit

Memory protections (0 events):
No events

Nmethod flushes (20 events):
Event: 5278.984 Thread 0x000001bb35c2d8a0 flushing  nmethod 0x000001bb1f890110
Event: 5278.984 Thread 0x000001bb35c2d8a0 flushing  nmethod 0x000001bb1fa42d10
Event: 5278.984 Thread 0x000001bb35c2d8a0 flushing  nmethod 0x000001bb20082690
Event: 5278.984 Thread 0x000001bb35c2d8a0 flushing  nmethod 0x000001bb201f9790
Event: 5278.984 Thread 0x000001bb35c2d8a0 flushing  nmethod 0x000001bb205b2010
Event: 5278.984 Thread 0x000001bb35c2d8a0 flushing  nmethod 0x000001bb207c9310
Event: 5278.984 Thread 0x000001bb35c2d8a0 flushing  nmethod 0x000001bb20a04f90
Event: 5278.984 Thread 0x000001bb35c2d8a0 flushing  nmethod 0x000001bb20a30790
Event: 5278.984 Thread 0x000001bb35c2d8a0 flushing  nmethod 0x000001bb20a35a90
Event: 5278.984 Thread 0x000001bb35c2d8a0 flushing  nmethod 0x000001bb26e9c710
Event: 5278.984 Thread 0x000001bb35c2d8a0 flushing  nmethod 0x000001bb1f571910
Event: 5278.984 Thread 0x000001bb35c2d8a0 flushing  nmethod 0x000001bb1f6b2610
Event: 5278.984 Thread 0x000001bb35c2d8a0 flushing  nmethod 0x000001bb1fbce890
Event: 5278.984 Thread 0x000001bb35c2d8a0 flushing  nmethod 0x000001bb1ffa4590
Event: 5278.984 Thread 0x000001bb35c2d8a0 flushing  nmethod 0x000001bb2001f390
Event: 5278.984 Thread 0x000001bb35c2d8a0 flushing  nmethod 0x000001bb205ab210
Event: 5278.984 Thread 0x000001bb35c2d8a0 flushing  nmethod 0x000001bb206ee690
Event: 5278.984 Thread 0x000001bb35c2d8a0 flushing  nmethod 0x000001bb2079fe90
Event: 5278.984 Thread 0x000001bb35c2d8a0 flushing  nmethod 0x000001bb2099f390
Event: 5278.984 Thread 0x000001bb35c2d8a0 flushing  nmethod 0x000001bb209c5b90

Events (20 events):
Event: 5288.883 Thread 0x000001bb3ca45b00 Thread exited: 0x000001bb3ca45b00
Event: 5288.883 Thread 0x000001bb3ca45470 Thread exited: 0x000001bb3ca45470
Event: 5288.884 Thread 0x000001bb3ca44de0 Thread exited: 0x000001bb3ca44de0
Event: 5288.931 Thread 0x000001bb3b98e010 Thread exited: 0x000001bb3b98e010
Event: 5288.932 Thread 0x000001bb3f230f50 Thread exited: 0x000001bb3f230f50
Event: 5288.933 Thread 0x000001bb3b98bf40 Thread exited: 0x000001bb3b98bf40
Event: 5288.935 Thread 0x000001bb3ca47bd0 Thread exited: 0x000001bb3ca47bd0
Event: 5288.997 Thread 0x000001bb3ae8d720 Thread added: 0x000001bb3a9daf00
Event: 5288.998 Thread 0x000001bb3ae8d720 Thread added: 0x000001bb3a9da1e0
Event: 5288.998 Thread 0x000001bb3ae8d720 Thread added: 0x000001bb3a9d9b50
Event: 5288.998 Thread 0x000001bb3ae8d720 Thread added: 0x000001bb3a9dfdc0
Event: 5288.998 Thread 0x000001bb3ae8d720 Thread added: 0x000001bb3a9dbc20
Event: 5288.998 Thread 0x000001bb3a9da1e0 Thread exited: 0x000001bb3a9da1e0
Event: 5288.998 Thread 0x000001bb3a9dfdc0 Thread exited: 0x000001bb3a9dfdc0
Event: 5288.998 Thread 0x000001bb3a9dbc20 Thread exited: 0x000001bb3a9dbc20
Event: 5289.000 Thread 0x000001bb3b98b8b0 Thread exited: 0x000001bb3b98b8b0
Event: 5289.000 Thread 0x000001bb3a9d9b50 Thread exited: 0x000001bb3a9d9b50
Event: 5289.008 Thread 0x000001bb3ae90170 Thread exited: 0x000001bb3ae90170
Event: 5289.112 Thread 0x000001bb3a9daf00 Thread exited: 0x000001bb3a9daf00
Event: 5289.114 Thread 0x000001bb3ae8d720 Before exit entered


Dynamic libraries:
0x00007ff71b530000 - 0x00007ff71b53e000 	C:\Users\KICHU\AppData\Local\Programs\STM32CubeMX\jre\bin\javaw.exe
0x00007ffef6c60000 - 0x00007ffef6e67000 	C:\Windows\SYSTEM32\ntdll.dll
0x00007ffef5ad0000 - 0x00007ffef5b8d000 	C:\Windows\System32\KERNEL32.DLL
0x00007ffef4520000 - 0x00007ffef4892000 	C:\Windows\System32\KERNELBASE.dll
0x00007ffef48a0000 - 0x00007ffef49b1000 	C:\Windows\System32\ucrtbase.dll
0x00007ffedf640000 - 0x00007ffedf65e000 	C:\Users\KICHU\AppData\Local\Programs\STM32CubeMX\jre\bin\VCRUNTIME140.dll
0x00007ffee1600000 - 0x00007ffee1618000 	C:\Users\KICHU\AppData\Local\Programs\STM32CubeMX\jre\bin\jli.dll
0x00007ffef4e50000 - 0x00007ffef4ffc000 	C:\Windows\System32\USER32.dll
0x00007ffef4270000 - 0x00007ffef4296000 	C:\Windows\System32\win32u.dll
0x00007ffef67d0000 - 0x00007ffef67f9000 	C:\Windows\System32\GDI32.dll
0x00007ffef4400000 - 0x00007ffef4512000 	C:\Windows\System32\gdi32full.dll
0x00007ffef4360000 - 0x00007ffef43fd000 	C:\Windows\System32\msvcp_win.dll
0x00007ffedac70000 - 0x00007ffedaf15000 	C:\Windows\WinSxS\amd64_microsoft.windows.common-controls_6595b64144ccf1df_6.0.21996.1_none_7d6b053978bcd706\COMCTL32.dll
0x00007ffef5000000 - 0x00007ffef50a3000 	C:\Windows\System32\msvcrt.dll
0x00007ffef5f80000 - 0x00007ffef5fb1000 	C:\Windows\System32\IMM32.DLL
0x00007ffeec060000 - 0x00007ffeec06c000 	C:\Users\KICHU\AppData\Local\Programs\STM32CubeMX\jre\bin\vcruntime140_1.dll
0x00007ffebb6b0000 - 0x00007ffebb73d000 	C:\Users\KICHU\AppData\Local\Programs\STM32CubeMX\jre\bin\msvcp140.dll
0x00007ffe746f0000 - 0x00007ffe75487000 	C:\Users\KICHU\AppData\Local\Programs\STM32CubeMX\jre\bin\server\jvm.dll
0x00007ffef5580000 - 0x00007ffef562c000 	C:\Windows\System32\ADVAPI32.dll
0x00007ffef5cd0000 - 0x00007ffef5d6d000 	C:\Windows\System32\sechost.dll
0x00007ffef6af0000 - 0x00007ffef6c11000 	C:\Windows\System32\RPCRT4.dll
0x00007ffef4de0000 - 0x00007ffef4e4f000 	C:\Windows\System32\WS2_32.dll
0x00007ffef2bc0000 - 0x00007ffef2c0d000 	C:\Windows\SYSTEM32\POWRPROF.dll
0x00007ffeec730000 - 0x00007ffeec73a000 	C:\Windows\SYSTEM32\VERSION.dll
0x00007ffeec6f0000 - 0x00007ffeec723000 	C:\Windows\SYSTEM32\WINMM.dll
0x00007ffef2cf0000 - 0x00007ffef2d03000 	C:\Windows\SYSTEM32\UMPDC.dll
0x00007ffef33a0000 - 0x00007ffef33b7000 	C:\Windows\SYSTEM32\kernel.appcore.dll
0x00007ffeebea0000 - 0x00007ffeebeaa000 	C:\Users\KICHU\AppData\Local\Programs\STM32CubeMX\jre\bin\jimage.dll
0x00007ffef1e50000 - 0x00007ffef2071000 	C:\Windows\SYSTEM32\DBGHELP.DLL
0x00007ffedb270000 - 0x00007ffedb2a1000 	C:\Windows\SYSTEM32\dbgcore.DLL
0x00007ffef41f0000 - 0x00007ffef4270000 	C:\Windows\System32\bcryptPrimitives.dll
0x00007ffedf3d0000 - 0x00007ffedf3ef000 	C:\Users\KICHU\AppData\Local\Programs\STM32CubeMX\jre\bin\java.dll
0x00007ffef5fe0000 - 0x00007ffef6749000 	C:\Windows\System32\SHELL32.dll
0x00007ffef21f0000 - 0x00007ffef2a48000 	C:\Windows\SYSTEM32\windows.storage.dll
0x00007ffef5650000 - 0x00007ffef59c5000 	C:\Windows\System32\combase.dll
0x00007ffef2080000 - 0x00007ffef21e6000 	C:\Windows\SYSTEM32\wintypes.dll
0x00007ffef6800000 - 0x00007ffef68ea000 	C:\Windows\System32\SHCORE.dll
0x00007ffef5a70000 - 0x00007ffef5acd000 	C:\Windows\System32\shlwapi.dll
0x00007ffef40b0000 - 0x00007ffef40d1000 	C:\Windows\SYSTEM32\profapi.dll
0x00007ffeb68f0000 - 0x00007ffeb69c7000 	C:\Users\KICHU\AppData\Local\Programs\STM32CubeMX\jre\bin\jsvml.dll
0x00007ffee0de0000 - 0x00007ffee0df0000 	C:\Users\KICHU\AppData\Local\Programs\STM32CubeMX\jre\bin\net.dll
0x00007ffeec4f0000 - 0x00007ffeec5fc000 	C:\Windows\SYSTEM32\WINHTTP.dll
0x00007ffef37b0000 - 0x00007ffef3817000 	C:\Windows\system32\mswsock.dll
0x00007ffedf310000 - 0x00007ffedf326000 	C:\Users\KICHU\AppData\Local\Programs\STM32CubeMX\jre\bin\nio.dll
0x00007ffece610000 - 0x00007ffece628000 	C:\Users\KICHU\AppData\Local\Programs\STM32CubeMX\jre\bin\zip.dll
0x00007ffedf3c0000 - 0x00007ffedf3ca000 	C:\Users\KICHU\AppData\Local\Programs\STM32CubeMX\jre\bin\management.dll
0x00007ffedb840000 - 0x00007ffedb84b000 	C:\Users\KICHU\AppData\Local\Programs\STM32CubeMX\jre\bin\management_ext.dll
0x00007ffef5fd0000 - 0x00007ffef5fd8000 	C:\Windows\System32\PSAPI.DLL
0x00007ffed3200000 - 0x00007ffed3217000 	C:\Windows\system32\napinsp.dll
0x00007ffed31e0000 - 0x00007ffed31fb000 	C:\Windows\system32\pnrpnsp.dll
0x00007ffef2f50000 - 0x00007ffef3035000 	C:\Windows\SYSTEM32\DNSAPI.dll
0x00007ffef2ee0000 - 0x00007ffef2f0d000 	C:\Windows\SYSTEM32\IPHLPAPI.DLL
0x00007ffef59d0000 - 0x00007ffef59d9000 	C:\Windows\System32\NSI.dll
0x00007ffed31a0000 - 0x00007ffed31b2000 	C:\Windows\System32\winrnr.dll
0x00007ffed3230000 - 0x00007ffed3245000 	C:\Windows\system32\wshbth.dll
0x00007ffed3150000 - 0x00007ffed316f000 	C:\Windows\system32\nlansp_c.dll
0x00007ffee4560000 - 0x00007ffee456a000 	C:\Windows\System32\rasadhlp.dll
0x00007ffeebb90000 - 0x00007ffeebc11000 	C:\Windows\System32\fwpuclnt.dll
0x00007ffe95600000 - 0x00007ffe9578e000 	C:\Users\KICHU\AppData\Local\Programs\STM32CubeMX\jre\bin\awt.dll
0x00007ffef4d00000 - 0x00007ffef4dd6000 	C:\Windows\System32\OLEAUT32.dll
0x00007ffef1170000 - 0x00007ffef1202000 	C:\Windows\SYSTEM32\apphelp.dll
0x00007ffef39f0000 - 0x00007ffef3a08000 	C:\Windows\SYSTEM32\CRYPTSP.dll
0x00007ffef3300000 - 0x00007ffef3335000 	C:\Windows\system32\rsaenh.dll
0x00007ffef38a0000 - 0x00007ffef38c9000 	C:\Windows\SYSTEM32\USERENV.dll
0x00007ffef3b70000 - 0x00007ffef3b97000 	C:\Windows\SYSTEM32\bcrypt.dll
0x00007ffef3a10000 - 0x00007ffef3a1c000 	C:\Windows\SYSTEM32\CRYPTBASE.dll
0x00007ffef14a0000 - 0x00007ffef154c000 	C:\Windows\system32\uxtheme.dll
0x00007ffef5e60000 - 0x00007ffef5f7e000 	C:\Windows\System32\MSCTF.dll
0x00007ffef6950000 - 0x00007ffef6aea000 	C:\Windows\System32\ole32.dll
0x00007ffef2a60000 - 0x00007ffef2a90000 	C:\Windows\system32\DWMAPI.DLL
0x00007ffed9160000 - 0x00007ffed9261000 	C:\Windows\system32\opengl32.dll
0x00007ffee0870000 - 0x00007ffee089d000 	C:\Windows\SYSTEM32\GLU32.dll
0x00007ffef1740000 - 0x00007ffef1778000 	C:\Windows\SYSTEM32\dxcore.dll
0x00007ffeb6690000 - 0x00007ffeb6717000 	C:\Users\KICHU\AppData\Local\Programs\STM32CubeMX\jre\bin\freetype.dll
0x00007ffe74600000 - 0x00007ffe746eb000 	C:\Users\KICHU\AppData\Local\Programs\STM32CubeMX\jre\bin\fontmanager.dll
0x00007ffed90c0000 - 0x00007ffed90d0000 	C:\Users\KICHU\AppData\Local\Programs\STM32CubeMX\jre\bin\verify.dll
0x00007ffed2f10000 - 0x00007ffed2f19000 	C:\Users\KICHU\AppData\Local\Programs\STM32CubeMX\jre\bin\prefs.dll
0x00007ffec2d70000 - 0x00007ffec2db1000 	C:\Users\KICHU\AppData\Local\Temp\jna-71505522\jna10983765496540974923.dll
0x00007ffecefa0000 - 0x00007ffecefae000 	C:\Users\KICHU\AppData\Local\Programs\STM32CubeMX\jre\bin\sunmscapi.dll
0x00007ffef49c0000 - 0x00007ffef4b25000 	C:\Windows\System32\CRYPT32.dll
0x00007ffef3b40000 - 0x00007ffef3b68000 	C:\Windows\SYSTEM32\ncrypt.dll
0x00007ffef3b00000 - 0x00007ffef3b37000 	C:\Windows\SYSTEM32\NTASN1.dll
0x00007ffef3a50000 - 0x00007ffef3a62000 	C:\Windows\SYSTEM32\MSASN1.dll
0x00007ffef3840000 - 0x00007ffef3864000 	C:\Windows\SYSTEM32\gpapi.dll
0x00007ffececf0000 - 0x00007ffececf9000 	C:\Users\KICHU\AppData\Local\Programs\STM32CubeMX\jre\bin\extnet.dll
0x00007ffecd4c0000 - 0x00007ffecd4ee000 	C:\Users\KICHU\AppData\Local\Programs\STM32CubeMX\jre\bin\javajpeg.dll
0x00007ffef5b90000 - 0x00007ffef5c3f000 	C:\Windows\System32\clbcatq.dll
0x00007ffeec280000 - 0x00007ffeec42e000 	C:\Windows\SYSTEM32\WindowsCodecs.dll
0x00007ffec6900000 - 0x00007ffec695d000 	C:\Windows\system32\dataexchange.dll
0x00007ffeeb290000 - 0x00007ffeeb4ee000 	C:\Windows\system32\twinapi.appcore.dll
0x00007ffece350000 - 0x00007ffece47c000 	C:\Windows\SYSTEM32\textinputframework.dll
0x00007ffe74500000 - 0x00007ffe745f9000 	C:\Users\KICHU\.stm32cubemx\.jxbrowser-8.11.0\Chromium\toolkit64.dll
0x00007ffe74260000 - 0x00007ffe74350000 	C:\Users\KICHU\.stm32cubemx\.jxbrowser-8.11.0\Chromium\ipc64.dll
0x00007ffef0cb0000 - 0x00007ffef0ddc000 	C:\Windows\SYSTEM32\CoreMessaging.dll
0x00007ffeeedf0000 - 0x00007ffeef15d000 	C:\Windows\SYSTEM32\CoreUIComponents.dll
0x00007ffeb4770000 - 0x00007ffeb486a000 	C:\Users\KICHU\AppData\Local\Temp\sqlite-3.49.1.0-3685961d-04a4-4763-a4c8-e36690c56302-sqlitejdbc.dll
0x00007ffed3ec0000 - 0x00007ffed3f72000 	C:\Windows\WinSxS\amd64_microsoft.windows.common-controls_6595b64144ccf1df_5.82.21996.1_none_23f842416fd8ffc1\comctl32.dll
0x00007ffef1310000 - 0x00007ffef1407000 	C:\Windows\SYSTEM32\PROPSYS.dll
0x00007ffec76a0000 - 0x00007ffec76b8000 	C:\Windows\system32\NetworkExplorer.dll
0x00007ffef3e80000 - 0x00007ffef3ecc000 	C:\Windows\SYSTEM32\CFGMGR32.dll
0x00007ffee46c0000 - 0x00007ffee47fb000 	C:\Windows\System32\Windows.System.Launcher.dll
0x00007ffeea3b0000 - 0x00007ffeea442000 	C:\Windows\System32\msvcp110_win.dll
0x00007ffeec0b0000 - 0x00007ffeec0cb000 	C:\Windows\SYSTEM32\windows.staterepositorycore.dll
0x00007ffedb2b0000 - 0x00007ffedb2cd000 	C:\Windows\SYSTEM32\MPR.dll
0x00007ffeb8d90000 - 0x00007ffeb8dbc000 	C:\Windows\System32\p9np.dll
0x00007ffee4550000 - 0x00007ffee455c000 	C:\Windows\System32\drprov.dll
0x00007ffec7680000 - 0x00007ffec7699000 	C:\Windows\System32\ntlanman.dll
0x00007ffebb8e0000 - 0x00007ffebb8fe000 	C:\Windows\System32\davclnt.dll
0x00007ffef2e60000 - 0x00007ffef2ec3000 	C:\Windows\System32\WINSTA.dll
0x00007ffeeb750000 - 0x00007ffeeb767000 	C:\Windows\System32\wkscli.dll
0x00007ffed8780000 - 0x00007ffed8792000 	C:\Windows\SYSTEM32\cscapi.dll
0x00007ffef2ed0000 - 0x00007ffef2edc000 	C:\Windows\System32\netutils.dll
0x00007ffea1c80000 - 0x00007ffea1cd7000 	C:\Windows\System32\dlnashext.dll
0x00007ffe8cf60000 - 0x00007ffe8cfce000 	C:\Windows\System32\PlayToDevice.dll
0x00007ffed9a30000 - 0x00007ffed9a51000 	C:\Windows\System32\DevDispItemProvider.dll
0x00007ffee9520000 - 0x00007ffee95bc000 	C:\Windows\System32\MMDevApi.dll
0x00007ffef3e50000 - 0x00007ffef3e7c000 	C:\Windows\System32\DEVOBJ.dll
0x00007ffef10a0000 - 0x00007ffef113e000 	C:\Windows\System32\PortableDeviceApi.dll
0x00007ffef5110000 - 0x00007ffef557b000 	C:\Windows\System32\SETUPAPI.dll
0x00007ffef4180000 - 0x00007ffef41e7000 	C:\Windows\System32\WINTRUST.dll
0x00007ffeb6870000 - 0x00007ffeb6895000 	C:\Windows\System32\EhStorAPI.dll
0x00007ffef0270000 - 0x00007ffef0284000 	C:\Windows\System32\WTSAPI32.dll
0x00007ffeec740000 - 0x00007ffeec74d000 	C:\Windows\SYSTEM32\LINKINFO.dll
0x00007ffed15b0000 - 0x00007ffed1616000 	C:\Windows\System32\thumbcache.dll
0x00007ffeea4a0000 - 0x00007ffeea540000 	C:\Windows\SYSTEM32\policymanager.dll
0x00007ffef17b0000 - 0x00007ffef17e4000 	C:\Windows\SYSTEM32\ntmarta.dll
0x00007ffeb1670000 - 0x00007ffeb16a8000 	C:\ProgramData\Microsoft\Windows Defender\Platform\4.18.25100.9008-0\MpDetoursCopyAccelerator.dll
0x00007ffedaf20000 - 0x00007ffedb0db000 	C:\ProgramData\Microsoft\Windows Defender\Platform\4.18.25100.9008-0\mpclient.dll

JVMTI agents: none

dbghelp: loaded successfully - version: 4.0.5 - missing functions: none
symbol engine: initialized successfully - sym options: 0x614 - pdb path: .;C:\Users\KICHU\AppData\Local\Programs\STM32CubeMX\jre\bin;C:\Windows\SYSTEM32;C:\Windows\WinSxS\amd64_microsoft.windows.common-controls_6595b64144ccf1df_6.0.21996.1_none_7d6b053978bcd706;C:\Users\KICHU\AppData\Local\Programs\STM32CubeMX\jre\bin\server;C:\Users\KICHU\AppData\Local\Temp\jna-71505522;C:\Users\KICHU\.stm32cubemx\.jxbrowser-8.11.0\Chromium;C:\Users\KICHU\AppData\Local\Temp;C:\Windows\WinSxS\amd64_microsoft.windows.common-controls_6595b64144ccf1df_5.82.21996.1_none_23f842416fd8ffc1;C:\ProgramData\Microsoft\Windows Defender\Platform\4.18.25100.9008-0;C:\Windows\SystemApps\MicrosoftWindows.Client.CBS_cw5n1h2txyewy;C:\Program Files\WindowsApps\Microsoft.VCLibs.140.00_14.0.33519.0_x64__8wekyb3d8bbwe

VM Arguments:
jvm_args: -Djavax.net.ssl.trustStoreType=WINDOWS-ROOT -Dsun.java2d.d3d=false --add-exports=java.desktop/sun.awt=ALL-UNNAMED --add-opens=java.desktop/java.awt=ALL-UNNAMED -Dfile.encoding=UTF8 
java_command: com.st.microxplorer.maingui.STM32CubeMX C:\Users\KICHU\Desktop\EMBEDDED_SYSTEM_D\EMBEDDED_SYSTEM\STM32-M4\STM32-M4.ioc
java_class_path (initial): C:\Users\KICHU\AppData\Local\Programs\STM32CubeMX\STM32CubeMX.exe;anything
Launcher Type: SUN_STANDARD

[Global flags]
     intx CICompilerCount                          = 4                                         {product} {ergonomic}
     uint ConcGCThreads                            = 2                                         {product} {ergonomic}
     uint G1ConcRefinementThreads                  = 8                                         {product} {ergonomic}
   size_t G1HeapRegionSize                         = 2097152                                   {product} {ergonomic}
    uintx GCDrainStackTargetSize                   = 64                                        {product} {ergonomic}
   size_t InitialHeapSize                          = 266338304                                 {product} {ergonomic}
   size_t MarkStackSize                            = 4194304                                   {product} {ergonomic}
   size_t MaxHeapSize                              = 4253024256                                {product} {ergonomic}
   size_t MaxNewSize                               = 2550136832                                {product} {ergonomic}
   size_t MinHeapDeltaBytes                        = 2097152                                   {product} {ergonomic}
   size_t MinHeapSize                              = 8388608                                   {product} {ergonomic}
    uintx NonNMethodCodeHeapSize                   = 5839372                                {pd product} {ergonomic}
    uintx NonProfiledCodeHeapSize                  = 122909434                              {pd product} {ergonomic}
    uintx ProfiledCodeHeapSize                     = 122909434                              {pd product} {ergonomic}
    uintx ReservedCodeCacheSize                    = 251658240                              {pd product} {ergonomic}
     bool SegmentedCodeCache                       = true                                      {product} {ergonomic}
   size_t SoftMaxHeapSize                          = 4253024256                             {manageable} {ergonomic}
     bool UseCompressedOops                        = true                           {product lp64_product} {ergonomic}
     bool UseG1GC                                  = true                                      {product} {ergonomic}
     bool UseLargePagesIndividualAllocation        = false                                  {pd product} {ergonomic}

Logging:
Log output configuration:
 #0: stdout all=off uptime,level,tags foldmultilines=false
 #1: stderr all=off uptime,level,tags foldmultilines=false

Environment Variables:
PATH=C:\Users\KICHU\AppData\Local\Programs\STM32CubeMX\;C:\Program Files (x86)\Common Files\Oracle\Java\java8path;C:\Program Files (x86)\Common Files\Oracle\Java\javapath;C:\Users\KICHU\AppData\Local\Programs\Python\Python312\Scripts\;C:\Users\KICHU\AppData\Local\Programs\Python\Python312\;C:\Windows\system32;C:\Windows;C:\Windows\System32\Wbem;C:\Windows\System32\WindowsPowerShell\v1.0\;C:\Windows\System32\OpenSSH\;C:\Program Files\dotnet\;C:\Program Files (x86)\NVIDIA Corporation\PhysX\Common;C:\Program Files\nodejs\;C:\ProgramData\chocolatey\bin;C:\Program Files\Git\cmd;C:\Program Files\MongoDB\Server\7.0\bin;C:\Users\KICHU\Downloads\mongosh-2.3.1-win32-x64\mongosh-2.3.1-win32-x64\bin;C:\Program Files\NVIDIA Corporation\NVIDIA app\NvDLISR;C:\MinGW\bin;C:\avrdude-v8.1-windows-x64;C:\Users\KICHU\AppData\Local\Programs\Python\Launcher\;C:\Users\KICHU\AppData\Local\Microsoft\WindowsApps;C:\Users\KICHU\AppData\Local\Programs\Microsoft VS Code\bin;C:\Users\KICHU\AppData\Local\Microsoft\WinGet\Links;C:\Users\KICHU\AppData\Roaming\npm;C:\Users\KICHU\AppData\Local\GitHubDesktop\bin;C:\Program Files\MongoDB\Server\7.0\bin;C:\intelFPGA\20.1\modelsim_ase\win32aloem;C:\Modeltech_5.7f\win32;C:\avrdude-v8.1-windows-x64;;C:\Users\KICHU\AppData\Local\Programs\STM32CubeMX\.\jre\\bin
USERNAME=KICHU
OS=Windows_NT
PROCESSOR_IDENTIFIER=Intel64 Family 6 Model 165 Stepping 2, GenuineIntel
TMP=C:\Users\KICHU\AppData\Local\Temp
TEMP=C:\Users\KICHU\AppData\Local\Temp




Periodic native trim disabled

---------------  S Y S T E M  ---------------

OS:
 Windows 10 , 64 bit Build 21996 (10.0.21996.1)
OS uptime: 3 days 17:59 hours

CPU: total 8 (initial active 8) (4 cores per cpu, 2 threads per core) family 6 model 165 stepping 2 microcode 0xe0, cx8, cmov, fxsr, ht, mmx, 3dnowpref, sse, sse2, sse3, ssse3, sse4.1, sse4.2, popcnt, lzcnt, tsc, tscinvbit, avx, avx2, aes, erms, clmul, bmi1, bmi2, adx, fma, vzeroupper, clflush, clflushopt, rdtscp, f16c, pku
Processor Information for the first 8 processors :
  Max Mhz: 2496, Current Mhz: 2496, Mhz Limit: 2496

Memory: 4k page, system-wide physical 16221M (955M free)
TotalPageFile size 33629M (AvailPageFile size 11104M)
current process WorkingSet (physical memory assigned to process): 682M, peak: 813M
current process commit charge ("private bytes"): 811M, peak: 842M

vm_info: OpenJDK 64-Bit Server VM (21.0.8+9-LTS) for windows-amd64 JRE (21.0.8+9-LTS), built on 2025-07-15T00:00:00Z by "admin" with MS VC++ 17.7 (VS2022)

END.
