Archive member included to satisfy reference by file (symbol)

C:/ST/STM32CubeIDE_1.19.0/STM32CubeIDE/plugins/com.st.stm32cube.ide.mcu.externaltools.gnu-tools-for-stm32.13.3.rel1.win32_1.0.100.202509120712/tools/bin/../lib/gcc/arm-none-eabi/13.3.1/../../../../arm-none-eabi/lib/thumb/v7e-m+fp/hard\libc_nano.a(libc_a-exit.o)
                              C:/ST/STM32CubeIDE_1.19.0/STM32CubeIDE/plugins/com.st.stm32cube.ide.mcu.externaltools.gnu-tools-for-stm32.13.3.rel1.win32_1.0.100.202509120712/tools/bin/../lib/gcc/arm-none-eabi/13.3.1/../../../../arm-none-eabi/lib/thumb/v7e-m+fp/hard/crt0.o (exit)
C:/ST/STM32CubeIDE_1.19.0/STM32CubeIDE/plugins/com.st.stm32cube.ide.mcu.externaltools.gnu-tools-for-stm32.13.3.rel1.win32_1.0.100.202509120712/tools/bin/../lib/gcc/arm-none-eabi/13.3.1/../../../../arm-none-eabi/lib/thumb/v7e-m+fp/hard\libc_nano.a(libc_a-findfp.o)
                              C:/ST/STM32CubeIDE_1.19.0/STM32CubeIDE/plugins/com.st.stm32cube.ide.mcu.externaltools.gnu-tools-for-stm32.13.3.rel1.win32_1.0.100.202509120712/tools/bin/../lib/gcc/arm-none-eabi/13.3.1/../../../../arm-none-eabi/lib/thumb/v7e-m+fp/hard\libc_nano.a(libc_a-exit.o) (__stdio_exit_handler)
C:/ST/STM32CubeIDE_1.19.0/STM32CubeIDE/plugins/com.st.stm32cube.ide.mcu.externaltools.gnu-tools-for-stm32.13.3.rel1.win32_1.0.100.202509120712/tools/bin/../lib/gcc/arm-none-eabi/13.3.1/../../../../arm-none-eabi/lib/thumb/v7e-m+fp/hard\libc_nano.a(libc_a-fwalk.o)
                              C:/ST/STM32CubeIDE_1.19.0/STM32CubeIDE/plugins/com.st.stm32cube.ide.mcu.externaltools.gnu-tools-for-stm32.13.3.rel1.win32_1.0.100.202509120712/tools/bin/../lib/gcc/arm-none-eabi/13.3.1/../../../../arm-none-eabi/lib/thumb/v7e-m+fp/hard\libc_nano.a(libc_a-findfp.o) (_fwalk_sglue)
C:/ST/STM32CubeIDE_1.19.0/STM32CubeIDE/plugins/com.st.stm32cube.ide.mcu.externaltools.gnu-tools-for-stm32.13.3.rel1.win32_1.0.100.202509120712/tools/bin/../lib/gcc/arm-none-eabi/13.3.1/../../../../arm-none-eabi/lib/thumb/v7e-m+fp/hard\libc_nano.a(libc_a-stdio.o)
                              C:/ST/STM32CubeIDE_1.19.0/STM32CubeIDE/plugins/com.st.stm32cube.ide.mcu.externaltools.gnu-tools-for-stm32.13.3.rel1.win32_1.0.100.202509120712/tools/bin/../lib/gcc/arm-none-eabi/13.3.1/../../../../arm-none-eabi/lib/thumb/v7e-m+fp/hard\libc_nano.a(libc_a-findfp.o) (__sread)
C:/ST/STM32CubeIDE_1.19.0/STM32CubeIDE/plugins/com.st.stm32cube.ide.mcu.externaltools.gnu-tools-for-stm32.13.3.rel1.win32_1.0.100.202509120712/tools/bin/../lib/gcc/arm-none-eabi/13.3.1/../../../../arm-none-eabi/lib/thumb/v7e-m+fp/hard\libc_nano.a(libc_a-memset.o)
                              C:/ST/STM32CubeIDE_1.19.0/STM32CubeIDE/plugins/com.st.stm32cube.ide.mcu.externaltools.gnu-tools-for-stm32.13.3.rel1.win32_1.0.100.202509120712/tools/bin/../lib/gcc/arm-none-eabi/13.3.1/../../../../arm-none-eabi/lib/thumb/v7e-m+fp/hard/crt0.o (memset)
C:/ST/STM32CubeIDE_1.19.0/STM32CubeIDE/plugins/com.st.stm32cube.ide.mcu.externaltools.gnu-tools-for-stm32.13.3.rel1.win32_1.0.100.202509120712/tools/bin/../lib/gcc/arm-none-eabi/13.3.1/../../../../arm-none-eabi/lib/thumb/v7e-m+fp/hard\libc_nano.a(libc_a-closer.o)
                              C:/ST/STM32CubeIDE_1.19.0/STM32CubeIDE/plugins/com.st.stm32cube.ide.mcu.externaltools.gnu-tools-for-stm32.13.3.rel1.win32_1.0.100.202509120712/tools/bin/../lib/gcc/arm-none-eabi/13.3.1/../../../../arm-none-eabi/lib/thumb/v7e-m+fp/hard\libc_nano.a(libc_a-stdio.o) (_close_r)
C:/ST/STM32CubeIDE_1.19.0/STM32CubeIDE/plugins/com.st.stm32cube.ide.mcu.externaltools.gnu-tools-for-stm32.13.3.rel1.win32_1.0.100.202509120712/tools/bin/../lib/gcc/arm-none-eabi/13.3.1/../../../../arm-none-eabi/lib/thumb/v7e-m+fp/hard\libc_nano.a(libc_a-reent.o)
                              C:/ST/STM32CubeIDE_1.19.0/STM32CubeIDE/plugins/com.st.stm32cube.ide.mcu.externaltools.gnu-tools-for-stm32.13.3.rel1.win32_1.0.100.202509120712/tools/bin/../lib/gcc/arm-none-eabi/13.3.1/../../../../arm-none-eabi/lib/thumb/v7e-m+fp/hard\libc_nano.a(libc_a-closer.o) (errno)
C:/ST/STM32CubeIDE_1.19.0/STM32CubeIDE/plugins/com.st.stm32cube.ide.mcu.externaltools.gnu-tools-for-stm32.13.3.rel1.win32_1.0.100.202509120712/tools/bin/../lib/gcc/arm-none-eabi/13.3.1/../../../../arm-none-eabi/lib/thumb/v7e-m+fp/hard\libc_nano.a(libc_a-impure.o)
                              C:/ST/STM32CubeIDE_1.19.0/STM32CubeIDE/plugins/com.st.stm32cube.ide.mcu.externaltools.gnu-tools-for-stm32.13.3.rel1.win32_1.0.100.202509120712/tools/bin/../lib/gcc/arm-none-eabi/13.3.1/../../../../arm-none-eabi/lib/thumb/v7e-m+fp/hard\libc_nano.a(libc_a-reent.o) (_impure_ptr)
C:/ST/STM32CubeIDE_1.19.0/STM32CubeIDE/plugins/com.st.stm32cube.ide.mcu.externaltools.gnu-tools-for-stm32.13.3.rel1.win32_1.0.100.202509120712/tools/bin/../lib/gcc/arm-none-eabi/13.3.1/../../../../arm-none-eabi/lib/thumb/v7e-m+fp/hard\libc_nano.a(libc_a-lseekr.o)
[...]
Memory Configuration

Name             Origin             Length             Attributes
RAM              0x20000000         0x00020000         xrw
FLASH            0x08000000         0x00080000         xr
*default*        0x00000000         0xffffffff

Linker script and memory map

LOAD C:/ST/STM32CubeIDE_1.19.0/STM32CubeIDE/plugins/com.st.stm32cube.ide.mcu.externaltools.gnu-tools-for-stm32.13.3.rel1.win32_1.0.100.202509120712/tools/bin/../lib/gcc/arm-none-eabi/13.3.1/thumb/v7e-m+fp/hard/crti.o
LOAD C:/ST/STM32CubeIDE_1.19.0/STM32CubeIDE/plugins/com.st.stm32cube.ide.mcu.externaltools.gnu-tools-for-stm32.13.3.rel1.win32_1.0.100.202509120712/tools/bin/../lib/gcc/arm-none-eabi/13.3.1/thumb/v7e-m+fp/hard/crtbegin.o
LOAD C:/ST/STM32CubeIDE_1.19.0/STM32CubeIDE/plugins/com.st.stm32cube.ide.mcu.externaltools.gnu-tools-for-stm32.13.3.rel1.win32_1.0.100.202509120712/tools/bin/../lib/gcc/arm-none-eabi/13.3.1/../../../../arm-none-eabi/lib/thumb/v7e-m+fp/hard/crt0.o
LOAD ./Energy_monitor/src/adc_dma_driver.o
LOAD ./Energy_monitor/src/energy_meter.o
LOAD ./Energy_monitor/src/fonts.o
LOAD ./Energy_monitor/src/i2c_driver.o
LOAD ./Energy_monitor/src/main.o
LOAD ./Energy_monitor/src/ssd1306.o
LOAD ./Energy_monitor/src/syscalls.o
LOAD ./Energy_monitor/src/sysmem.o
LOAD ./Energy_monitor/src/timer_driver.o
LOAD ./Energy_monitor/src/uart_driver.o
LOAD ./Startup/startup_stm32f446retx.o
START GROUP
LOAD C:/ST/STM32CubeIDE_1.19.0/STM32CubeIDE/plugins/com.st.stm32cube.ide.mcu.externaltools.gnu-tools-for-stm32.13.3.rel1.win32_1.0.100.202509120712/tools/bin/../lib/gcc/arm-none-eabi/13.3.1/../../../../arm-none-eabi/lib/thumb/v7e-m+fp/hard\libc_nano.a
LOAD C:/ST/STM32CubeIDE_1.19.0/STM32CubeIDE/plugins/com.st.stm32cube.ide.mcu.externaltools.gnu-tools-for-stm32.13.3.rel1.win32_1.0.100.202509120712/tools/bin/../lib/gcc/arm-none-eabi/13.3.1/../../../../arm-none-eabi/lib/thumb/v7e-m+fp/hard\libm.a
END GROUP
START GROUP
LOAD C:/ST/STM32CubeIDE_1.19.0/STM32CubeIDE/plugins/com.st.stm32cube.ide.mcu.externaltools.gnu-tools-for-stm32.13.3.rel1.win32_1.0.100.202509120712/tools/bin/../lib/gcc/arm-none-eabi/13.3.1/thumb/v7e-m+fp/hard\libgcc.a
LOAD C:/ST/STM32CubeIDE_1.19.0/STM32CubeIDE/plugins/com.st.stm32cube.ide.mcu.externaltools.gnu-tools-for-stm32.13.3.rel1.win32_1.0.100.202509120712/tools/bin/../lib/gcc/arm-none-eabi/13.3.1/../../../../arm-none-eabi/lib/thumb/v7e-m+fp/hard\libc_nano.a
END GROUP
START GROUP
LOAD C:/ST/STM32CubeIDE_1.19.0/STM32CubeIDE/plugins/com.st.stm32cube.ide.mcu.externaltools.gnu-tools-for-stm32.13.3.rel1.win32_1.0.100.202509120712/tools/bin/../lib/gcc/arm-none-eabi/13.3.1/thumb/v7e-m+fp/hard\libgcc.a
LOAD C:/ST/STM32CubeIDE_1.19.0/STM32CubeIDE/plugins/com.st.stm32cube.ide.mcu.externaltools.gnu-tools-for-stm32.13.3.rel1.win32_1.0.100.202509120712/tools/bin/../lib/gcc/arm-none-eabi/13.3.1/../../../../arm-none-eabi/lib/thumb/v7e-m+fp/hard\libc_nano.a
LOAD C:/ST/STM32CubeIDE_1.19.0/STM32CubeIDE/plugins/com.st.stm32cube.ide.mcu.externaltools.gnu-tools-for-stm32.13.3.rel1.win32_1.0.100.202509120712/tools/bin/../lib/gcc/arm-none-eabi/13.3.1/../../../../arm-none-eabi/lib/thumb/v7e-m+fp/hard\libnosys.a
END GROUP
START GROUP
LOAD C:/ST/STM32CubeIDE_1.19.0/STM32CubeIDE/plugins/com.st.stm32cube.ide.mcu.externaltools.gnu-tools-for-stm32.13.3.rel1.win32_1.0.100.202509120712/tools/bin/../lib/gcc/arm-none-eabi/13.3.1/thumb/v7e-m+fp/hard\libgcc.a
LOAD C:/ST/STM32CubeIDE_1.19.0/STM32CubeIDE/plugins/com.st.stm32cube.ide.mcu.externaltools.gnu-tools-for-stm32.13.3.rel1.win32_1.0.100.202509120712/tools/bin/../lib/gcc/arm-none-eabi/13.3.1/../../../../arm-none-eabi/lib/thumb/v7e-m+fp/hard\libc_nano.a
LOAD C:/ST/STM32CubeIDE_1.19.0/STM32CubeIDE/plugins/com.st.stm32cube.ide.mcu.externaltools.gnu-tools-for-stm32.13.3.rel1.win32_1.0.100.202509120712/tools/bin/../lib/gcc/arm-none-eabi/13.3.1/../../../../arm-none-eabi/lib/thumb/v7e-m+fp/hard\libnosys.a
END GROUP
LOAD C:/ST/STM32CubeIDE_1.19.0/STM32CubeIDE/plugins/com.st.stm32cube.ide.mcu.externaltools.gnu-tools-for-stm32.13.3.rel1.win32_1.0.100.202509120712/tools/bin/../lib/gcc/arm-none-eabi/13.3.1/thumb/v7e-m+fp/hard/crtend.o
LOAD C:/ST/STM32CubeIDE_1.19.0/STM32CubeIDE/plugins/com.st.stm32cube.ide.mcu.externaltools.gnu-tools-for-stm32.13.3.rel1.win32_1.0.100.202509120712/tools/bin/../lib/gcc/arm-none-eabi/13.3.1/thumb/v7e-m+fp/hard/crtn.o
                0x20020000                        _estack = (ORIGIN (RAM) + LENGTH (RAM))
                0x00000200                        _Min_Heap_Size = 0x200
                0x00000400                        _Min_Stack_Size = 0x400

.isr_vector     0x08000000      0x1c4
                0x08000000                        . = ALIGN (0x4)
 *(.isr_vector)
 .isr_vector    0x08000000      0x1c4 ./Startup/startup_stm32f446retx.o
                0x08000000                g_pfnVectors
                0x080001c4                        . = ALIGN (0x4)

.text           0x080001c4     0x1118
                0x080001c4                        . = ALIGN (0x4)
 *(.text)
 .text          0x080001c4       0x40 C:/ST/STM32CubeIDE_1.19.0/STM32CubeIDE/plugins/com.st.stm32cube.ide.mcu.externaltools.gnu-tools-for-stm32.13.3.rel1.win32_1.0.100.202509120712/tools/bin/../lib/gcc/arm-none-eabi/13.3.1/thumb/v7e-m+fp/hard/crtbegin.o
 .text          0x08000204      0x21c C:/ST/STM32CubeIDE_1.19.0/STM32CubeIDE/plugins/com.st.stm32cube.ide.mcu.externaltools.gnu-tools-for-stm32.13.3.rel1.win32_1.0.100.202509120712/tools/bin/../lib/gcc/arm-none-eabi/13.3.1/thumb/v7e-m+fp/hard\libgcc.a(_arm_addsubsf3.o)
                0x08000204                __aeabi_frsub
                0x0800020c                __subsf3
                0x0800020c                __aeabi_fsub
                0x08000210                __aeabi_fadd
                0x08000210                __addsf3
                0x08000370                __aeabi_ui2f
                0x08000370                __floatunsisf
                0x08000378                __aeabi_i2f
                0x08000378                __floatsisf
                0x08000394                __aeabi_ul2f
                0x08000394                __floatundisf
                0x080003a4                __aeabi_l2f
                0x080003a4                __floatdisf
 *(.text*)
 .text.ADC_DMA_Init
                0x08000420       0xd0 ./Energy_monitor/src/adc_dma_driver.o
                0x08000420                ADC_DMA_Init
 .text.Hardware_Init
                0x080004f0       0x30 ./Energy_monitor/src/energy_meter.o
                0x080004f0                Hardware_Init
 .text.EnergyMeter_Init
                0x08000520       0x3c ./Energy_monitor/src/energy_meter.o
                0x08000520                EnergyMeter_Init
 .text.EnergyMeter_Run
                0x0800055c       0x48 ./Energy_monitor/src/energy_meter.o
                0x0800055c                EnergyMeter_Run
 .text.Accumulate_Data
                0x080005a4      0x628 ./Energy_monitor/src/energy_meter.o
                0x080005a4                Accumulate_Data
 .text.I2C1_Init
                0x08000bcc       0x98 ./Energy_monitor/src/i2c_driver.o
                0x08000bcc                I2C1_Init
 .text.I2C1_WriteMulti
                0x08000c64       0xd0 ./Energy_monitor/src/i2c_driver.o
                0x08000c64                I2C1_WriteMulti
 .text.I2C1_Write
                0x08000d34       0x2c ./Energy_monitor/src/i2c_driver.o
                0x08000d34                I2C1_Write
 .text.main     0x08000d60        0xe ./Energy_monitor/src/main.o
                0x08000d60                main
 *fill*         0x08000d6e        0x2 
 .text.SSD1306_Init
                0x08000d70       0x4c ./Energy_monitor/src/ssd1306.o
                0x08000d70                SSD1306_Init
 .text.SSD1306_Clear
                0x08000dbc       0x18 ./Energy_monitor/src/ssd1306.o
                0x08000dbc                SSD1306_Clear
 .text.SSD1306_Update
                0x08000dd4       0x5c ./Energy_monitor/src/ssd1306.o
                0x08000dd4                SSD1306_Update
 .text.SSD1306_SetCursor
                0x08000e30       0x30 ./Energy_monitor/src/ssd1306.o
                0x08000e30                SSD1306_SetCursor
 .text.SSD1306_DrawChar
                0x08000e60       0x90 ./Energy_monitor/src/ssd1306.o
                0x08000e60                SSD1306_DrawChar
 .text.SSD1306_Print
                0x08000ef0       0x2a ./Energy_monitor/src/ssd1306.o
                0x08000ef0                SSD1306_Print
 *fill*         0x08000f1a        0x2 
 .text.SSD1306_PrintNumber
                0x08000f1c       0xa0 ./Energy_monitor/src/ssd1306.o
                0x08000f1c                SSD1306_PrintNumber
 .text.SSD1306_PrintCentered
                0x08000fbc       0x62 ./Energy_monitor/src/ssd1306.o
                0x08000fbc                SSD1306_PrintCentered
 *fill*         0x0800101e        0x2 
 .text.TIM2_Init
                0x08001020       0x60 ./Energy_monitor/src/timer_driver.o
                0x08001020                TIM2_Init
 .text.UART2_Init
                0x08001080       0x58 ./Energy_monitor/src/uart_driver.o
                0x08001080                UART2_Init
 .text.UART2_SendString
                0x080010d8       0x40 ./Energy_monitor/src/uart_driver.o
                0x080010d8                UART2_SendString
 .text.UART2_SendNumber
                0x08001118       0xb0 ./Energy_monitor/src/uart_driver.o
                0x08001118                UART2_SendNumber
 .text.Reset_Handler
                0x080011c8       0x50 ./Startup/startup_stm32f446retx.o
                0x080011c8                Reset_Handler
 .text.Default_Handler
                0x08001218        0x2 ./Startup/startup_stm32f446retx.o
                0x08001218                RTC_Alarm_IRQHandler
                0x08001218                EXTI2_IRQHandler
                0x08001218                TIM8_CC_IRQHandler
                0x08001218                SPDIF_Rx_IRQHandler
                0x08001218                DebugMon_Handler
                0x08001218                SPI4_IRQHandler
                0x08001218                TIM1_CC_IRQHandler
                0x08001218                QuadSPI_IRQHandler
                0x08001218                DMA2_Stream5_IRQHandler
                0x08001218                HardFault_Handler
                0x08001218                DMA1_Stream5_IRQHandler
                0x08001218                SysTick_Handler
                0x08001218                PVD_IRQHandler
                0x08001218                SDIO_IRQHandler
                0x08001218                TAMP_STAMP_IRQHandler
                0x08001218                PendSV_Handler
                0x08001218                NMI_Handler
                0x08001218                CAN2_RX1_IRQHandler
                0x08001218                EXTI3_IRQHandler
                0x08001218                TIM8_TRG_COM_TIM14_IRQHandler
                0x08001218                TIM1_UP_TIM10_IRQHandler
                0x08001218                FMPI2C1_error_IRQHandler
                0x08001218                TIM8_UP_TIM13_IRQHandler
                0x08001218                I2C3_ER_IRQHandler
                0x08001218                EXTI0_IRQHandler
                0x08001218                I2C2_EV_IRQHandler
                0x08001218                DMA1_Stream2_IRQHandler
                0x08001218                CAN1_RX0_IRQHandler
                0x08001218                OTG_HS_WKUP_IRQHandler
                0x08001218                UsageFault_Handler
                0x08001218                CAN2_SCE_IRQHandler
                0x08001218                DMA2_Stream2_IRQHandler
                0x08001218                SPI1_IRQHandler
                0x08001218                TIM6_DAC_IRQHandler
                0x08001218                TIM1_BRK_TIM9_IRQHandler
                0x08001218                DCMI_IRQHandler
                0x08001218                CAN2_RX0_IRQHandler
                0x08001218                DMA2_Stream3_IRQHandler
                0x08001218                FMPI2C1_IRQHandler
                0x08001218                SAI2_IRQHandler
                0x08001218                USART6_IRQHandler
                0x08001218                USART3_IRQHandler
                0x08001218                CAN1_RX1_IRQHandler
                0x08001218                UART5_IRQHandler
                0x08001218                DMA2_Stream0_IRQHandler
                0x08001218                TIM4_IRQHandler
                0x08001218                I2C1_EV_IRQHandler
                0x08001218                HDMI_CEC_IRQHandler
                0x08001218                DMA1_Stream6_IRQHandler
                0x08001218                DMA1_Stream1_IRQHandler
                0x08001218                UART4_IRQHandler
                0x08001218                TIM3_IRQHandler
                0x08001218                RCC_IRQHandler
                0x08001218                TIM8_BRK_TIM12_IRQHandler
                0x08001218                Default_Handler
                0x08001218                EXTI15_10_IRQHandler
                0x08001218                ADC_IRQHandler
                0x08001218                DMA1_Stream7_IRQHandler
                0x08001218                TIM7_IRQHandler
                0x08001218                CAN2_TX_IRQHandler
                0x08001218                TIM5_IRQHandler
                0x08001218                DMA2_Stream7_IRQHandler
                0x08001218                I2C3_EV_IRQHandler
                0x08001218                EXTI9_5_IRQHandler
                0x08001218                RTC_WKUP_IRQHandler
                0x08001218                SPI2_IRQHandler
                0x08001218                OTG_HS_EP1_IN_IRQHandler
                0x08001218                MemManage_Handler
                0x08001218                DMA1_Stream0_IRQHandler
                0x08001218                CAN1_TX_IRQHandler
                0x08001218                SVC_Handler
                0x08001218                EXTI4_IRQHandler
                0x08001218                OTG_HS_EP1_OUT_IRQHandler
                0x08001218                WWDG_IRQHandler
                0x08001218                TIM2_IRQHandler
                0x08001218                OTG_FS_WKUP_IRQHandler
                0x08001218                TIM1_TRG_COM_TIM11_IRQHandler
                0x08001218                OTG_HS_IRQHandler
                0x08001218                EXTI1_IRQHandler
                0x08001218                USART2_IRQHandler
                0x08001218                I2C2_ER_IRQHandler
                0x08001218                DMA2_Stream1_IRQHandler
                0x08001218                CAN1_SCE_IRQHandler
                0x08001218                FLASH_IRQHandler
                0x08001218                DMA2_Stream4_IRQHandler
                0x08001218                BusFault_Handler
                0x08001218                USART1_IRQHandler
                0x08001218                OTG_FS_IRQHandler
                0x08001218                SPI3_IRQHandler
                0x08001218                DMA1_Stream4_IRQHandler
                0x08001218                I2C1_ER_IRQHandler
                0x08001218                FMC_IRQHandler
                0x08001218                DMA2_Stream6_IRQHandler
                0x08001218                SAI1_IRQHandler
                0x08001218                DMA1_Stream3_IRQHandler
 .text.memset   0x0800121a       0x10 C:/ST/STM32CubeIDE_1.19.0/STM32CubeIDE/plugins/com.st.stm32cube.ide.mcu.externaltools.gnu-tools-for-stm32.13.3.rel1.win32_1.0.100.202509120712/tools/bin/../lib/gcc/arm-none-eabi/13.3.1/../../../../arm-none-eabi/lib/thumb/v7e-m+fp/hard\libc_nano.a(libc_a-memset.o)
                0x0800121a                memset
 *fill*         0x0800122a        0x2 
 .text.__errno  0x0800122c        0xc C:/ST/STM32CubeIDE_1.19.0/STM32CubeIDE/plugins/com.st.stm32cube.ide.mcu.externaltools.gnu-tools-for-stm32.13.3.rel1.win32_1.0.100.202509120712/tools/bin/../lib/gcc/arm-none-eabi/13.3.1/../../../../arm-none-eabi/lib/thumb/v7e-m+fp/hard\libc_nano.a(libc_a-errno.o)
                0x0800122c                __errno
 .text.__libc_init_array
                0x08001238       0x48 C:/ST/STM32CubeIDE_1.19.0/STM32CubeIDE/plugins/com.st.stm32cube.ide.mcu.externaltools.gnu-tools-for-stm32.13.3.rel1.win32_1.0.100.202509120712/tools/bin/../lib/gcc/arm-none-eabi/13.3.1/../../../../arm-none-eabi/lib/thumb/v7e-m+fp/hard\libc_nano.a(libc_a-init.o)
                0x08001238                __libc_init_array
 .text.sqrtf    0x08001280       0x3c C:/ST/STM32CubeIDE_1.19.0/STM32CubeIDE/plugins/com.st.stm32cube.ide.mcu.externaltools.gnu-tools-for-stm32.13.3.rel1.win32_1.0.100.202509120712/tools/bin/../lib/gcc/arm-none-eabi/13.3.1/../../../../arm-none-eabi/lib/thumb/v7e-m+fp/hard\libm.a(libm_a-wf_sqrt.o)
                0x08001280                sqrtf
 .text.__ieee754_sqrtf
                0x080012bc        0x6 C:/ST/STM32CubeIDE_1.19.0/STM32CubeIDE/plugins/com.st.stm32cube.ide.mcu.externaltools.gnu-tools-for-stm32.13.3.rel1.win32_1.0.100.202509120712/tools/bin/../lib/gcc/arm-none-eabi/13.3.1/../../../../arm-none-eabi/lib/thumb/v7e-m+fp/hard\libm.a(libm_a-ef_sqrt.o)
                0x080012bc                __ieee754_sqrtf
 *(.glue_7)
 .glue_7        0x080012c2        0x0 linker stubs
 *(.glue_7t)
 .glue_7t       0x080012c2        0x0 linker stubs
 *(.eh_frame)
 *fill*         0x080012c2        0x2 
 .eh_frame      0x080012c4        0x0 C:/ST/STM32CubeIDE_1.19.0/STM32CubeIDE/plugins/com.st.stm32cube.ide.mcu.externaltools.gnu-tools-for-stm32.13.3.rel1.win32_1.0.100.202509120712/tools/bin/../lib/gcc/arm-none-eabi/13.3.1/thumb/v7e-m+fp/hard/crtbegin.o
 *(.init)
 .init          0x080012c4        0x4 C:/ST/STM32CubeIDE_1.19.0/STM32CubeIDE/plugins/com.st.stm32cube.ide.mcu.externaltools.gnu-tools-for-stm32.13.3.rel1.win32_1.0.100.202509120712/tools/bin/../lib/gcc/arm-none-eabi/13.3.1/thumb/v7e-m+fp/hard/crti.o
                0x080012c4                _init
 .init          0x080012c8        0x8 C:/ST/STM32CubeIDE_1.19.0/STM32CubeIDE/plugins/com.st.stm32cube.ide.mcu.externaltools.gnu-tools-for-stm32.13.3.rel1.win32_1.0.100.202509120712/tools/bin/../lib/gcc/arm-none-eabi/13.3.1/thumb/v7e-m+fp/hard/crtn.o
 *(.fini)
 .fini          0x080012d0        0x4 C:/ST/STM32CubeIDE_1.19.0/STM32CubeIDE/plugins/com.st.stm32cube.ide.mcu.externaltools.gnu-tools-for-stm32.13.3.rel1.win32_1.0.100.202509120712/tools/bin/../lib/gcc/arm-none-eabi/13.3.1/thumb/v7e-m+fp/hard/crti.o
                0x080012d0                _fini
 .fini          0x080012d4        0x8 C:/ST/STM32CubeIDE_1.19.0/STM32CubeIDE/plugins/com.st.stm32cube.ide.mcu.externaltools.gnu-tools-for-stm32.13.3.rel1.win32_1.0.100.202509120712/tools/bin/../lib/gcc/arm-none-eabi/13.3.1/thumb/v7e-m+fp/hard/crtn.o
                0x080012dc                        . = ALIGN (0x4)
                0x080012dc                        _etext = .

.vfp11_veneer   0x080012dc        0x0
 .vfp11_veneer  0x080012dc        0x0 linker stubs

.v4_bx          0x080012dc        0x0
 .v4_bx         0x080012dc        0x0 linker stubs

.iplt           0x080012dc        0x0
 .iplt          0x080012dc        0x0 C:/ST/STM32CubeIDE_1.19.0/STM32CubeIDE/plugins/com.st.stm32cube.ide.mcu.externaltools.gnu-tools-for-stm32.13.3.rel1.win32_1.0.100.202509120712/tools/bin/../lib/gcc/arm-none-eabi/13.3.1/thumb/v7e-m+fp/hard/crtbegin.o

.rodata         0x080012dc      0x29c
                0x080012dc                        . = ALIGN (0x4)
 *(.rodata)
 .rodata        0x080012dc       0xab ./Energy_monitor/src/energy_meter.o
 *fill*         0x08001387        0x1 
 .rodata        0x08001388       0x22 ./Energy_monitor/src/ssd1306.o
 *fill*         0x080013aa        0x2 
 .rodata        0x080013ac        0x6 ./Energy_monitor/src/uart_driver.o
 *(.rodata*)
 *fill*         0x080013b2        0x2 
 .rodata.Font5x7
                0x080013b4      0x1c2 ./Energy_monitor/src/fonts.o
                0x080013b4                Font5x7
                0x08001578                        . = ALIGN (0x4)
 *fill*         0x08001576        0x2 

.ARM.extab      0x08001578        0x0
                0x08001578                        . = ALIGN (0x4)
 *(.ARM.extab* .gnu.linkonce.armextab.*)
                0x08001578                        . = ALIGN (0x4)

.ARM            0x08001578        0x0
                0x08001578                        . = ALIGN (0x4)
                0x08001578                        __exidx_start = .
 *(.ARM.exidx*)
                0x08001578                        __exidx_end = .
                0x08001578                        . = ALIGN (0x4)

.preinit_array  0x08001578        0x0
                0x08001578                        . = ALIGN (0x4)
                0x08001578                        PROVIDE (__preinit_array_start = .)
 *(.preinit_array*)
                0x08001578                        PROVIDE (__preinit_array_end = .)
                0x08001578                        . = ALIGN (0x4)

.init_array     0x08001578        0x4
                0x08001578                        . = ALIGN (0x4)
                0x08001578                        PROVIDE (__init_array_start = .)
 *(SORT_BY_NAME(.init_array.*))
 *(.init_array*)
 .init_array    0x08001578        0x4 C:/ST/STM32CubeIDE_1.19.0/STM32CubeIDE/plugins/com.st.stm32cube.ide.mcu.externaltools.gnu-tools-for-stm32.13.3.rel1.win32_1.0.100.202509120712/tools/bin/../lib/gcc/arm-none-eabi/13.3.1/thumb/v7e-m+fp/hard/crtbegin.o
                0x0800157c                        PROVIDE (__init_array_end = .)
                0x0800157c                        . = ALIGN (0x4)

.fini_array     0x0800157c        0x4
                0x0800157c                        . = ALIGN (0x4)
                [!provide]                        PROVIDE (__fini_array_start = .)
 *(SORT_BY_NAME(.fini_array.*))
 *(.fini_array*)
 .fini_array    0x0800157c        0x4 C:/ST/STM32CubeIDE_1.19.0/STM32CubeIDE/plugins/com.st.stm32cube.ide.mcu.externaltools.gnu-tools-for-stm32.13.3.rel1.win32_1.0.100.202509120712/tools/bin/../lib/gcc/arm-none-eabi/13.3.1/thumb/v7e-m+fp/hard/crtbegin.o
                [!provide]                        PROVIDE (__fini_array_end = .)
                0x08001580                        . = ALIGN (0x4)
                0x08001580                        _sidata = LOADADDR (.data)

.rel.dyn        0x08001580        0x0
 .rel.iplt      0x08001580        0x0 C:/ST/STM32CubeIDE_1.19.0/STM32CubeIDE/plugins/com.st.stm32cube.ide.mcu.externaltools.gnu-tools-for-stm32.13.3.rel1.win32_1.0.100.202509120712/tools/bin/../lib/gcc/arm-none-eabi/13.3.1/thumb/v7e-m+fp/hard/crtbegin.o

.data           0x20000000       0x58 load address 0x08001580
                0x20000000                        . = ALIGN (0x4)
                0x20000000                        _sdata = .
 *(.data)
 *(.data*)
 .data.v_cal    0x20000000        0x4 ./Energy_monitor/src/energy_meter.o
                0x20000000                v_cal
 .data.i_cal    0x20000004        0x4 ./Energy_monitor/src/energy_meter.o
                0x20000004                i_cal
 .data._impure_ptr
                0x20000008        0x4 C:/ST/STM32CubeIDE_1.19.0/STM32CubeIDE/plugins/com.st.stm32cube.ide.mcu.externaltools.gnu-tools-for-stm32.13.3.rel1.win32_1.0.100.202509120712/tools/bin/../lib/gcc/arm-none-eabi/13.3.1/../../../../arm-none-eabi/lib/thumb/v7e-m+fp/hard\libc_nano.a(libc_a-impure.o)
                0x20000008                _impure_ptr
 .data._impure_data
                0x2000000c       0x4c C:/ST/STM32CubeIDE_1.19.0/STM32CubeIDE/plugins/com.st.stm32cube.ide.mcu.externaltools.gnu-tools-for-stm32.13.3.rel1.win32_1.0.100.202509120712/tools/bin/../lib/gcc/arm-none-eabi/13.3.1/../../../../arm-none-eabi/lib/thumb/v7e-m+fp/hard\libc_nano.a(libc_a-impure.o)
                0x2000000c                _impure_data
 *(.RamFunc)
 *(.RamFunc*)
                0x20000058                        . = ALIGN (0x4)
                0x20000058                        _edata = .

.igot.plt       0x20000058        0x0 load address 0x080015d8
 .igot.plt      0x20000058        0x0 C:/ST/STM32CubeIDE_1.19.0/STM32CubeIDE/plugins/com.st.stm32cube.ide.mcu.externaltools.gnu-tools-for-stm32.13.3.rel1.win32_1.0.100.202509120712/tools/bin/../lib/gcc/arm-none-eabi/13.3.1/thumb/v7e-m+fp/hard/crtbegin.o
                0x20000058                        . = ALIGN (0x4)

.bss            0x20000058      0x780 load address 0x080015d8
                0x20000058                        _sbss = .
                0x20000058                        __bss_start__ = _sbss
 *(.bss)
 .bss           0x20000058       0x1c C:/ST/STM32CubeIDE_1.19.0/STM32CubeIDE/plugins/com.st.stm32cube.ide.mcu.externaltools.gnu-tools-for-stm32.13.3.rel1.win32_1.0.100.202509120712/tools/bin/../lib/gcc/arm-none-eabi/13.3.1/thumb/v7e-m+fp/hard/crtbegin.o
 *(.bss*)
 .bss.adc_buffer
                0x20000074      0x200 ./Energy_monitor/src/energy_meter.o
                0x20000074                adc_buffer
 *fill*         0x20000274        0x4 
 .bss.acc_v_sq.6
                0x20000278        0x8 ./Energy_monitor/src/energy_meter.o
 .bss.acc_i_sq.5
                0x20000280        0x8 ./Energy_monitor/src/energy_meter.o
 .bss.acc_p_inst.4
                0x20000288        0x4 ./Energy_monitor/src/energy_meter.o
 .bss.last_v_sign.3
                0x2000028c        0x4 ./Energy_monitor/src/energy_meter.o
 .bss.zero_crossings.2
                0x20000290        0x4 ./Energy_monitor/src/energy_meter.o
 .bss.sample_count.1
                0x20000294        0x4 ./Energy_monitor/src/energy_meter.o
 .bss.energy_ws.0
                0x20000298        0x4 ./Energy_monitor/src/energy_meter.o
 .bss.OLED_Buffer
                0x2000029c      0x400 ./Energy_monitor/src/ssd1306.o
 .bss.cursor_x  0x2000069c        0x1 ./Energy_monitor/src/ssd1306.o
 .bss.cursor_y  0x2000069d        0x1 ./Energy_monitor/src/ssd1306.o
 *fill*         0x2000069e        0x2 
 .bss.__sf      0x200006a0      0x138 C:/ST/STM32CubeIDE_1.19.0/STM32CubeIDE/plugins/com.st.stm32cube.ide.mcu.externaltools.gnu-tools-for-stm32.13.3.rel1.win32_1.0.100.202509120712/tools/bin/../lib/gcc/arm-none-eabi/13.3.1/../../../../arm-none-eabi/lib/thumb/v7e-m+fp/hard\libc_nano.a(libc_a-findfp.o)
                0x200006a0                __sf
 *(COMMON)
                0x200007d8                        . = ALIGN (0x4)
                0x200007d8                        _ebss = .
                0x200007d8                        __bss_end__ = _ebss

._user_heap_stack
                0x200007d8      0x600 load address 0x080015d8
                0x200007d8                        . = ALIGN (0x8)
                [!provide]                        PROVIDE (end = .)
                0x200007d8                        PROVIDE (_end = .)
                0x200009d8                        . = (. + _Min_Heap_Size)
 *fill*         0x200007d8      0x200 
                0x20000dd8                        . = (. + _Min_Stack_Size)
 *fill*         0x200009d8      0x400 
                0x20000dd8                        . = ALIGN (0x8)

/DISCARD/
 libc.a(*)
 libm.a(*)
 libgcc.a(*)

.ARM.attributes
                0x00000000       0x30
 *(.ARM.attributes)
 .ARM.attributes
                0x00000000       0x22 C:/ST/STM32CubeIDE_1.19.0/STM32CubeIDE/plugins/com.st.stm32cube.ide.mcu.externaltools.gnu-tools-for-stm32.13.3.rel1.win32_1.0.100.202509120712/tools/bin/../lib/gcc/arm-none-eabi/13.3.1/thumb/v7e-m+fp/hard/crti.o
 .ARM.attributes
                0x00000022       0x34 C:/ST/STM32CubeIDE_1.19.0/STM32CubeIDE/plugins/com.st.stm32cube.ide.mcu.externaltools.gnu-tools-for-stm32.13.3.rel1.win32_1.0.100.202509120712/tools/bin/../lib/gcc/arm-none-eabi/13.3.1/thumb/v7e-m+fp/hard/crtbegin.o
 .ARM.attributes
                0x00000056       0x34 ./Energy_monitor/src/adc_dma_driver.o
 .ARM.attributes
                0x0000008a       0x34 ./Energy_monitor/src/energy_meter.o
 .ARM.attributes
                0x000000be       0x34 ./Energy_monitor/src/fonts.o
 .ARM.attributes
                0x000000f2       0x34 ./Energy_monitor/src/i2c_driver.o
 .ARM.attributes
                0x00000126       0x34 ./Energy_monitor/src/main.o
 .ARM.attributes
                0x0000015a       0x34 ./Energy_monitor/src/ssd1306.o
 .ARM.attributes
                0x0000018e       0x34 ./Energy_monitor/src/timer_driver.o
 .ARM.attributes
                0x000001c2       0x34 ./Energy_monitor/src/uart_driver.o
 .ARM.attributes
                0x000001f6       0x21 ./Startup/startup_stm32f446retx.o
 .ARM.attributes
                0x00000217       0x34 C:/ST/STM32CubeIDE_1.19.0/STM32CubeIDE/plugins/com.st.stm32cube.ide.mcu.externaltools.gnu-tools-for-stm32.13.3.rel1.win32_1.0.100.202509120712/tools/bin/../lib/gcc/arm-none-eabi/13.3.1/../../../../arm-none-eabi/lib/thumb/v7e-m+fp/hard\libc_nano.a(libc_a-findfp.o)
 .ARM.attributes
                0x0000024b       0x34 C:/ST/STM32CubeIDE_1.19.0/STM32CubeIDE/plugins/com.st.stm32cube.ide.mcu.externaltools.gnu-tools-for-stm32.13.3.rel1.win32_1.0.100.202509120712/tools/bin/../lib/gcc/arm-none-eabi/13.3.1/../../../../arm-none-eabi/lib/thumb/v7e-m+fp/hard\libc_nano.a(libc_a-memset.o)
 .ARM.attributes
                0x0000027f       0x34 C:/ST/STM32CubeIDE_1.19.0/STM32CubeIDE/plugins/com.st.stm32cube.ide.mcu.externaltools.gnu-tools-for-stm32.13.3.rel1.win32_1.0.100.202509120712/tools/bin/../lib/gcc/arm-none-eabi/13.3.1/../../../../arm-none-eabi/lib/thumb/v7e-m+fp/hard\libc_nano.a(libc_a-impure.o)
 .ARM.attributes
                0x000002b3       0x34 C:/ST/STM32CubeIDE_1.19.0/STM32CubeIDE/plugins/com.st.stm32cube.ide.mcu.externaltools.gnu-tools-for-stm32.13.3.rel1.win32_1.0.100.202509120712/tools/bin/../lib/gcc/arm-none-eabi/13.3.1/../../../../arm-none-eabi/lib/thumb/v7e-m+fp/hard\libc_nano.a(libc_a-errno.o)
 .ARM.attributes
                0x000002e7       0x34 C:/ST/STM32CubeIDE_1.19.0/STM32CubeIDE/plugins/com.st.stm32cube.ide.mcu.externaltools.gnu-tools-for-stm32.13.3.rel1.win32_1.0.100.202509120712/tools/bin/../lib/gcc/arm-none-eabi/13.3.1/../../../../arm-none-eabi/lib/thumb/v7e-m+fp/hard\libc_nano.a(libc_a-init.o)
 .ARM.attributes
                0x0000031b       0x34 C:/ST/STM32CubeIDE_1.19.0/STM32CubeIDE/plugins/com.st.stm32cube.ide.mcu.externaltools.gnu-tools-for-stm32.13.3.rel1.win32_1.0.100.202509120712/tools/bin/../lib/gcc/arm-none-eabi/13.3.1/../../../../arm-none-eabi/lib/thumb/v7e-m+fp/hard\libm.a(libm_a-wf_sqrt.o)
 .ARM.attributes
                0x0000034f       0x34 C:/ST/STM32CubeIDE_1.19.0/STM32CubeIDE/plugins/com.st.stm32cube.ide.mcu.externaltools.gnu-tools-for-stm32.13.3.rel1.win32_1.0.100.202509120712/tools/bin/../lib/gcc/arm-none-eabi/13.3.1/../../../../arm-none-eabi/lib/thumb/v7e-m+fp/hard\libm.a(libm_a-ef_sqrt.o)
 .ARM.attributes
                0x00000383       0x22 C:/ST/STM32CubeIDE_1.19.0/STM32CubeIDE/plugins/com.st.stm32cube.ide.mcu.externaltools.gnu-tools-for-stm32.13.3.rel1.win32_1.0.100.202509120712/tools/bin/../lib/gcc/arm-none-eabi/13.3.1/thumb/v7e-m+fp/hard\libgcc.a(_arm_addsubsf3.o)
 .ARM.attributes
                0x000003a5       0x22 C:/ST/STM32CubeIDE_1.19.0/STM32CubeIDE/plugins/com.st.stm32cube.ide.mcu.externaltools.gnu-tools-for-stm32.13.3.rel1.win32_1.0.100.202509120712/tools/bin/../lib/gcc/arm-none-eabi/13.3.1/thumb/v7e-m+fp/hard/crtn.o
OUTPUT(Energy_Data_Aquisition_With_Custom_Dsp.elf elf32-littlearm)
LOAD linker stubs
LOAD C:/ST/STM32CubeIDE_1.19.0/STM32CubeIDE/plugins/com.st.stm32cube.ide.mcu.externaltools.gnu-tools-for-stm32.13.3.rel1.win32_1.0.100.202509120712/tools/bin/../lib/gcc/arm-none-eabi/13.3.1/../../../../arm-none-eabi/lib/thumb/v7e-m+fp/hard\libc.a
LOAD C:/ST/STM32CubeIDE_1.19.0/STM32CubeIDE/plugins/com.st.stm32cube.ide.mcu.externaltools.gnu-tools-for-stm32.13.3.rel1.win32_1.0.100.202509120712/tools/bin/../lib/gcc/arm-none-eabi/13.3.1/../../../../arm-none-eabi/lib/thumb/v7e-m+fp/hard\libm.a
LOAD C:/ST/STM32CubeIDE_1.19.0/STM32CubeIDE/plugins/com.st.stm32cube.ide.mcu.externaltools.gnu-tools-for-stm32.13.3.rel1.win32_1.0.100.202509120712/tools/bin/../lib/gcc/arm-none-eabi/13.3.1/thumb/v7e-m+fp/hard\libgcc.a

.debug_info     0x00000000     0x1648
 .debug_info    0x00000000      0x3ea ./Energy_monitor/src/adc_dma_driver.o
 .debug_info    0x000003ea      0x40a ./Energy_monitor/src/energy_meter.o
 .debug_info    0x000007f4       0xb7 ./Energy_monitor/src/fonts.o
 .debug_info    0x000008ab      0x3b4 ./Energy_monitor/src/i2c_driver.o
 .debug_info    0x00000c5f       0x8c ./Energy_monitor/src/main.o
 .debug_info    0x00000ceb      0x346 ./Energy_monitor/src/ssd1306.o
 .debug_info    0x00001031      0x281 ./Energy_monitor/src/timer_driver.o
 .debug_info    0x000012b2      0x366 ./Energy_monitor/src/uart_driver.o
 .debug_info    0x00001618       0x30 ./Startup/startup_stm32f446retx.o

.debug_abbrev   0x00000000      0x7ac
 .debug_abbrev  0x00000000       0xc1 ./Energy_monitor/src/adc_dma_driver.o
 .debug_abbrev  0x000000c1      0x1a2 ./Energy_monitor/src/energy_meter.o
 .debug_abbrev  0x00000263       0x79 ./Energy_monitor/src/fonts.o
 .debug_abbrev  0x000002dc      0x121 ./Energy_monitor/src/i2c_driver.o
 .debug_abbrev  0x000003fd       0x5c ./Energy_monitor/src/main.o
 .debug_abbrev  0x00000459      0x16b ./Energy_monitor/src/ssd1306.o
 .debug_abbrev  0x000005c4       0xa3 ./Energy_monitor/src/timer_driver.o
 .debug_abbrev  0x00000667      0x121 ./Energy_monitor/src/uart_driver.o
 .debug_abbrev  0x00000788       0x24 ./Startup/startup_stm32f446retx.o

.debug_aranges  0x00000000      0x198
 .debug_aranges
                0x00000000       0x20 ./Energy_monitor/src/adc_dma_driver.o
 .debug_aranges
                0x00000020       0x38 ./Energy_monitor/src/energy_meter.o
 .debug_aranges
                0x00000058       0x18 ./Energy_monitor/src/fonts.o
 .debug_aranges
                0x00000070       0x30 ./Energy_monitor/src/i2c_driver.o
 .debug_aranges
                0x000000a0       0x20 ./Energy_monitor/src/main.o
 .debug_aranges
                0x000000c0       0x58 ./Energy_monitor/src/ssd1306.o
 .debug_aranges
                0x00000118       0x20 ./Energy_monitor/src/timer_driver.o
 .debug_aranges
                0x00000138       0x38 ./Energy_monitor/src/uart_driver.o
 .debug_aranges
                0x00000170       0x28 ./Startup/startup_stm32f446retx.o

.debug_rnglists
                0x00000000       0xff
 .debug_rnglists
                0x00000000       0x14 ./Energy_monitor/src/adc_dma_driver.o
 .debug_rnglists
                0x00000014       0x26 ./Energy_monitor/src/energy_meter.o
 .debug_rnglists
                0x0000003a       0x21 ./Energy_monitor/src/i2c_driver.o
 .debug_rnglists
                0x0000005b       0x13 ./Energy_monitor/src/main.o
 .debug_rnglists
                0x0000006e       0x3f ./Energy_monitor/src/ssd1306.o
 .debug_rnglists
                0x000000ad       0x13 ./Energy_monitor/src/timer_driver.o
 .debug_rnglists
                0x000000c0       0x26 ./Energy_monitor/src/uart_driver.o
 .debug_rnglists
                0x000000e6       0x19 ./Startup/startup_stm32f446retx.o

.debug_macro    0x00000000     0x1ea8
 .debug_macro   0x00000000       0x28 ./Energy_monitor/src/adc_dma_driver.o
 .debug_macro   0x00000028      0xae4 ./Energy_monitor/src/adc_dma_driver.o
 .debug_macro   0x00000b0c       0xb2 ./Energy_monitor/src/adc_dma_driver.o
 .debug_macro   0x00000bbe      0x1a0 ./Energy_monitor/src/energy_meter.o
 .debug_macro   0x00000d5e      0x158 ./Energy_monitor/src/energy_meter.o
 .debug_macro   0x00000eb6       0x22 ./Energy_monitor/src/energy_meter.o
 .debug_macro   0x00000ed8       0x5b ./Energy_monitor/src/energy_meter.o
 .debug_macro   0x00000f33       0x2a ./Energy_monitor/src/energy_meter.o
 .debug_macro   0x00000f5d       0x94 ./Energy_monitor/src/energy_meter.o
 .debug_macro   0x00000ff1       0x43 ./Energy_monitor/src/energy_meter.o
 .debug_macro   0x00001034       0x34 ./Energy_monitor/src/energy_meter.o
 .debug_macro   0x00001068      0x190 ./Energy_monitor/src/energy_meter.o
 .debug_macro   0x000011f8       0x57 ./Energy_monitor/src/energy_meter.o
 .debug_macro   0x0000124f      0x370 ./Energy_monitor/src/energy_meter.o
 .debug_macro   0x000015bf       0x16 ./Energy_monitor/src/energy_meter.o
 .debug_macro   0x000015d5       0x4a ./Energy_monitor/src/energy_meter.o
 .debug_macro   0x0000161f       0x34 ./Energy_monitor/src/energy_meter.o
 .debug_macro   0x00001653       0x10 ./Energy_monitor/src/energy_meter.o
 .debug_macro   0x00001663       0x58 ./Energy_monitor/src/energy_meter.o
 .debug_macro   0x000016bb       0x8e ./Energy_monitor/src/energy_meter.o
 .debug_macro   0x00001749       0x1c ./Energy_monitor/src/energy_meter.o
 .debug_macro   0x00001765      0x185 ./Energy_monitor/src/energy_meter.o
 .debug_macro   0x000018ea      0x19b ./Energy_monitor/src/energy_meter.o
 .debug_macro   0x00001a85       0x16 ./Energy_monitor/src/energy_meter.o
 .debug_macro   0x00001a9b       0x3c ./Energy_monitor/src/energy_meter.o
 .debug_macro   0x00001ad7       0x16 ./Energy_monitor/src/energy_meter.o
 .debug_macro   0x00001aed       0x29 ./Energy_monitor/src/energy_meter.o
 .debug_macro   0x00001b16       0x16 ./Energy_monitor/src/energy_meter.o
 .debug_macro   0x00001b2c       0x20 ./Energy_monitor/src/energy_meter.o
 .debug_macro   0x00001b4c       0x24 ./Energy_monitor/src/fonts.o
 .debug_macro   0x00001b70       0x2d ./Energy_monitor/src/i2c_driver.o
 .debug_macro   0x00001b9d      0x152 ./Energy_monitor/src/i2c_driver.o
 .debug_macro   0x00001cef       0x28 ./Energy_monitor/src/main.o
 .debug_macro   0x00001d17      0x131 ./Energy_monitor/src/ssd1306.o
 .debug_macro   0x00001e48       0x10 ./Energy_monitor/src/ssd1306.o
 .debug_macro   0x00001e58       0x28 ./Energy_monitor/src/timer_driver.o
 .debug_macro   0x00001e80       0x28 ./Energy_monitor/src/uart_driver.o

.debug_line     0x00000000     0x1a1d
 .debug_line    0x00000000      0x163 ./Energy_monitor/src/adc_dma_driver.o
 .debug_line    0x00000163      0x951 ./Energy_monitor/src/energy_meter.o
 .debug_line    0x00000ab4       0xd7 ./Energy_monitor/src/fonts.o
 .debug_line    0x00000b8b      0x248 ./Energy_monitor/src/i2c_driver.o
 .debug_line    0x00000dd3       0xfa ./Energy_monitor/src/main.o
 .debug_line    0x00000ecd      0x7a8 ./Energy_monitor/src/ssd1306.o
 .debug_line    0x00001675      0x118 ./Energy_monitor/src/timer_driver.o
 .debug_line    0x0000178d      0x215 ./Energy_monitor/src/uart_driver.o
 .debug_line    0x000019a2       0x7b ./Startup/startup_stm32f446retx.o

.debug_str      0x00000000     0x7e38
 .debug_str     0x00000000     0x7e38 ./Energy_monitor/src/adc_dma_driver.o
                               0x3486 (size before relaxing)
 .debug_str     0x00007e38        0x0 ./Energy_monitor/src/energy_meter.o
                               0x7bd5 (size before relaxing)
 .debug_str     0x00007e38        0x0 ./Energy_monitor/src/fonts.o
                               0x32f2 (size before relaxing)
 .debug_str     0x00007e38        0x0 ./Energy_monitor/src/i2c_driver.o
                               0x38a0 (size before relaxing)
 .debug_str     0x00007e38        0x0 ./Energy_monitor/src/main.o
                               0x330e (size before relaxing)
 .debug_str     0x00007e38        0x0 ./Energy_monitor/src/ssd1306.o
                               0x7144 (size before relaxing)
 .debug_str     0x00007e38        0x0 ./Energy_monitor/src/timer_driver.o
                               0x33e2 (size before relaxing)
 .debug_str     0x00007e38        0x0 ./Energy_monitor/src/uart_driver.o
                               0x344c (size before relaxing)
 .debug_str     0x00007e38        0x0 ./Startup/startup_stm32f446retx.o
                                 0xae (size before relaxing)

.comment        0x00000000       0x43
 .comment       0x00000000       0x43 ./Energy_monitor/src/adc_dma_driver.o
                                 0x44 (size before relaxing)
 .comment       0x00000043        0x0 ./Energy_monitor/src/energy_meter.o
                                 0x44 (size before relaxing)
 .comment       0x00000043        0x0 ./Energy_monitor/src/fonts.o
                                 0x44 (size before relaxing)
 .comment       0x00000043        0x0 ./Energy_monitor/src/i2c_driver.o
                                 0x44 (size before relaxing)
 .comment       0x00000043        0x0 ./Energy_monitor/src/main.o
                                 0x44 (size before relaxing)
 .comment       0x00000043        0x0 ./Energy_monitor/src/ssd1306.o
                                 0x44 (size before relaxing)
 .comment       0x00000043        0x0 ./Energy_monitor/src/timer_driver.o
                                 0x44 (size before relaxing)
 .comment       0x00000043        0x0 ./Energy_monitor/src/uart_driver.o
                                 0x44 (size before relaxing)

.debug_frame    0x00000000      0x5cc
 .debug_frame   0x00000000       0x38 ./Energy_monitor/src/adc_dma_driver.o
 .debug_frame   0x00000038       0x98 ./Energy_monitor/src/energy_meter.o
 .debug_frame   0x000000d0       0x7c ./Energy_monitor/src/i2c_driver.o
 .debug_frame   0x0000014c       0x2c ./Energy_monitor/src/main.o
 .debug_frame   0x00000178      0x134 ./Energy_monitor/src/ssd1306.o
 .debug_frame   0x000002ac       0x30 ./Energy_monitor/src/timer_driver.o
 .debug_frame   0x000002dc       0x9c ./Energy_monitor/src/uart_driver.o
 .debug_frame   0x00000378      0x144 C:/ST/STM32CubeIDE_1.19.0/STM32CubeIDE/plugins/com.st.stm32cube.ide.mcu.externaltools.gnu-tools-for-stm32.13.3.rel1.win32_1.0.100.202509120712/tools/bin/../lib/gcc/arm-none-eabi/13.3.1/../../../../arm-none-eabi/lib/thumb/v7e-m+fp/hard\libc_nano.a(libc_a-findfp.o)
 .debug_frame   0x000004bc       0x20 C:/ST/STM32CubeIDE_1.19.0/STM32CubeIDE/plugins/com.st.stm32cube.ide.mcu.externaltools.gnu-tools-for-stm32.13.3.rel1.win32_1.0.100.202509120712/tools/bin/../lib/gcc/arm-none-eabi/13.3.1/../../../../arm-none-eabi/lib/thumb/v7e-m+fp/hard\libc_nano.a(libc_a-memset.o)
 .debug_frame   0x000004dc       0x20 C:/ST/STM32CubeIDE_1.19.0/STM32CubeIDE/plugins/com.st.stm32cube.ide.mcu.externaltools.gnu-tools-for-stm32.13.3.rel1.win32_1.0.100.202509120712/tools/bin/../lib/gcc/arm-none-eabi/13.3.1/../../../../arm-none-eabi/lib/thumb/v7e-m+fp/hard\libc_nano.a(libc_a-errno.o)
 .debug_frame   0x000004fc       0x2c C:/ST/STM32CubeIDE_1.19.0/STM32CubeIDE/plugins/com.st.stm32cube.ide.mcu.externaltools.gnu-tools-for-stm32.13.3.rel1.win32_1.0.100.202509120712/tools/bin/../lib/gcc/arm-none-eabi/13.3.1/../../../../arm-none-eabi/lib/thumb/v7e-m+fp/hard\libc_nano.a(libc_a-init.o)
 .debug_frame   0x00000528       0x38 C:/ST/STM32CubeIDE_1.19.0/STM32CubeIDE/plugins/com.st.stm32cube.ide.mcu.externaltools.gnu-tools-for-stm32.13.3.rel1.win32_1.0.100.202509120712/tools/bin/../lib/gcc/arm-none-eabi/13.3.1/../../../../arm-none-eabi/lib/thumb/v7e-m+fp/hard\libm.a(libm_a-wf_sqrt.o)
 .debug_frame   0x00000560       0x20 C:/ST/STM32CubeIDE_1.19.0/STM32CubeIDE/plugins/com.st.stm32cube.ide.mcu.externaltools.gnu-tools-for-stm32.13.3.rel1.win32_1.0.100.202509120712/tools/bin/../lib/gcc/arm-none-eabi/13.3.1/../../../../arm-none-eabi/lib/thumb/v7e-m+fp/hard\libm.a(libm_a-ef_sqrt.o)
 .debug_frame   0x00000580       0x4c C:/ST/STM32CubeIDE_1.19.0/STM32CubeIDE/plugins/com.st.stm32cube.ide.mcu.externaltools.gnu-tools-for-stm32.13.3.rel1.win32_1.0.100.202509120712/tools/bin/../lib/gcc/arm-none-eabi/13.3.1/thumb/v7e-m+fp/hard\libgcc.a(_arm_addsubsf3.o)

.debug_line_str
                0x00000000       0x92
 .debug_line_str
                0x00000000       0x92 ./Startup/startup_stm32f446retx.o
