../Energy_monitor/src/ssd1306.c:22:6:SSD1306_Init	48	static
../Energy_monitor/src/ssd1306.c:53:6:SSD1306_Clear	8	static
../Energy_monitor/src/ssd1306.c:60:6:SSD1306_Update	16	static
../Energy_monitor/src/ssd1306.c:70:6:SSD1306_SetCursor	16	static
../Energy_monitor/src/ssd1306.c:75:6:SSD1306_DrawChar	32	static
../Energy_monitor/src/ssd1306.c:89:6:SSD1306_Print	16	static
../Energy_monitor/src/ssd1306.c:95:6:SSD1306_PrintNumber	32	static
../Energy_monitor/src/ssd1306.c:119:6:SSD1306_PrintCentered	32	static
