../Energy_monitor/src/ssd1306.c:17:6:SSD1306_Init	48	static
../Energy_monitor/src/ssd1306.c:26:6:SSD1306_Clear	8	static
../Energy_monitor/src/ssd1306.c:30:6:SSD1306_Update	16	static
../Energy_monitor/src/ssd1306.c:39:6:SSD1306_SetCursor	16	static
../Energy_monitor/src/ssd1306.c:44:6:SSD1306_DrawChar	24	static
../Energy_monitor/src/ssd1306.c:55:6:SSD1306_Print	16	static
../Energy_monitor/src/ssd1306.c:61:6:SSD1306_PrintNumber	32	static
../Energy_monitor/src/ssd1306.c:106:6:SSD1306_PrintCentered	32	static
