2026-01-13 20:04:35,603 [INFO] Activator:176 - 


2026-01-13 20:04:35,609 [INFO] Activator:177 - !SESSION log4j initialized
2026-01-13 20:04:44,715 [INFO] LogOutputStream:77 - [STDOUT_REDIRECT] 
2026-01-13 20:07:09,107 [ERROR] LogOutputStream:75 - [STDERR_REDIRECT] org.eclipse.core.internal.resources.ResourceException(/LED_BLINK/LED_blink.launch)[275]: java.lang.Exception: A resource exists with a different case: '/LED_BLINK/LED_blink.launch'.
2026-01-13 20:07:09,113 [ERROR] LogOutputStream:75 - [STDERR_REDIRECT] 	at org.eclipse.core.internal.resources.ResourceException.provideStackTrace(ResourceException.java:42)
2026-01-13 20:07:09,115 [ERROR] LogOutputStream:75 - [STDERR_REDIRECT] 	at org.eclipse.core.internal.resources.ResourceException.<init>(ResourceException.java:38)
2026-01-13 20:07:09,117 [ERROR] LogOutputStream:75 - [STDERR_REDIRECT] 	at org.eclipse.core.internal.resources.Resource.checkDoesNotExist(Resource.java:352)
2026-01-13 20:07:09,120 [ERROR] LogOutputStream:75 - [STDERR_REDIRECT] 	at org.eclipse.core.internal.resources.Resource.checkDoesNotExist(Resource.java:330)
2026-01-13 20:07:09,122 [ERROR] LogOutputStream:75 - [STDERR_REDIRECT] 	at org.eclipse.core.internal.resources.File.checkCreatable(File.java:207)
2026-01-13 20:07:09,125 [ERROR] LogOutputStream:75 - [STDERR_REDIRECT] 	at org.eclipse.core.internal.resources.File.create(File.java:130)
2026-01-13 20:07:09,127 [ERROR] LogOutputStream:75 - [STDERR_REDIRECT] 	at org.eclipse.core.internal.resources.File.create(File.java:165)
2026-01-13 20:07:09,131 [ERROR] LogOutputStream:75 - [STDERR_REDIRECT] 	at org.eclipse.debug.internal.core.LaunchConfigurationWorkingCopy.writeNewFile(LaunchConfigurationWorkingCopy.java:357)
2026-01-13 20:07:09,134 [ERROR] LogOutputStream:75 - [STDERR_REDIRECT] 	at org.eclipse.debug.internal.core.LaunchConfigurationWorkingCopy.doSave0(LaunchConfigurationWorkingCopy.java:259)
2026-01-13 20:07:09,137 [ERROR] LogOutputStream:75 - [STDERR_REDIRECT] 	at org.eclipse.core.internal.resources.Workspace.run(Workspace.java:2451)
2026-01-13 20:07:09,141 [ERROR] LogOutputStream:75 - [STDERR_REDIRECT] 	at org.eclipse.core.internal.resources.Workspace.run(Workspace.java:2476)
2026-01-13 20:07:09,144 [ERROR] LogOutputStream:75 - [STDERR_REDIRECT] 	at org.eclipse.debug.internal.core.LaunchConfigurationWorkingCopy.doSave(LaunchConfigurationWorkingCopy.java:226)
2026-01-13 20:07:09,148 [ERROR] LogOutputStream:75 - [STDERR_REDIRECT] 	at org.eclipse.debug.internal.core.LaunchConfigurationWorkingCopy.doSave(LaunchConfigurationWorkingCopy.java:187)
2026-01-13 20:07:09,151 [ERROR] LogOutputStream:75 - [STDERR_REDIRECT] 	at com.st.stm32cube.ide.mcu.debug.launch.ui.MCUDebugLaunchShortcut.createConfiguration(MCUDebugLaunchShortcut.java:94)
2026-01-13 20:07:09,155 [ERROR] LogOutputStream:75 - [STDERR_REDIRECT] 	at com.st.stm32cube.ide.mcu.debug.launch.oss.ui.DebugLaunchShortcut.launch(DebugLaunchShortcut.java:63)
2026-01-13 20:07:09,159 [ERROR] LogOutputStream:75 - [STDERR_REDIRECT] 	at com.st.stm32cube.ide.mcu.debug.launch.oss.ui.DebugLaunchShortcut.searchAndLaunch(DebugLaunchShortcut.java:174)
2026-01-13 20:07:09,163 [ERROR] LogOutputStream:75 - [STDERR_REDIRECT] 	at com.st.stm32cube.ide.mcu.debug.launch.ui.MCUDebugLaunchShortcut.launch(MCUDebugLaunchShortcut.java:115)
2026-01-13 20:07:09,167 [ERROR] LogOutputStream:75 - [STDERR_REDIRECT] 	at org.eclipse.debug.internal.ui.launchConfigurations.LaunchShortcutExtension.launch(LaunchShortcutExtension.java:423)
2026-01-13 20:07:09,169 [ERROR] LogOutputStream:75 - [STDERR_REDIRECT] 	at org.eclipse.debug.internal.ui.actions.LaunchShortcutAction.runInternal(LaunchShortcutAction.java:99)
2026-01-13 20:07:09,171 [ERROR] LogOutputStream:75 - [STDERR_REDIRECT] 	at org.eclipse.debug.internal.ui.actions.LaunchShortcutAction.runWithEvent(LaunchShortcutAction.java:146)
2026-01-13 20:07:09,176 [ERROR] LogOutputStream:75 - [STDERR_REDIRECT] 	at org.eclipse.jface.action.ActionContributionItem.handleWidgetSelection(ActionContributionItem.java:581)
2026-01-13 20:07:09,177 [ERROR] LogOutputStream:75 - [STDERR_REDIRECT] 	at org.eclipse.jface.action.ActionContributionItem.lambda$4(ActionContributionItem.java:415)
2026-01-13 20:07:09,179 [ERROR] LogOutputStream:75 - [STDERR_REDIRECT] 	at org.eclipse.swt.widgets.EventTable.sendEvent(EventTable.java:91)
2026-01-13 20:07:09,182 [ERROR] LogOutputStream:75 - [STDERR_REDIRECT] 	at org.eclipse.swt.widgets.Display.sendEvent(Display.java:4326)
2026-01-13 20:07:09,183 [ERROR] LogOutputStream:75 - [STDERR_REDIRECT] 	at org.eclipse.swt.widgets.Widget.sendEvent(Widget.java:1174)
2026-01-13 20:07:09,184 [ERROR] LogOutputStream:75 - [STDERR_REDIRECT] 	at org.eclipse.swt.widgets.Display.runDeferredEvents(Display.java:4124)
2026-01-13 20:07:09,185 [ERROR] LogOutputStream:75 - [STDERR_REDIRECT] 	at org.eclipse.swt.widgets.Display.readAndDispatch(Display.java:3712)
2026-01-13 20:07:09,187 [ERROR] LogOutputStream:75 - [STDERR_REDIRECT] 	at org.eclipse.e4.ui.internal.workbench.swt.PartRenderingEngine$5.run(PartRenderingEngine.java:1151)
2026-01-13 20:07:09,190 [ERROR] LogOutputStream:75 - [STDERR_REDIRECT] 	at org.eclipse.core.databinding.observable.Realm.runWithDefault(Realm.java:339)
2026-01-13 20:07:09,193 [ERROR] LogOutputStream:75 - [STDERR_REDIRECT] 	at org.eclipse.e4.ui.internal.workbench.swt.PartRenderingEngine.run(PartRenderingEngine.java:1042)
2026-01-13 20:07:09,196 [ERROR] LogOutputStream:75 - [STDERR_REDIRECT] 	at org.eclipse.e4.ui.internal.workbench.E4Workbench.createAndRunUI(E4Workbench.java:153)
2026-01-13 20:07:09,198 [ERROR] LogOutputStream:75 - [STDERR_REDIRECT] 	at org.eclipse.ui.internal.Workbench.lambda$3(Workbench.java:639)
2026-01-13 20:07:09,200 [ERROR] LogOutputStream:75 - [STDERR_REDIRECT] 	at org.eclipse.core.databinding.observable.Realm.runWithDefault(Realm.java:339)
2026-01-13 20:07:09,202 [ERROR] LogOutputStream:75 - [STDERR_REDIRECT] 	at org.eclipse.ui.internal.Workbench.createAndRunWorkbench(Workbench.java:546)
2026-01-13 20:07:09,204 [ERROR] LogOutputStream:75 - [STDERR_REDIRECT] 	at org.eclipse.ui.PlatformUI.createAndRunWorkbench(PlatformUI.java:173)
2026-01-13 20:07:09,205 [ERROR] LogOutputStream:75 - [STDERR_REDIRECT] 	at org.eclipse.ui.internal.ide.application.IDEApplication.start(IDEApplication.java:152)
2026-01-13 20:07:09,207 [ERROR] LogOutputStream:75 - [STDERR_REDIRECT] 	at org.eclipse.equinox.internal.app.EclipseAppHandle.run(EclipseAppHandle.java:208)
2026-01-13 20:07:09,210 [ERROR] LogOutputStream:75 - [STDERR_REDIRECT] 	at org.eclipse.core.runtime.internal.adaptor.EclipseAppLauncher.runApplication(EclipseAppLauncher.java:143)
2026-01-13 20:07:09,211 [ERROR] LogOutputStream:75 - [STDERR_REDIRECT] 	at org.eclipse.core.runtime.internal.adaptor.EclipseAppLauncher.start(EclipseAppLauncher.java:109)
2026-01-13 20:07:09,213 [ERROR] LogOutputStream:75 - [STDERR_REDIRECT] 	at org.eclipse.core.runtime.adaptor.EclipseStarter.run(EclipseStarter.java:439)
2026-01-13 20:07:09,215 [ERROR] LogOutputStream:75 - [STDERR_REDIRECT] 	at org.eclipse.core.runtime.adaptor.EclipseStarter.run(EclipseStarter.java:271)
2026-01-13 20:07:09,217 [ERROR] LogOutputStream:75 - [STDERR_REDIRECT] 	at java.base/jdk.internal.reflect.DirectMethodHandleAccessor.invoke(DirectMethodHandleAccessor.java:103)
2026-01-13 20:07:09,218 [ERROR] LogOutputStream:75 - [STDERR_REDIRECT] 	at java.base/java.lang.reflect.Method.invoke(Method.java:580)
2026-01-13 20:07:09,219 [ERROR] LogOutputStream:75 - [STDERR_REDIRECT] 	at org.eclipse.equinox.launcher.Main.invokeFramework(Main.java:668)
2026-01-13 20:07:09,220 [ERROR] LogOutputStream:75 - [STDERR_REDIRECT] 	at org.eclipse.equinox.launcher.Main.basicRun(Main.java:605)
2026-01-13 20:07:09,222 [ERROR] LogOutputStream:75 - [STDERR_REDIRECT] 	at org.eclipse.equinox.launcher.Main.run(Main.java:1481)
2026-01-13 20:07:41,385 [ERROR] LogOutputStream:75 - [STDERR_REDIRECT] org.eclipse.core.internal.resources.ResourceException(/LED_BLINK/LED_blink.launch)[275]: java.lang.Exception: A resource exists with a different case: '/LED_BLINK/LED_blink.launch'.
2026-01-13 20:07:41,386 [ERROR] LogOutputStream:75 - [STDERR_REDIRECT] 	at org.eclipse.core.internal.resources.ResourceException.provideStackTrace(ResourceException.java:42)
2026-01-13 20:07:41,387 [ERROR] LogOutputStream:75 - [STDERR_REDIRECT] 	at org.eclipse.core.internal.resources.ResourceException.<init>(ResourceException.java:38)
2026-01-13 20:07:41,388 [ERROR] LogOutputStream:75 - [STDERR_REDIRECT] 	at org.eclipse.core.internal.resources.Resource.checkDoesNotExist(Resource.java:352)
2026-01-13 20:07:41,390 [ERROR] LogOutputStream:75 - [STDERR_REDIRECT] 	at org.eclipse.core.internal.resources.Resource.checkDoesNotExist(Resource.java:330)
2026-01-13 20:07:41,391 [ERROR] LogOutputStream:75 - [STDERR_REDIRECT] 	at org.eclipse.core.internal.resources.File.checkCreatable(File.java:207)
2026-01-13 20:07:41,392 [ERROR] LogOutputStream:75 - [STDERR_REDIRECT] 	at org.eclipse.core.internal.resources.File.create(File.java:130)
2026-01-13 20:07:41,394 [ERROR] LogOutputStream:75 - [STDERR_REDIRECT] 	at org.eclipse.core.internal.resources.File.create(File.java:165)
2026-01-13 20:07:41,397 [ERROR] LogOutputStream:75 - [STDERR_REDIRECT] 	at org.eclipse.debug.internal.core.LaunchConfigurationWorkingCopy.writeNewFile(LaunchConfigurationWorkingCopy.java:357)
2026-01-13 20:07:41,399 [ERROR] LogOutputStream:75 - [STDERR_REDIRECT] 	at org.eclipse.debug.internal.core.LaunchConfigurationWorkingCopy.doSave0(LaunchConfigurationWorkingCopy.java:259)
2026-01-13 20:07:41,402 [ERROR] LogOutputStream:75 - [STDERR_REDIRECT] 	at org.eclipse.core.internal.resources.Workspace.run(Workspace.java:2451)
2026-01-13 20:07:41,403 [ERROR] LogOutputStream:75 - [STDERR_REDIRECT] 	at org.eclipse.core.internal.resources.Workspace.run(Workspace.java:2476)
2026-01-13 20:07:41,405 [ERROR] LogOutputStream:75 - [STDERR_REDIRECT] 	at org.eclipse.debug.internal.core.LaunchConfigurationWorkingCopy.doSave(LaunchConfigurationWorkingCopy.java:226)
2026-01-13 20:07:41,409 [ERROR] LogOutputStream:75 - [STDERR_REDIRECT] 	at org.eclipse.debug.internal.core.LaunchConfigurationWorkingCopy.doSave(LaunchConfigurationWorkingCopy.java:187)
2026-01-13 20:07:41,411 [ERROR] LogOutputStream:75 - [STDERR_REDIRECT] 	at com.st.stm32cube.ide.mcu.debug.launch.ui.MCUDebugLaunchShortcut.createConfiguration(MCUDebugLaunchShortcut.java:94)
2026-01-13 20:07:41,413 [ERROR] LogOutputStream:75 - [STDERR_REDIRECT] 	at com.st.stm32cube.ide.mcu.debug.launch.oss.ui.DebugLaunchShortcut.launch(DebugLaunchShortcut.java:63)
2026-01-13 20:07:41,416 [ERROR] LogOutputStream:75 - [STDERR_REDIRECT] 	at com.st.stm32cube.ide.mcu.debug.launch.oss.ui.DebugLaunchShortcut.searchAndLaunch(DebugLaunchShortcut.java:174)
2026-01-13 20:07:41,417 [ERROR] LogOutputStream:75 - [STDERR_REDIRECT] 	at com.st.stm32cube.ide.mcu.debug.launch.ui.MCUDebugLaunchShortcut.launch(MCUDebugLaunchShortcut.java:115)
2026-01-13 20:07:41,419 [ERROR] LogOutputStream:75 - [STDERR_REDIRECT] 	at org.eclipse.debug.internal.ui.launchConfigurations.LaunchShortcutExtension.launch(LaunchShortcutExtension.java:423)
2026-01-13 20:07:41,421 [ERROR] LogOutputStream:75 - [STDERR_REDIRECT] 	at org.eclipse.debug.internal.ui.actions.LaunchShortcutAction.runInternal(LaunchShortcutAction.java:99)
2026-01-13 20:07:41,424 [ERROR] LogOutputStream:75 - [STDERR_REDIRECT] 	at org.eclipse.debug.internal.ui.actions.LaunchShortcutAction.runWithEvent(LaunchShortcutAction.java:146)
2026-01-13 20:07:41,426 [ERROR] LogOutputStream:75 - [STDERR_REDIRECT] 	at org.eclipse.jface.action.ActionContributionItem.handleWidgetSelection(ActionContributionItem.java:581)
2026-01-13 20:07:41,430 [ERROR] LogOutputStream:75 - [STDERR_REDIRECT] 	at org.eclipse.jface.action.ActionContributionItem.lambda$4(ActionContributionItem.java:415)
2026-01-13 20:07:41,431 [ERROR] LogOutputStream:75 - [STDERR_REDIRECT] 	at org.eclipse.swt.widgets.EventTable.sendEvent(EventTable.java:91)
2026-01-13 20:07:41,432 [ERROR] LogOutputStream:75 - [STDERR_REDIRECT] 	at org.eclipse.swt.widgets.Display.sendEvent(Display.java:4326)
2026-01-13 20:07:41,433 [ERROR] LogOutputStream:75 - [STDERR_REDIRECT] 	at org.eclipse.swt.widgets.Widget.sendEvent(Widget.java:1174)
2026-01-13 20:07:41,434 [ERROR] LogOutputStream:75 - [STDERR_REDIRECT] 	at org.eclipse.swt.widgets.Widget.sendEvent(Widget.java:1198)
2026-01-13 20:07:41,436 [ERROR] LogOutputStream:75 - [STDERR_REDIRECT] 	at org.eclipse.swt.widgets.Widget.sendEvent(Widget.java:1183)
2026-01-13 20:07:41,438 [ERROR] LogOutputStream:75 - [STDERR_REDIRECT] 	at org.eclipse.swt.widgets.Widget.notifyListeners(Widget.java:853)
2026-01-13 20:07:41,440 [ERROR] LogOutputStream:75 - [STDERR_REDIRECT] 	at org.eclipse.jface.action.ActionContributionItem.lambda$8(ActionContributionItem.java:1206)
2026-01-13 20:07:41,442 [ERROR] LogOutputStream:75 - [STDERR_REDIRECT] 	at org.eclipse.swt.widgets.EventTable.sendEvent(EventTable.java:91)
2026-01-13 20:07:41,444 [ERROR] LogOutputStream:75 - [STDERR_REDIRECT] 	at org.eclipse.swt.widgets.Display.sendEvent(Display.java:4326)
2026-01-13 20:07:41,446 [ERROR] LogOutputStream:75 - [STDERR_REDIRECT] 	at org.eclipse.swt.widgets.Widget.sendEvent(Widget.java:1174)
2026-01-13 20:07:41,447 [ERROR] LogOutputStream:75 - [STDERR_REDIRECT] 	at org.eclipse.swt.widgets.Display.runDeferredEvents(Display.java:4124)
2026-01-13 20:07:41,448 [ERROR] LogOutputStream:75 - [STDERR_REDIRECT] 	at org.eclipse.swt.widgets.Display.readAndDispatch(Display.java:3712)
2026-01-13 20:07:41,451 [ERROR] LogOutputStream:75 - [STDERR_REDIRECT] 	at org.eclipse.e4.ui.internal.workbench.swt.PartRenderingEngine$5.run(PartRenderingEngine.java:1151)
2026-01-13 20:07:41,453 [ERROR] LogOutputStream:75 - [STDERR_REDIRECT] 	at org.eclipse.core.databinding.observable.Realm.runWithDefault(Realm.java:339)
2026-01-13 20:07:41,454 [ERROR] LogOutputStream:75 - [STDERR_REDIRECT] 	at org.eclipse.e4.ui.internal.workbench.swt.PartRenderingEngine.run(PartRenderingEngine.java:1042)
2026-01-13 20:07:41,457 [ERROR] LogOutputStream:75 - [STDERR_REDIRECT] 	at org.eclipse.e4.ui.internal.workbench.E4Workbench.createAndRunUI(E4Workbench.java:153)
2026-01-13 20:07:41,458 [ERROR] LogOutputStream:75 - [STDERR_REDIRECT] 	at org.eclipse.ui.internal.Workbench.lambda$3(Workbench.java:639)
2026-01-13 20:07:41,459 [ERROR] LogOutputStream:75 - [STDERR_REDIRECT] 	at org.eclipse.core.databinding.observable.Realm.runWithDefault(Realm.java:339)
2026-01-13 20:07:41,460 [ERROR] LogOutputStream:75 - [STDERR_REDIRECT] 	at org.eclipse.ui.internal.Workbench.createAndRunWorkbench(Workbench.java:546)
2026-01-13 20:07:41,462 [ERROR] LogOutputStream:75 - [STDERR_REDIRECT] 	at org.eclipse.ui.PlatformUI.createAndRunWorkbench(PlatformUI.java:173)
2026-01-13 20:07:41,464 [ERROR] LogOutputStream:75 - [STDERR_REDIRECT] 	at org.eclipse.ui.internal.ide.application.IDEApplication.start(IDEApplication.java:152)
2026-01-13 20:07:41,465 [ERROR] LogOutputStream:75 - [STDERR_REDIRECT] 	at org.eclipse.equinox.internal.app.EclipseAppHandle.run(EclipseAppHandle.java:208)
2026-01-13 20:07:41,467 [ERROR] LogOutputStream:75 - [STDERR_REDIRECT] 	at org.eclipse.core.runtime.internal.adaptor.EclipseAppLauncher.runApplication(EclipseAppLauncher.java:143)
2026-01-13 20:07:41,469 [ERROR] LogOutputStream:75 - [STDERR_REDIRECT] 	at org.eclipse.core.runtime.internal.adaptor.EclipseAppLauncher.start(EclipseAppLauncher.java:109)
2026-01-13 20:07:41,471 [ERROR] LogOutputStream:75 - [STDERR_REDIRECT] 	at org.eclipse.core.runtime.adaptor.EclipseStarter.run(EclipseStarter.java:439)
2026-01-13 20:07:41,472 [ERROR] LogOutputStream:75 - [STDERR_REDIRECT] 	at org.eclipse.core.runtime.adaptor.EclipseStarter.run(EclipseStarter.java:271)
2026-01-13 20:07:41,474 [ERROR] LogOutputStream:75 - [STDERR_REDIRECT] 	at java.base/jdk.internal.reflect.DirectMethodHandleAccessor.invoke(DirectMethodHandleAccessor.java:103)
2026-01-13 20:07:41,474 [ERROR] LogOutputStream:75 - [STDERR_REDIRECT] 	at java.base/java.lang.reflect.Method.invoke(Method.java:580)
2026-01-13 20:07:41,476 [ERROR] LogOutputStream:75 - [STDERR_REDIRECT] 	at org.eclipse.equinox.launcher.Main.invokeFramework(Main.java:668)
2026-01-13 20:07:41,477 [ERROR] LogOutputStream:75 - [STDERR_REDIRECT] 	at org.eclipse.equinox.launcher.Main.basicRun(Main.java:605)
2026-01-13 20:07:41,479 [ERROR] LogOutputStream:75 - [STDERR_REDIRECT] 	at org.eclipse.equinox.launcher.Main.run(Main.java:1481)
2026-01-13 20:08:52,644 [ERROR] LogOutputStream:75 - [STDERR_REDIRECT] org.eclipse.core.internal.resources.ResourceException(/LED_BLINK/LED_blink.launch)[275]: java.lang.Exception: A resource exists with a different case: '/LED_BLINK/LED_blink.launch'.
2026-01-13 20:08:52,645 [ERROR] LogOutputStream:75 - [STDERR_REDIRECT] 	at org.eclipse.core.internal.resources.ResourceException.provideStackTrace(ResourceException.java:42)
2026-01-13 20:08:52,646 [ERROR] LogOutputStream:75 - [STDERR_REDIRECT] 	at org.eclipse.core.internal.resources.ResourceException.<init>(ResourceException.java:38)
2026-01-13 20:08:52,648 [ERROR] LogOutputStream:75 - [STDERR_REDIRECT] 	at org.eclipse.core.internal.resources.Resource.checkDoesNotExist(Resource.java:352)
2026-01-13 20:08:52,649 [ERROR] LogOutputStream:75 - [STDERR_REDIRECT] 	at org.eclipse.core.internal.resources.Resource.checkDoesNotExist(Resource.java:330)
2026-01-13 20:08:52,650 [ERROR] LogOutputStream:75 - [STDERR_REDIRECT] 	at org.eclipse.core.internal.resources.File.checkCreatable(File.java:207)
2026-01-13 20:08:52,651 [ERROR] LogOutputStream:75 - [STDERR_REDIRECT] 	at org.eclipse.core.internal.resources.File.create(File.java:130)
2026-01-13 20:08:52,652 [ERROR] LogOutputStream:75 - [STDERR_REDIRECT] 	at org.eclipse.core.internal.resources.File.create(File.java:165)
2026-01-13 20:08:52,653 [ERROR] LogOutputStream:75 - [STDERR_REDIRECT] 	at org.eclipse.debug.internal.core.LaunchConfigurationWorkingCopy.writeNewFile(LaunchConfigurationWorkingCopy.java:357)
2026-01-13 20:08:52,655 [ERROR] LogOutputStream:75 - [STDERR_REDIRECT] 	at org.eclipse.debug.internal.core.LaunchConfigurationWorkingCopy.doSave0(LaunchConfigurationWorkingCopy.java:259)
2026-01-13 20:08:52,656 [ERROR] LogOutputStream:75 - [STDERR_REDIRECT] 	at org.eclipse.core.internal.resources.Workspace.run(Workspace.java:2451)
2026-01-13 20:08:52,659 [ERROR] LogOutputStream:75 - [STDERR_REDIRECT] 	at org.eclipse.core.internal.resources.Workspace.run(Workspace.java:2476)
2026-01-13 20:08:52,661 [ERROR] LogOutputStream:75 - [STDERR_REDIRECT] 	at org.eclipse.debug.internal.core.LaunchConfigurationWorkingCopy.doSave(LaunchConfigurationWorkingCopy.java:226)
2026-01-13 20:08:52,666 [ERROR] LogOutputStream:75 - [STDERR_REDIRECT] 	at org.eclipse.debug.internal.core.LaunchConfigurationWorkingCopy.doSave(LaunchConfigurationWorkingCopy.java:187)
2026-01-13 20:08:52,669 [ERROR] LogOutputStream:75 - [STDERR_REDIRECT] 	at com.st.stm32cube.ide.mcu.debug.launch.ui.MCUDebugLaunchShortcut.createConfiguration(MCUDebugLaunchShortcut.java:94)
2026-01-13 20:08:52,672 [ERROR] LogOutputStream:75 - [STDERR_REDIRECT] 	at com.st.stm32cube.ide.mcu.debug.launch.oss.ui.DebugLaunchShortcut.launch(DebugLaunchShortcut.java:63)
2026-01-13 20:08:52,676 [ERROR] LogOutputStream:75 - [STDERR_REDIRECT] 	at com.st.stm32cube.ide.mcu.debug.launch.oss.ui.DebugLaunchShortcut.searchAndLaunch(DebugLaunchShortcut.java:174)
2026-01-13 20:08:52,680 [ERROR] LogOutputStream:75 - [STDERR_REDIRECT] 	at com.st.stm32cube.ide.mcu.debug.launch.ui.MCUDebugLaunchShortcut.launch(MCUDebugLaunchShortcut.java:115)
2026-01-13 20:08:52,685 [ERROR] LogOutputStream:75 - [STDERR_REDIRECT] 	at org.eclipse.debug.internal.ui.launchConfigurations.LaunchShortcutExtension.launch(LaunchShortcutExtension.java:423)
2026-01-13 20:08:52,686 [ERROR] LogOutputStream:75 - [STDERR_REDIRECT] 	at org.eclipse.debug.internal.ui.actions.LaunchShortcutAction.runInternal(LaunchShortcutAction.java:99)
2026-01-13 20:08:52,687 [ERROR] LogOutputStream:75 - [STDERR_REDIRECT] 	at org.eclipse.debug.internal.ui.actions.LaunchShortcutAction.runWithEvent(LaunchShortcutAction.java:146)
2026-01-13 20:08:52,688 [ERROR] LogOutputStream:75 - [STDERR_REDIRECT] 	at org.eclipse.jface.action.ActionContributionItem.handleWidgetSelection(ActionContributionItem.java:581)
2026-01-13 20:08:52,690 [ERROR] LogOutputStream:75 - [STDERR_REDIRECT] 	at org.eclipse.jface.action.ActionContributionItem.lambda$4(ActionContributionItem.java:415)
2026-01-13 20:08:52,693 [ERROR] LogOutputStream:75 - [STDERR_REDIRECT] 	at org.eclipse.swt.widgets.EventTable.sendEvent(EventTable.java:91)
2026-01-13 20:08:52,694 [ERROR] LogOutputStream:75 - [STDERR_REDIRECT] 	at org.eclipse.swt.widgets.Display.sendEvent(Display.java:4326)
2026-01-13 20:08:52,695 [ERROR] LogOutputStream:75 - [STDERR_REDIRECT] 	at org.eclipse.swt.widgets.Widget.sendEvent(Widget.java:1174)
2026-01-13 20:08:52,696 [ERROR] LogOutputStream:75 - [STDERR_REDIRECT] 	at org.eclipse.swt.widgets.Widget.sendEvent(Widget.java:1198)
2026-01-13 20:08:52,697 [ERROR] LogOutputStream:75 - [STDERR_REDIRECT] 	at org.eclipse.swt.widgets.Widget.sendEvent(Widget.java:1183)
2026-01-13 20:08:52,698 [ERROR] LogOutputStream:75 - [STDERR_REDIRECT] 	at org.eclipse.swt.widgets.Widget.notifyListeners(Widget.java:853)
2026-01-13 20:08:52,701 [ERROR] LogOutputStream:75 - [STDERR_REDIRECT] 	at org.eclipse.jface.action.ActionContributionItem.lambda$8(ActionContributionItem.java:1206)
2026-01-13 20:08:52,702 [ERROR] LogOutputStream:75 - [STDERR_REDIRECT] 	at org.eclipse.swt.widgets.EventTable.sendEvent(EventTable.java:91)
2026-01-13 20:08:52,703 [ERROR] LogOutputStream:75 - [STDERR_REDIRECT] 	at org.eclipse.swt.widgets.Display.sendEvent(Display.java:4326)
2026-01-13 20:08:52,703 [ERROR] LogOutputStream:75 - [STDERR_REDIRECT] 	at org.eclipse.swt.widgets.Widget.sendEvent(Widget.java:1174)
2026-01-13 20:08:52,706 [ERROR] LogOutputStream:75 - [STDERR_REDIRECT] 	at org.eclipse.swt.widgets.Display.runDeferredEvents(Display.java:4124)
2026-01-13 20:08:52,708 [ERROR] LogOutputStream:75 - [STDERR_REDIRECT] 	at org.eclipse.swt.widgets.Display.readAndDispatch(Display.java:3712)
2026-01-13 20:08:52,709 [ERROR] LogOutputStream:75 - [STDERR_REDIRECT] 	at org.eclipse.e4.ui.internal.workbench.swt.PartRenderingEngine$5.run(PartRenderingEngine.java:1151)
2026-01-13 20:08:52,710 [ERROR] LogOutputStream:75 - [STDERR_REDIRECT] 	at org.eclipse.core.databinding.observable.Realm.runWithDefault(Realm.java:339)
2026-01-13 20:08:52,713 [ERROR] LogOutputStream:75 - [STDERR_REDIRECT] 	at org.eclipse.e4.ui.internal.workbench.swt.PartRenderingEngine.run(PartRenderingEngine.java:1042)
2026-01-13 20:08:52,714 [ERROR] LogOutputStream:75 - [STDERR_REDIRECT] 	at org.eclipse.e4.ui.internal.workbench.E4Workbench.createAndRunUI(E4Workbench.java:153)
2026-01-13 20:08:52,715 [ERROR] LogOutputStream:75 - [STDERR_REDIRECT] 	at org.eclipse.ui.internal.Workbench.lambda$3(Workbench.java:639)
2026-01-13 20:08:52,716 [ERROR] LogOutputStream:75 - [STDERR_REDIRECT] 	at org.eclipse.core.databinding.observable.Realm.runWithDefault(Realm.java:339)
2026-01-13 20:08:52,717 [ERROR] LogOutputStream:75 - [STDERR_REDIRECT] 	at org.eclipse.ui.internal.Workbench.createAndRunWorkbench(Workbench.java:546)
2026-01-13 20:08:52,719 [ERROR] LogOutputStream:75 - [STDERR_REDIRECT] 	at org.eclipse.ui.PlatformUI.createAndRunWorkbench(PlatformUI.java:173)
2026-01-13 20:08:52,720 [ERROR] LogOutputStream:75 - [STDERR_REDIRECT] 	at org.eclipse.ui.internal.ide.application.IDEApplication.start(IDEApplication.java:152)
2026-01-13 20:08:52,721 [ERROR] LogOutputStream:75 - [STDERR_REDIRECT] 	at org.eclipse.equinox.internal.app.EclipseAppHandle.run(EclipseAppHandle.java:208)
2026-01-13 20:08:52,722 [ERROR] LogOutputStream:75 - [STDERR_REDIRECT] 	at org.eclipse.core.runtime.internal.adaptor.EclipseAppLauncher.runApplication(EclipseAppLauncher.java:143)
2026-01-13 20:08:52,724 [ERROR] LogOutputStream:75 - [STDERR_REDIRECT] 	at org.eclipse.core.runtime.internal.adaptor.EclipseAppLauncher.start(EclipseAppLauncher.java:109)
2026-01-13 20:08:52,726 [ERROR] LogOutputStream:75 - [STDERR_REDIRECT] 	at org.eclipse.core.runtime.adaptor.EclipseStarter.run(EclipseStarter.java:439)
2026-01-13 20:08:52,727 [ERROR] LogOutputStream:75 - [STDERR_REDIRECT] 	at org.eclipse.core.runtime.adaptor.EclipseStarter.run(EclipseStarter.java:271)
2026-01-13 20:08:52,728 [ERROR] LogOutputStream:75 - [STDERR_REDIRECT] 	at java.base/jdk.internal.reflect.DirectMethodHandleAccessor.invoke(DirectMethodHandleAccessor.java:103)
2026-01-13 20:08:52,729 [ERROR] LogOutputStream:75 - [STDERR_REDIRECT] 	at java.base/java.lang.reflect.Method.invoke(Method.java:580)
2026-01-13 20:08:52,731 [ERROR] LogOutputStream:75 - [STDERR_REDIRECT] 	at org.eclipse.equinox.launcher.Main.invokeFramework(Main.java:668)
2026-01-13 20:08:52,732 [ERROR] LogOutputStream:75 - [STDERR_REDIRECT] 	at org.eclipse.equinox.launcher.Main.basicRun(Main.java:605)
2026-01-13 20:08:52,734 [ERROR] LogOutputStream:75 - [STDERR_REDIRECT] 	at org.eclipse.equinox.launcher.Main.run(Main.java:1481)
2026-01-13 20:09:41,743 [ERROR] LogOutputStream:75 - [STDERR_REDIRECT] org.eclipse.core.internal.resources.ResourceException(/LED_BLINK/LED_blink.launch)[275]: java.lang.Exception: A resource exists with a different case: '/LED_BLINK/LED_blink.launch'.
2026-01-13 20:09:41,747 [ERROR] LogOutputStream:75 - [STDERR_REDIRECT] 	at org.eclipse.core.internal.resources.ResourceException.provideStackTrace(ResourceException.java:42)
2026-01-13 20:09:41,749 [ERROR] LogOutputStream:75 - [STDERR_REDIRECT] 	at org.eclipse.core.internal.resources.ResourceException.<init>(ResourceException.java:38)
2026-01-13 20:09:41,753 [ERROR] LogOutputStream:75 - [STDERR_REDIRECT] 	at org.eclipse.core.internal.resources.Resource.checkDoesNotExist(Resource.java:352)
2026-01-13 20:09:41,756 [ERROR] LogOutputStream:75 - [STDERR_REDIRECT] 	at org.eclipse.core.internal.resources.Resource.checkDoesNotExist(Resource.java:330)
2026-01-13 20:09:41,757 [ERROR] LogOutputStream:75 - [STDERR_REDIRECT] 	at org.eclipse.core.internal.resources.File.checkCreatable(File.java:207)
2026-01-13 20:09:41,760 [ERROR] LogOutputStream:75 - [STDERR_REDIRECT] 	at org.eclipse.core.internal.resources.File.create(File.java:130)
2026-01-13 20:09:41,763 [ERROR] LogOutputStream:75 - [STDERR_REDIRECT] 	at org.eclipse.core.internal.resources.File.create(File.java:165)
2026-01-13 20:09:41,767 [ERROR] LogOutputStream:75 - [STDERR_REDIRECT] 	at org.eclipse.debug.internal.core.LaunchConfigurationWorkingCopy.writeNewFile(LaunchConfigurationWorkingCopy.java:357)
2026-01-13 20:09:41,770 [ERROR] LogOutputStream:75 - [STDERR_REDIRECT] 	at org.eclipse.debug.internal.core.LaunchConfigurationWorkingCopy.doSave0(LaunchConfigurationWorkingCopy.java:259)
2026-01-13 20:09:41,772 [ERROR] LogOutputStream:75 - [STDERR_REDIRECT] 	at org.eclipse.core.internal.resources.Workspace.run(Workspace.java:2451)
2026-01-13 20:09:41,776 [ERROR] LogOutputStream:75 - [STDERR_REDIRECT] 	at org.eclipse.core.internal.resources.Workspace.run(Workspace.java:2476)
2026-01-13 20:09:41,779 [ERROR] LogOutputStream:75 - [STDERR_REDIRECT] 	at org.eclipse.debug.internal.core.LaunchConfigurationWorkingCopy.doSave(LaunchConfigurationWorkingCopy.java:226)
2026-01-13 20:09:41,783 [ERROR] LogOutputStream:75 - [STDERR_REDIRECT] 	at org.eclipse.debug.internal.core.LaunchConfigurationWorkingCopy.doSave(LaunchConfigurationWorkingCopy.java:187)
2026-01-13 20:09:41,788 [ERROR] LogOutputStream:75 - [STDERR_REDIRECT] 	at com.st.stm32cube.ide.mcu.debug.launch.ui.MCUDebugLaunchShortcut.createConfiguration(MCUDebugLaunchShortcut.java:94)
2026-01-13 20:09:41,793 [ERROR] LogOutputStream:75 - [STDERR_REDIRECT] 	at com.st.stm32cube.ide.mcu.debug.launch.oss.ui.DebugLaunchShortcut.launch(DebugLaunchShortcut.java:63)
2026-01-13 20:09:41,796 [ERROR] LogOutputStream:75 - [STDERR_REDIRECT] 	at com.st.stm32cube.ide.mcu.debug.launch.oss.ui.DebugLaunchShortcut.searchAndLaunch(DebugLaunchShortcut.java:174)
2026-01-13 20:09:41,800 [ERROR] LogOutputStream:75 - [STDERR_REDIRECT] 	at com.st.stm32cube.ide.mcu.debug.launch.ui.MCUDebugLaunchShortcut.launch(MCUDebugLaunchShortcut.java:115)
2026-01-13 20:09:41,804 [ERROR] LogOutputStream:75 - [STDERR_REDIRECT] 	at org.eclipse.debug.internal.ui.launchConfigurations.LaunchShortcutExtension.launch(LaunchShortcutExtension.java:423)
2026-01-13 20:09:41,808 [ERROR] LogOutputStream:75 - [STDERR_REDIRECT] 	at org.eclipse.debug.internal.ui.actions.LaunchShortcutAction.runInternal(LaunchShortcutAction.java:99)
2026-01-13 20:09:41,811 [ERROR] LogOutputStream:75 - [STDERR_REDIRECT] 	at org.eclipse.debug.internal.ui.actions.LaunchShortcutAction.runWithEvent(LaunchShortcutAction.java:146)
2026-01-13 20:09:41,815 [ERROR] LogOutputStream:75 - [STDERR_REDIRECT] 	at org.eclipse.jface.action.ActionContributionItem.handleWidgetSelection(ActionContributionItem.java:581)
2026-01-13 20:09:41,818 [ERROR] LogOutputStream:75 - [STDERR_REDIRECT] 	at org.eclipse.jface.action.ActionContributionItem.lambda$4(ActionContributionItem.java:415)
2026-01-13 20:09:41,819 [ERROR] LogOutputStream:75 - [STDERR_REDIRECT] 	at org.eclipse.swt.widgets.EventTable.sendEvent(EventTable.java:91)
2026-01-13 20:09:41,820 [ERROR] LogOutputStream:75 - [STDERR_REDIRECT] 	at org.eclipse.swt.widgets.Display.sendEvent(Display.java:4326)
2026-01-13 20:09:41,823 [ERROR] LogOutputStream:75 - [STDERR_REDIRECT] 	at org.eclipse.swt.widgets.Widget.sendEvent(Widget.java:1174)
2026-01-13 20:09:41,825 [ERROR] LogOutputStream:75 - [STDERR_REDIRECT] 	at org.eclipse.swt.widgets.Widget.sendEvent(Widget.java:1198)
2026-01-13 20:09:41,827 [ERROR] LogOutputStream:75 - [STDERR_REDIRECT] 	at org.eclipse.swt.widgets.Widget.sendEvent(Widget.java:1183)
2026-01-13 20:09:41,829 [ERROR] LogOutputStream:75 - [STDERR_REDIRECT] 	at org.eclipse.swt.widgets.Widget.notifyListeners(Widget.java:853)
2026-01-13 20:09:41,832 [ERROR] LogOutputStream:75 - [STDERR_REDIRECT] 	at org.eclipse.jface.action.ActionContributionItem.lambda$8(ActionContributionItem.java:1206)
2026-01-13 20:09:41,833 [ERROR] LogOutputStream:75 - [STDERR_REDIRECT] 	at org.eclipse.swt.widgets.EventTable.sendEvent(EventTable.java:91)
2026-01-13 20:09:41,835 [ERROR] LogOutputStream:75 - [STDERR_REDIRECT] 	at org.eclipse.swt.widgets.Display.sendEvent(Display.java:4326)
2026-01-13 20:09:41,837 [ERROR] LogOutputStream:75 - [STDERR_REDIRECT] 	at org.eclipse.swt.widgets.Widget.sendEvent(Widget.java:1174)
2026-01-13 20:09:41,840 [ERROR] LogOutputStream:75 - [STDERR_REDIRECT] 	at org.eclipse.swt.widgets.Display.runDeferredEvents(Display.java:4124)
2026-01-13 20:09:41,841 [ERROR] LogOutputStream:75 - [STDERR_REDIRECT] 	at org.eclipse.swt.widgets.Display.readAndDispatch(Display.java:3712)
2026-01-13 20:09:41,843 [ERROR] LogOutputStream:75 - [STDERR_REDIRECT] 	at org.eclipse.e4.ui.internal.workbench.swt.PartRenderingEngine$5.run(PartRenderingEngine.java:1151)
2026-01-13 20:09:41,846 [ERROR] LogOutputStream:75 - [STDERR_REDIRECT] 	at org.eclipse.core.databinding.observable.Realm.runWithDefault(Realm.java:339)
2026-01-13 20:09:41,847 [ERROR] LogOutputStream:75 - [STDERR_REDIRECT] 	at org.eclipse.e4.ui.internal.workbench.swt.PartRenderingEngine.run(PartRenderingEngine.java:1042)
2026-01-13 20:09:41,848 [ERROR] LogOutputStream:75 - [STDERR_REDIRECT] 	at org.eclipse.e4.ui.internal.workbench.E4Workbench.createAndRunUI(E4Workbench.java:153)
2026-01-13 20:09:41,853 [ERROR] LogOutputStream:75 - [STDERR_REDIRECT] 	at org.eclipse.ui.internal.Workbench.lambda$3(Workbench.java:639)
2026-01-13 20:09:41,855 [ERROR] LogOutputStream:75 - [STDERR_REDIRECT] 	at org.eclipse.core.databinding.observable.Realm.runWithDefault(Realm.java:339)
2026-01-13 20:09:41,859 [ERROR] LogOutputStream:75 - [STDERR_REDIRECT] 	at org.eclipse.ui.internal.Workbench.createAndRunWorkbench(Workbench.java:546)
2026-01-13 20:09:41,861 [ERROR] LogOutputStream:75 - [STDERR_REDIRECT] 	at org.eclipse.ui.PlatformUI.createAndRunWorkbench(PlatformUI.java:173)
2026-01-13 20:09:41,863 [ERROR] LogOutputStream:75 - [STDERR_REDIRECT] 	at org.eclipse.ui.internal.ide.application.IDEApplication.start(IDEApplication.java:152)
2026-01-13 20:09:41,866 [ERROR] LogOutputStream:75 - [STDERR_REDIRECT] 	at org.eclipse.equinox.internal.app.EclipseAppHandle.run(EclipseAppHandle.java:208)
2026-01-13 20:09:41,867 [ERROR] LogOutputStream:75 - [STDERR_REDIRECT] 	at org.eclipse.core.runtime.internal.adaptor.EclipseAppLauncher.runApplication(EclipseAppLauncher.java:143)
2026-01-13 20:09:41,869 [ERROR] LogOutputStream:75 - [STDERR_REDIRECT] 	at org.eclipse.core.runtime.internal.adaptor.EclipseAppLauncher.start(EclipseAppLauncher.java:109)
2026-01-13 20:09:41,872 [ERROR] LogOutputStream:75 - [STDERR_REDIRECT] 	at org.eclipse.core.runtime.adaptor.EclipseStarter.run(EclipseStarter.java:439)
2026-01-13 20:09:41,873 [ERROR] LogOutputStream:75 - [STDERR_REDIRECT] 	at org.eclipse.core.runtime.adaptor.EclipseStarter.run(EclipseStarter.java:271)
2026-01-13 20:09:41,874 [ERROR] LogOutputStream:75 - [STDERR_REDIRECT] 	at java.base/jdk.internal.reflect.DirectMethodHandleAccessor.invoke(DirectMethodHandleAccessor.java:103)
2026-01-13 20:09:41,875 [ERROR] LogOutputStream:75 - [STDERR_REDIRECT] 	at java.base/java.lang.reflect.Method.invoke(Method.java:580)
2026-01-13 20:09:41,877 [ERROR] LogOutputStream:75 - [STDERR_REDIRECT] 	at org.eclipse.equinox.launcher.Main.invokeFramework(Main.java:668)
2026-01-13 20:09:41,879 [ERROR] LogOutputStream:75 - [STDERR_REDIRECT] 	at org.eclipse.equinox.launcher.Main.basicRun(Main.java:605)
2026-01-13 20:09:41,880 [ERROR] LogOutputStream:75 - [STDERR_REDIRECT] 	at org.eclipse.equinox.launcher.Main.run(Main.java:1481)
2026-01-13 20:09:53,829 [ERROR] LogOutputStream:75 - [STDERR_REDIRECT] org.eclipse.core.internal.resources.ResourceException(/LED_BLINK/LED_blink.launch)[275]: java.lang.Exception: A resource exists with a different case: '/LED_BLINK/LED_blink.launch'.
2026-01-13 20:09:53,830 [ERROR] LogOutputStream:75 - [STDERR_REDIRECT] 	at org.eclipse.core.internal.resources.ResourceException.provideStackTrace(ResourceException.java:42)
2026-01-13 20:09:53,832 [ERROR] LogOutputStream:75 - [STDERR_REDIRECT] 	at org.eclipse.core.internal.resources.ResourceException.<init>(ResourceException.java:38)
2026-01-13 20:09:53,833 [ERROR] LogOutputStream:75 - [STDERR_REDIRECT] 	at org.eclipse.core.internal.resources.Resource.checkDoesNotExist(Resource.java:352)
2026-01-13 20:09:53,834 [ERROR] LogOutputStream:75 - [STDERR_REDIRECT] 	at org.eclipse.core.internal.resources.Resource.checkDoesNotExist(Resource.java:330)
2026-01-13 20:09:53,835 [ERROR] LogOutputStream:75 - [STDERR_REDIRECT] 	at org.eclipse.core.internal.resources.File.checkCreatable(File.java:207)
2026-01-13 20:09:53,836 [ERROR] LogOutputStream:75 - [STDERR_REDIRECT] 	at org.eclipse.core.internal.resources.File.create(File.java:130)
2026-01-13 20:09:53,837 [ERROR] LogOutputStream:75 - [STDERR_REDIRECT] 	at org.eclipse.core.internal.resources.File.create(File.java:165)
2026-01-13 20:09:53,838 [ERROR] LogOutputStream:75 - [STDERR_REDIRECT] 	at org.eclipse.debug.internal.core.LaunchConfigurationWorkingCopy.writeNewFile(LaunchConfigurationWorkingCopy.java:357)
2026-01-13 20:09:53,840 [ERROR] LogOutputStream:75 - [STDERR_REDIRECT] 	at org.eclipse.debug.internal.core.LaunchConfigurationWorkingCopy.doSave0(LaunchConfigurationWorkingCopy.java:259)
2026-01-13 20:09:53,843 [ERROR] LogOutputStream:75 - [STDERR_REDIRECT] 	at org.eclipse.core.internal.resources.Workspace.run(Workspace.java:2451)
2026-01-13 20:09:53,845 [ERROR] LogOutputStream:75 - [STDERR_REDIRECT] 	at org.eclipse.core.internal.resources.Workspace.run(Workspace.java:2476)
2026-01-13 20:09:53,848 [ERROR] LogOutputStream:75 - [STDERR_REDIRECT] 	at org.eclipse.debug.internal.core.LaunchConfigurationWorkingCopy.doSave(LaunchConfigurationWorkingCopy.java:226)
2026-01-13 20:09:53,851 [ERROR] LogOutputStream:75 - [STDERR_REDIRECT] 	at org.eclipse.debug.internal.core.LaunchConfigurationWorkingCopy.doSave(LaunchConfigurationWorkingCopy.java:187)
2026-01-13 20:09:53,853 [ERROR] LogOutputStream:75 - [STDERR_REDIRECT] 	at com.st.stm32cube.ide.mcu.debug.launch.ui.MCUDebugLaunchShortcut.createConfiguration(MCUDebugLaunchShortcut.java:94)
2026-01-13 20:09:53,854 [ERROR] LogOutputStream:75 - [STDERR_REDIRECT] 	at com.st.stm32cube.ide.mcu.debug.launch.oss.ui.DebugLaunchShortcut.launch(DebugLaunchShortcut.java:63)
2026-01-13 20:09:53,857 [ERROR] LogOutputStream:75 - [STDERR_REDIRECT] 	at com.st.stm32cube.ide.mcu.debug.launch.oss.ui.DebugLaunchShortcut.searchAndLaunch(DebugLaunchShortcut.java:174)
2026-01-13 20:09:53,859 [ERROR] LogOutputStream:75 - [STDERR_REDIRECT] 	at com.st.stm32cube.ide.mcu.debug.launch.ui.MCUDebugLaunchShortcut.launch(MCUDebugLaunchShortcut.java:115)
2026-01-13 20:09:53,860 [ERROR] LogOutputStream:75 - [STDERR_REDIRECT] 	at org.eclipse.debug.internal.ui.launchConfigurations.LaunchShortcutExtension.launch(LaunchShortcutExtension.java:423)
2026-01-13 20:09:53,861 [ERROR] LogOutputStream:75 - [STDERR_REDIRECT] 	at org.eclipse.debug.internal.ui.actions.LaunchShortcutAction.runInternal(LaunchShortcutAction.java:99)
2026-01-13 20:09:53,865 [ERROR] LogOutputStream:75 - [STDERR_REDIRECT] 	at org.eclipse.debug.internal.ui.actions.LaunchShortcutAction.runWithEvent(LaunchShortcutAction.java:146)
2026-01-13 20:09:53,866 [ERROR] LogOutputStream:75 - [STDERR_REDIRECT] 	at org.eclipse.jface.action.ActionContributionItem.handleWidgetSelection(ActionContributionItem.java:581)
2026-01-13 20:09:53,868 [ERROR] LogOutputStream:75 - [STDERR_REDIRECT] 	at org.eclipse.jface.action.ActionContributionItem.lambda$4(ActionContributionItem.java:415)
2026-01-13 20:09:53,869 [ERROR] LogOutputStream:75 - [STDERR_REDIRECT] 	at org.eclipse.swt.widgets.EventTable.sendEvent(EventTable.java:91)
2026-01-13 20:09:53,871 [ERROR] LogOutputStream:75 - [STDERR_REDIRECT] 	at org.eclipse.swt.widgets.Display.sendEvent(Display.java:4326)
2026-01-13 20:09:53,872 [ERROR] LogOutputStream:75 - [STDERR_REDIRECT] 	at org.eclipse.swt.widgets.Widget.sendEvent(Widget.java:1174)
2026-01-13 20:09:53,873 [ERROR] LogOutputStream:75 - [STDERR_REDIRECT] 	at org.eclipse.swt.widgets.Widget.sendEvent(Widget.java:1198)
2026-01-13 20:09:53,874 [ERROR] LogOutputStream:75 - [STDERR_REDIRECT] 	at org.eclipse.swt.widgets.Widget.sendEvent(Widget.java:1183)
2026-01-13 20:09:53,875 [ERROR] LogOutputStream:75 - [STDERR_REDIRECT] 	at org.eclipse.swt.widgets.Widget.notifyListeners(Widget.java:853)
2026-01-13 20:09:53,876 [ERROR] LogOutputStream:75 - [STDERR_REDIRECT] 	at org.eclipse.jface.action.ActionContributionItem.lambda$8(ActionContributionItem.java:1206)
2026-01-13 20:09:53,877 [ERROR] LogOutputStream:75 - [STDERR_REDIRECT] 	at org.eclipse.swt.widgets.EventTable.sendEvent(EventTable.java:91)
2026-01-13 20:09:53,880 [ERROR] LogOutputStream:75 - [STDERR_REDIRECT] 	at org.eclipse.swt.widgets.Display.sendEvent(Display.java:4326)
2026-01-13 20:09:53,881 [ERROR] LogOutputStream:75 - [STDERR_REDIRECT] 	at org.eclipse.swt.widgets.Widget.sendEvent(Widget.java:1174)
2026-01-13 20:09:53,882 [ERROR] LogOutputStream:75 - [STDERR_REDIRECT] 	at org.eclipse.swt.widgets.Display.runDeferredEvents(Display.java:4124)
2026-01-13 20:09:53,884 [ERROR] LogOutputStream:75 - [STDERR_REDIRECT] 	at org.eclipse.swt.widgets.Display.readAndDispatch(Display.java:3712)
2026-01-13 20:09:53,886 [ERROR] LogOutputStream:75 - [STDERR_REDIRECT] 	at org.eclipse.e4.ui.internal.workbench.swt.PartRenderingEngine$5.run(PartRenderingEngine.java:1151)
2026-01-13 20:09:53,887 [ERROR] LogOutputStream:75 - [STDERR_REDIRECT] 	at org.eclipse.core.databinding.observable.Realm.runWithDefault(Realm.java:339)
2026-01-13 20:09:53,888 [ERROR] LogOutputStream:75 - [STDERR_REDIRECT] 	at org.eclipse.e4.ui.internal.workbench.swt.PartRenderingEngine.run(PartRenderingEngine.java:1042)
2026-01-13 20:09:53,890 [ERROR] LogOutputStream:75 - [STDERR_REDIRECT] 	at org.eclipse.e4.ui.internal.workbench.E4Workbench.createAndRunUI(E4Workbench.java:153)
2026-01-13 20:09:53,891 [ERROR] LogOutputStream:75 - [STDERR_REDIRECT] 	at org.eclipse.ui.internal.Workbench.lambda$3(Workbench.java:639)
2026-01-13 20:09:53,893 [ERROR] LogOutputStream:75 - [STDERR_REDIRECT] 	at org.eclipse.core.databinding.observable.Realm.runWithDefault(Realm.java:339)
2026-01-13 20:09:53,895 [ERROR] LogOutputStream:75 - [STDERR_REDIRECT] 	at org.eclipse.ui.internal.Workbench.createAndRunWorkbench(Workbench.java:546)
2026-01-13 20:09:53,897 [ERROR] LogOutputStream:75 - [STDERR_REDIRECT] 	at org.eclipse.ui.PlatformUI.createAndRunWorkbench(PlatformUI.java:173)
2026-01-13 20:09:53,899 [ERROR] LogOutputStream:75 - [STDERR_REDIRECT] 	at org.eclipse.ui.internal.ide.application.IDEApplication.start(IDEApplication.java:152)
2026-01-13 20:09:53,902 [ERROR] LogOutputStream:75 - [STDERR_REDIRECT] 	at org.eclipse.equinox.internal.app.EclipseAppHandle.run(EclipseAppHandle.java:208)
2026-01-13 20:09:53,904 [ERROR] LogOutputStream:75 - [STDERR_REDIRECT] 	at org.eclipse.core.runtime.internal.adaptor.EclipseAppLauncher.runApplication(EclipseAppLauncher.java:143)
2026-01-13 20:09:53,906 [ERROR] LogOutputStream:75 - [STDERR_REDIRECT] 	at org.eclipse.core.runtime.internal.adaptor.EclipseAppLauncher.start(EclipseAppLauncher.java:109)
2026-01-13 20:09:53,908 [ERROR] LogOutputStream:75 - [STDERR_REDIRECT] 	at org.eclipse.core.runtime.adaptor.EclipseStarter.run(EclipseStarter.java:439)
2026-01-13 20:09:53,910 [ERROR] LogOutputStream:75 - [STDERR_REDIRECT] 	at org.eclipse.core.runtime.adaptor.EclipseStarter.run(EclipseStarter.java:271)
2026-01-13 20:09:53,912 [ERROR] LogOutputStream:75 - [STDERR_REDIRECT] 	at java.base/jdk.internal.reflect.DirectMethodHandleAccessor.invoke(DirectMethodHandleAccessor.java:103)
2026-01-13 20:09:53,914 [ERROR] LogOutputStream:75 - [STDERR_REDIRECT] 	at java.base/java.lang.reflect.Method.invoke(Method.java:580)
2026-01-13 20:09:53,915 [ERROR] LogOutputStream:75 - [STDERR_REDIRECT] 	at org.eclipse.equinox.launcher.Main.invokeFramework(Main.java:668)
2026-01-13 20:09:53,916 [ERROR] LogOutputStream:75 - [STDERR_REDIRECT] 	at org.eclipse.equinox.launcher.Main.basicRun(Main.java:605)
2026-01-13 20:09:53,918 [ERROR] LogOutputStream:75 - [STDERR_REDIRECT] 	at org.eclipse.equinox.launcher.Main.run(Main.java:1481)
2026-01-13 20:10:47,959 [ERROR] LogOutputStream:75 - [STDERR_REDIRECT] org.eclipse.core.internal.resources.ResourceException(/LED_BLINK/LED_blink.launch)[275]: java.lang.Exception: A resource exists with a different case: '/LED_BLINK/LED_blink.launch'.
2026-01-13 20:10:47,960 [ERROR] LogOutputStream:75 - [STDERR_REDIRECT] 	at org.eclipse.core.internal.resources.ResourceException.provideStackTrace(ResourceException.java:42)
2026-01-13 20:10:47,961 [ERROR] LogOutputStream:75 - [STDERR_REDIRECT] 	at org.eclipse.core.internal.resources.ResourceException.<init>(ResourceException.java:38)
2026-01-13 20:10:47,962 [ERROR] LogOutputStream:75 - [STDERR_REDIRECT] 	at org.eclipse.core.internal.resources.Resource.checkDoesNotExist(Resource.java:352)
2026-01-13 20:10:47,963 [ERROR] LogOutputStream:75 - [STDERR_REDIRECT] 	at org.eclipse.core.internal.resources.Resource.checkDoesNotExist(Resource.java:330)
2026-01-13 20:10:47,965 [ERROR] LogOutputStream:75 - [STDERR_REDIRECT] 	at org.eclipse.core.internal.resources.File.checkCreatable(File.java:207)
2026-01-13 20:10:47,966 [ERROR] LogOutputStream:75 - [STDERR_REDIRECT] 	at org.eclipse.core.internal.resources.File.create(File.java:130)
2026-01-13 20:10:47,968 [ERROR] LogOutputStream:75 - [STDERR_REDIRECT] 	at org.eclipse.core.internal.resources.File.create(File.java:165)
2026-01-13 20:10:47,969 [ERROR] LogOutputStream:75 - [STDERR_REDIRECT] 	at org.eclipse.debug.internal.core.LaunchConfigurationWorkingCopy.writeNewFile(LaunchConfigurationWorkingCopy.java:357)
2026-01-13 20:10:47,970 [ERROR] LogOutputStream:75 - [STDERR_REDIRECT] 	at org.eclipse.debug.internal.core.LaunchConfigurationWorkingCopy.doSave0(LaunchConfigurationWorkingCopy.java:259)
2026-01-13 20:10:47,971 [ERROR] LogOutputStream:75 - [STDERR_REDIRECT] 	at org.eclipse.core.internal.resources.Workspace.run(Workspace.java:2451)
2026-01-13 20:10:47,973 [ERROR] LogOutputStream:75 - [STDERR_REDIRECT] 	at org.eclipse.core.internal.resources.Workspace.run(Workspace.java:2476)
2026-01-13 20:10:47,975 [ERROR] LogOutputStream:75 - [STDERR_REDIRECT] 	at org.eclipse.debug.internal.core.LaunchConfigurationWorkingCopy.doSave(LaunchConfigurationWorkingCopy.java:226)
2026-01-13 20:10:47,976 [ERROR] LogOutputStream:75 - [STDERR_REDIRECT] 	at org.eclipse.debug.internal.core.LaunchConfigurationWorkingCopy.doSave(LaunchConfigurationWorkingCopy.java:187)
2026-01-13 20:10:47,977 [ERROR] LogOutputStream:75 - [STDERR_REDIRECT] 	at com.st.stm32cube.ide.mcu.debug.launch.ui.MCUDebugLaunchShortcut.createConfiguration(MCUDebugLaunchShortcut.java:94)
2026-01-13 20:10:47,980 [ERROR] LogOutputStream:75 - [STDERR_REDIRECT] 	at com.st.stm32cube.ide.mcu.debug.launch.oss.ui.DebugLaunchShortcut.launch(DebugLaunchShortcut.java:63)
2026-01-13 20:10:47,983 [ERROR] LogOutputStream:75 - [STDERR_REDIRECT] 	at com.st.stm32cube.ide.mcu.debug.launch.oss.ui.DebugLaunchShortcut.searchAndLaunch(DebugLaunchShortcut.java:174)
2026-01-13 20:10:47,984 [ERROR] LogOutputStream:75 - [STDERR_REDIRECT] 	at com.st.stm32cube.ide.mcu.debug.launch.ui.MCUDebugLaunchShortcut.launch(MCUDebugLaunchShortcut.java:115)
2026-01-13 20:10:47,986 [ERROR] LogOutputStream:75 - [STDERR_REDIRECT] 	at org.eclipse.debug.internal.ui.launchConfigurations.LaunchShortcutExtension.launch(LaunchShortcutExtension.java:423)
2026-01-13 20:10:47,988 [ERROR] LogOutputStream:75 - [STDERR_REDIRECT] 	at org.eclipse.debug.internal.ui.actions.LaunchShortcutAction.runInternal(LaunchShortcutAction.java:99)
2026-01-13 20:10:47,990 [ERROR] LogOutputStream:75 - [STDERR_REDIRECT] 	at org.eclipse.debug.internal.ui.actions.LaunchShortcutAction.runWithEvent(LaunchShortcutAction.java:146)
2026-01-13 20:10:47,991 [ERROR] LogOutputStream:75 - [STDERR_REDIRECT] 	at org.eclipse.jface.action.ActionContributionItem.handleWidgetSelection(ActionContributionItem.java:581)
2026-01-13 20:10:47,993 [ERROR] LogOutputStream:75 - [STDERR_REDIRECT] 	at org.eclipse.jface.action.ActionContributionItem.lambda$4(ActionContributionItem.java:415)
2026-01-13 20:10:47,995 [ERROR] LogOutputStream:75 - [STDERR_REDIRECT] 	at org.eclipse.swt.widgets.EventTable.sendEvent(EventTable.java:91)
2026-01-13 20:10:47,996 [ERROR] LogOutputStream:75 - [STDERR_REDIRECT] 	at org.eclipse.swt.widgets.Display.sendEvent(Display.java:4326)
2026-01-13 20:10:47,997 [ERROR] LogOutputStream:75 - [STDERR_REDIRECT] 	at org.eclipse.swt.widgets.Widget.sendEvent(Widget.java:1174)
2026-01-13 20:10:47,998 [ERROR] LogOutputStream:75 - [STDERR_REDIRECT] 	at org.eclipse.swt.widgets.Widget.sendEvent(Widget.java:1198)
2026-01-13 20:10:47,999 [ERROR] LogOutputStream:75 - [STDERR_REDIRECT] 	at org.eclipse.swt.widgets.Widget.sendEvent(Widget.java:1183)
2026-01-13 20:10:48,000 [ERROR] LogOutputStream:75 - [STDERR_REDIRECT] 	at org.eclipse.swt.widgets.Widget.notifyListeners(Widget.java:853)
2026-01-13 20:10:48,003 [ERROR] LogOutputStream:75 - [STDERR_REDIRECT] 	at org.eclipse.jface.action.ActionContributionItem.lambda$8(ActionContributionItem.java:1206)
2026-01-13 20:10:48,004 [ERROR] LogOutputStream:75 - [STDERR_REDIRECT] 	at org.eclipse.swt.widgets.EventTable.sendEvent(EventTable.java:91)
2026-01-13 20:10:48,005 [ERROR] LogOutputStream:75 - [STDERR_REDIRECT] 	at org.eclipse.swt.widgets.Display.sendEvent(Display.java:4326)
2026-01-13 20:10:48,005 [ERROR] LogOutputStream:75 - [STDERR_REDIRECT] 	at org.eclipse.swt.widgets.Widget.sendEvent(Widget.java:1174)
2026-01-13 20:10:48,007 [ERROR] LogOutputStream:75 - [STDERR_REDIRECT] 	at org.eclipse.swt.widgets.Display.runDeferredEvents(Display.java:4124)
2026-01-13 20:10:48,008 [ERROR] LogOutputStream:75 - [STDERR_REDIRECT] 	at org.eclipse.swt.widgets.Display.readAndDispatch(Display.java:3712)
2026-01-13 20:10:48,011 [ERROR] LogOutputStream:75 - [STDERR_REDIRECT] 	at org.eclipse.e4.ui.internal.workbench.swt.PartRenderingEngine$5.run(PartRenderingEngine.java:1151)
2026-01-13 20:10:48,012 [ERROR] LogOutputStream:75 - [STDERR_REDIRECT] 	at org.eclipse.core.databinding.observable.Realm.runWithDefault(Realm.java:339)
2026-01-13 20:10:48,014 [ERROR] LogOutputStream:75 - [STDERR_REDIRECT] 	at org.eclipse.e4.ui.internal.workbench.swt.PartRenderingEngine.run(PartRenderingEngine.java:1042)
2026-01-13 20:10:48,015 [ERROR] LogOutputStream:75 - [STDERR_REDIRECT] 	at org.eclipse.e4.ui.internal.workbench.E4Workbench.createAndRunUI(E4Workbench.java:153)
2026-01-13 20:10:48,017 [ERROR] LogOutputStream:75 - [STDERR_REDIRECT] 	at org.eclipse.ui.internal.Workbench.lambda$3(Workbench.java:639)
2026-01-13 20:10:48,018 [ERROR] LogOutputStream:75 - [STDERR_REDIRECT] 	at org.eclipse.core.databinding.observable.Realm.runWithDefault(Realm.java:339)
2026-01-13 20:10:48,019 [ERROR] LogOutputStream:75 - [STDERR_REDIRECT] 	at org.eclipse.ui.internal.Workbench.createAndRunWorkbench(Workbench.java:546)
2026-01-13 20:10:48,020 [ERROR] LogOutputStream:75 - [STDERR_REDIRECT] 	at org.eclipse.ui.PlatformUI.createAndRunWorkbench(PlatformUI.java:173)
2026-01-13 20:10:48,022 [ERROR] LogOutputStream:75 - [STDERR_REDIRECT] 	at org.eclipse.ui.internal.ide.application.IDEApplication.start(IDEApplication.java:152)
2026-01-13 20:10:48,024 [ERROR] LogOutputStream:75 - [STDERR_REDIRECT] 	at org.eclipse.equinox.internal.app.EclipseAppHandle.run(EclipseAppHandle.java:208)
2026-01-13 20:10:48,025 [ERROR] LogOutputStream:75 - [STDERR_REDIRECT] 	at org.eclipse.core.runtime.internal.adaptor.EclipseAppLauncher.runApplication(EclipseAppLauncher.java:143)
2026-01-13 20:10:48,026 [ERROR] LogOutputStream:75 - [STDERR_REDIRECT] 	at org.eclipse.core.runtime.internal.adaptor.EclipseAppLauncher.start(EclipseAppLauncher.java:109)
2026-01-13 20:10:48,028 [ERROR] LogOutputStream:75 - [STDERR_REDIRECT] 	at org.eclipse.core.runtime.adaptor.EclipseStarter.run(EclipseStarter.java:439)
2026-01-13 20:10:48,030 [ERROR] LogOutputStream:75 - [STDERR_REDIRECT] 	at org.eclipse.core.runtime.adaptor.EclipseStarter.run(EclipseStarter.java:271)
2026-01-13 20:10:48,031 [ERROR] LogOutputStream:75 - [STDERR_REDIRECT] 	at java.base/jdk.internal.reflect.DirectMethodHandleAccessor.invoke(DirectMethodHandleAccessor.java:103)
2026-01-13 20:10:48,032 [ERROR] LogOutputStream:75 - [STDERR_REDIRECT] 	at java.base/java.lang.reflect.Method.invoke(Method.java:580)
2026-01-13 20:10:48,033 [ERROR] LogOutputStream:75 - [STDERR_REDIRECT] 	at org.eclipse.equinox.launcher.Main.invokeFramework(Main.java:668)
2026-01-13 20:10:48,034 [ERROR] LogOutputStream:75 - [STDERR_REDIRECT] 	at org.eclipse.equinox.launcher.Main.basicRun(Main.java:605)
2026-01-13 20:10:48,035 [ERROR] LogOutputStream:75 - [STDERR_REDIRECT] 	at org.eclipse.equinox.launcher.Main.run(Main.java:1481)
2026-01-13 20:11:05,769 [ERROR] LogOutputStream:75 - [STDERR_REDIRECT] org.eclipse.core.internal.resources.ResourceException(/LED_BLINK/LED_blink.launch)[275]: java.lang.Exception: A resource exists with a different case: '/LED_BLINK/LED_blink.launch'.
2026-01-13 20:11:05,771 [ERROR] LogOutputStream:75 - [STDERR_REDIRECT] 	at org.eclipse.core.internal.resources.ResourceException.provideStackTrace(ResourceException.java:42)
2026-01-13 20:11:05,773 [ERROR] LogOutputStream:75 - [STDERR_REDIRECT] 	at org.eclipse.core.internal.resources.ResourceException.<init>(ResourceException.java:38)
2026-01-13 20:11:05,774 [ERROR] LogOutputStream:75 - [STDERR_REDIRECT] 	at org.eclipse.core.internal.resources.Resource.checkDoesNotExist(Resource.java:352)
2026-01-13 20:11:05,775 [ERROR] LogOutputStream:75 - [STDERR_REDIRECT] 	at org.eclipse.core.internal.resources.Resource.checkDoesNotExist(Resource.java:330)
2026-01-13 20:11:05,776 [ERROR] LogOutputStream:75 - [STDERR_REDIRECT] 	at org.eclipse.core.internal.resources.File.checkCreatable(File.java:207)
2026-01-13 20:11:05,777 [ERROR] LogOutputStream:75 - [STDERR_REDIRECT] 	at org.eclipse.core.internal.resources.File.create(File.java:130)
2026-01-13 20:11:05,778 [ERROR] LogOutputStream:75 - [STDERR_REDIRECT] 	at org.eclipse.core.internal.resources.File.create(File.java:165)
2026-01-13 20:11:05,781 [ERROR] LogOutputStream:75 - [STDERR_REDIRECT] 	at org.eclipse.debug.internal.core.LaunchConfigurationWorkingCopy.writeNewFile(LaunchConfigurationWorkingCopy.java:357)
2026-01-13 20:11:05,782 [ERROR] LogOutputStream:75 - [STDERR_REDIRECT] 	at org.eclipse.debug.internal.core.LaunchConfigurationWorkingCopy.doSave0(LaunchConfigurationWorkingCopy.java:259)
2026-01-13 20:11:05,783 [ERROR] LogOutputStream:75 - [STDERR_REDIRECT] 	at org.eclipse.core.internal.resources.Workspace.run(Workspace.java:2451)
2026-01-13 20:11:05,785 [ERROR] LogOutputStream:75 - [STDERR_REDIRECT] 	at org.eclipse.core.internal.resources.Workspace.run(Workspace.java:2476)
2026-01-13 20:11:05,787 [ERROR] LogOutputStream:75 - [STDERR_REDIRECT] 	at org.eclipse.debug.internal.core.LaunchConfigurationWorkingCopy.doSave(LaunchConfigurationWorkingCopy.java:226)
2026-01-13 20:11:05,788 [ERROR] LogOutputStream:75 - [STDERR_REDIRECT] 	at org.eclipse.debug.internal.core.LaunchConfigurationWorkingCopy.doSave(LaunchConfigurationWorkingCopy.java:187)
2026-01-13 20:11:05,789 [ERROR] LogOutputStream:75 - [STDERR_REDIRECT] 	at com.st.stm32cube.ide.mcu.debug.launch.ui.MCUDebugLaunchShortcut.createConfiguration(MCUDebugLaunchShortcut.java:94)
2026-01-13 20:11:05,792 [ERROR] LogOutputStream:75 - [STDERR_REDIRECT] 	at com.st.stm32cube.ide.mcu.debug.launch.oss.ui.DebugLaunchShortcut.launch(DebugLaunchShortcut.java:63)
2026-01-13 20:11:05,794 [ERROR] LogOutputStream:75 - [STDERR_REDIRECT] 	at com.st.stm32cube.ide.mcu.debug.launch.oss.ui.DebugLaunchShortcut.searchAndLaunch(DebugLaunchShortcut.java:174)
2026-01-13 20:11:05,795 [ERROR] LogOutputStream:75 - [STDERR_REDIRECT] 	at com.st.stm32cube.ide.mcu.debug.launch.ui.MCUDebugLaunchShortcut.launch(MCUDebugLaunchShortcut.java:115)
2026-01-13 20:11:05,796 [ERROR] LogOutputStream:75 - [STDERR_REDIRECT] 	at org.eclipse.debug.internal.ui.launchConfigurations.LaunchShortcutExtension.launch(LaunchShortcutExtension.java:423)
2026-01-13 20:11:05,798 [ERROR] LogOutputStream:75 - [STDERR_REDIRECT] 	at org.eclipse.debug.internal.ui.actions.LaunchShortcutAction.runInternal(LaunchShortcutAction.java:99)
2026-01-13 20:11:05,800 [ERROR] LogOutputStream:75 - [STDERR_REDIRECT] 	at org.eclipse.debug.internal.ui.actions.LaunchShortcutAction.runWithEvent(LaunchShortcutAction.java:146)
2026-01-13 20:11:05,802 [ERROR] LogOutputStream:75 - [STDERR_REDIRECT] 	at org.eclipse.jface.action.ActionContributionItem.handleWidgetSelection(ActionContributionItem.java:581)
2026-01-13 20:11:05,803 [ERROR] LogOutputStream:75 - [STDERR_REDIRECT] 	at org.eclipse.jface.action.ActionContributionItem.lambda$4(ActionContributionItem.java:415)
2026-01-13 20:11:05,804 [ERROR] LogOutputStream:75 - [STDERR_REDIRECT] 	at org.eclipse.swt.widgets.EventTable.sendEvent(EventTable.java:91)
2026-01-13 20:11:05,805 [ERROR] LogOutputStream:75 - [STDERR_REDIRECT] 	at org.eclipse.swt.widgets.Display.sendEvent(Display.java:4326)
2026-01-13 20:11:05,807 [ERROR] LogOutputStream:75 - [STDERR_REDIRECT] 	at org.eclipse.swt.widgets.Widget.sendEvent(Widget.java:1174)
2026-01-13 20:11:05,809 [ERROR] LogOutputStream:75 - [STDERR_REDIRECT] 	at org.eclipse.swt.widgets.Widget.sendEvent(Widget.java:1198)
2026-01-13 20:11:05,810 [ERROR] LogOutputStream:75 - [STDERR_REDIRECT] 	at org.eclipse.swt.widgets.Widget.sendEvent(Widget.java:1183)
2026-01-13 20:11:05,811 [ERROR] LogOutputStream:75 - [STDERR_REDIRECT] 	at org.eclipse.swt.widgets.Widget.notifyListeners(Widget.java:853)
2026-01-13 20:11:05,813 [ERROR] LogOutputStream:75 - [STDERR_REDIRECT] 	at org.eclipse.jface.action.ActionContributionItem.lambda$8(ActionContributionItem.java:1206)
2026-01-13 20:11:05,815 [ERROR] LogOutputStream:75 - [STDERR_REDIRECT] 	at org.eclipse.swt.widgets.EventTable.sendEvent(EventTable.java:91)
2026-01-13 20:11:05,815 [ERROR] LogOutputStream:75 - [STDERR_REDIRECT] 	at org.eclipse.swt.widgets.Display.sendEvent(Display.java:4326)
2026-01-13 20:11:05,816 [ERROR] LogOutputStream:75 - [STDERR_REDIRECT] 	at org.eclipse.swt.widgets.Widget.sendEvent(Widget.java:1174)
2026-01-13 20:11:05,817 [ERROR] LogOutputStream:75 - [STDERR_REDIRECT] 	at org.eclipse.swt.widgets.Display.runDeferredEvents(Display.java:4124)
2026-01-13 20:11:05,818 [ERROR] LogOutputStream:75 - [STDERR_REDIRECT] 	at org.eclipse.swt.widgets.Display.readAndDispatch(Display.java:3712)
2026-01-13 20:11:05,821 [ERROR] LogOutputStream:75 - [STDERR_REDIRECT] 	at org.eclipse.e4.ui.internal.workbench.swt.PartRenderingEngine$5.run(PartRenderingEngine.java:1151)
2026-01-13 20:11:05,822 [ERROR] LogOutputStream:75 - [STDERR_REDIRECT] 	at org.eclipse.core.databinding.observable.Realm.runWithDefault(Realm.java:339)
2026-01-13 20:11:05,823 [ERROR] LogOutputStream:75 - [STDERR_REDIRECT] 	at org.eclipse.e4.ui.internal.workbench.swt.PartRenderingEngine.run(PartRenderingEngine.java:1042)
2026-01-13 20:11:05,824 [ERROR] LogOutputStream:75 - [STDERR_REDIRECT] 	at org.eclipse.e4.ui.internal.workbench.E4Workbench.createAndRunUI(E4Workbench.java:153)
2026-01-13 20:11:05,825 [ERROR] LogOutputStream:75 - [STDERR_REDIRECT] 	at org.eclipse.ui.internal.Workbench.lambda$3(Workbench.java:639)
2026-01-13 20:11:05,827 [ERROR] LogOutputStream:75 - [STDERR_REDIRECT] 	at org.eclipse.core.databinding.observable.Realm.runWithDefault(Realm.java:339)
2026-01-13 20:11:05,828 [ERROR] LogOutputStream:75 - [STDERR_REDIRECT] 	at org.eclipse.ui.internal.Workbench.createAndRunWorkbench(Workbench.java:546)
2026-01-13 20:11:05,829 [ERROR] LogOutputStream:75 - [STDERR_REDIRECT] 	at org.eclipse.ui.PlatformUI.createAndRunWorkbench(PlatformUI.java:173)
2026-01-13 20:11:05,830 [ERROR] LogOutputStream:75 - [STDERR_REDIRECT] 	at org.eclipse.ui.internal.ide.application.IDEApplication.start(IDEApplication.java:152)
2026-01-13 20:11:05,831 [ERROR] LogOutputStream:75 - [STDERR_REDIRECT] 	at org.eclipse.equinox.internal.app.EclipseAppHandle.run(EclipseAppHandle.java:208)
2026-01-13 20:11:05,833 [ERROR] LogOutputStream:75 - [STDERR_REDIRECT] 	at org.eclipse.core.runtime.internal.adaptor.EclipseAppLauncher.runApplication(EclipseAppLauncher.java:143)
2026-01-13 20:11:05,835 [ERROR] LogOutputStream:75 - [STDERR_REDIRECT] 	at org.eclipse.core.runtime.internal.adaptor.EclipseAppLauncher.start(EclipseAppLauncher.java:109)
2026-01-13 20:11:05,836 [ERROR] LogOutputStream:75 - [STDERR_REDIRECT] 	at org.eclipse.core.runtime.adaptor.EclipseStarter.run(EclipseStarter.java:439)
2026-01-13 20:11:05,837 [ERROR] LogOutputStream:75 - [STDERR_REDIRECT] 	at org.eclipse.core.runtime.adaptor.EclipseStarter.run(EclipseStarter.java:271)
2026-01-13 20:11:05,838 [ERROR] LogOutputStream:75 - [STDERR_REDIRECT] 	at java.base/jdk.internal.reflect.DirectMethodHandleAccessor.invoke(DirectMethodHandleAccessor.java:103)
2026-01-13 20:11:05,839 [ERROR] LogOutputStream:75 - [STDERR_REDIRECT] 	at java.base/java.lang.reflect.Method.invoke(Method.java:580)
2026-01-13 20:11:05,840 [ERROR] LogOutputStream:75 - [STDERR_REDIRECT] 	at org.eclipse.equinox.launcher.Main.invokeFramework(Main.java:668)
2026-01-13 20:11:05,842 [ERROR] LogOutputStream:75 - [STDERR_REDIRECT] 	at org.eclipse.equinox.launcher.Main.basicRun(Main.java:605)
2026-01-13 20:11:05,843 [ERROR] LogOutputStream:75 - [STDERR_REDIRECT] 	at org.eclipse.equinox.launcher.Main.run(Main.java:1481)
2026-01-13 21:15:26,597 [INFO] Activator:176 - 


2026-01-13 21:15:26,600 [INFO] Activator:177 - !SESSION log4j initialized
2026-01-13 21:15:31,426 [INFO] LogOutputStream:77 - [STDOUT_REDIRECT] 
